 addon

 Timestamp is 5a8a8ddf (Mon Feb 19 14:12:07 2018)

 Preferred load address is 0000000180000000

 Start         Length     Name                   Class
 0001:00000000 00000110H .text$di                CODE
 0001:00000110 00023800H .text$mn                CODE
 0001:00023910 00000020H .text$mn$00             CODE
 0001:00023930 000004d0H .text$x                 CODE
 0001:00023e00 00000174H .text$yd                CODE
 0002:00000000 000002a8H .idata$5                DATA
 0002:000002a8 00000010H .00cfg                  DATA
 0002:000002b8 00000008H .CRT$XCA                DATA
 0002:000002c0 00000038H .CRT$XCC                DATA
 0002:000002f8 00000010H .CRT$XCL                DATA
 0002:00000308 00000008H .CRT$XCU                DATA
 0002:00000310 00000008H .CRT$XCZ                DATA
 0002:00000318 00000008H .CRT$XIA                DATA
 0002:00000320 00000030H .CRT$XIC                DATA
 0002:00000350 00000008H .CRT$XIZ                DATA
 0002:00000358 00000008H .CRT$XLA                DATA
 0002:00000360 00000008H .CRT$XLZ                DATA
 0002:00000368 00000008H .CRT$XPA                DATA
 0002:00000370 00000010H .CRT$XPX                DATA
 0002:00000380 00000008H .CRT$XPXA               DATA
 0002:00000388 00000008H .CRT$XPZ                DATA
 0002:00000390 00000008H .CRT$XTA                DATA
 0002:00000398 00000008H .CRT$XTZ                DATA
 0002:000003a0 0000fd98H .rdata                  DATA
 0002:00010138 00000028H .rdata$T                DATA
 0002:00010160 00001064H .rdata$r                DATA
 0002:000111c4 0000047cH .rdata$zzzdbg           DATA
 0002:00011640 00000008H .rtc$IAA                DATA
 0002:00011648 00000008H .rtc$IZZ                DATA
 0002:00011650 00000008H .rtc$TAA                DATA
 0002:00011658 00000008H .rtc$TZZ                DATA
 0002:00011660 00001ea0H .xdata                  DATA
 0002:00013500 000002a4H .xdata$x                DATA
 0002:000137a4 00000020H .didat$2                DATA
 0002:000137c4 00000024H .didat$3                DATA
 0002:000137e8 00000060H .didat$4                DATA
 0002:00013848 000002d0H .didat$6                DATA
 0002:00013b18 00000068H .didat$7                DATA
 0002:00013b80 00000050H .edata                  DATA
 0002:00013bd0 00000014H .idata$2                DATA
 0002:00013be4 00000014H .idata$3                DATA
 0002:00013bf8 000002a8H .idata$4                DATA
 0002:00013ea0 0000061aH .idata$6                DATA
 0003:00000000 00000b90H .data                   DATA
 0003:00000b90 00000620H .data$r                 DATA
 0003:000011b0 00000060H .didat$5                DATA
 0003:00001210 0000198cH .bss                    DATA
 0004:00000000 000020a0H .pdata                  DATA
 0005:00000000 000000b4H .gfids$x                DATA
 0005:000000b4 00000238H .gfids$y                DATA
 0006:00000000 00000004H .tls                    DATA
 0006:00000004 00000004H .tls$                   DATA
 0006:00000008 00000001H .tls$ZZZ                DATA
 0007:00000000 00000060H .rsrc$01                DATA
 0007:00000060 00000180H .rsrc$02                DATA

  Address         Publics by Value              Rva+Base               Lib:Object

 0000:00000000       __guard_iat_table          0000000000000000     <absolute>
 0000:00000000       __dynamic_value_reloc_table 0000000000000000     <absolute>
 0000:00000000       __guard_iat_count          0000000000000000     <absolute>
 0000:00000000       __guard_longjmp_table      0000000000000000     <absolute>
 0000:00000000       __guard_longjmp_count      0000000000000000     <absolute>
 0000:00000000       __guard_fids_count         0000000000000000     <absolute>
 0000:00000000       ___safe_se_handler_table   0000000000000000     <absolute>
 0000:00000000       ___safe_se_handler_count   0000000000000000     <absolute>
 0000:00000000       __guard_fids_table         0000000000000000     <absolute>
 0000:00000100       __guard_flags              0000000000000100     <absolute>
 0000:00000000       __ImageBase                0000000180000000     <linker-defined>
 0001:00000110       __local_stdio_printf_options 0000000180001110 f i hello.obj
 0001:00000120       sprintf_s                  0000000180001120 f i hello.obj
 0001:00000180       ?what@exception@stdext@@UEBAPEBDXZ 0000000180001180 f i hello.obj
 0001:000001a0       __except_validate_context_record 00000001800011a0 f i libvcruntime:jbcxrval.obj
 0001:000001a0       ?_Lock@?$basic_streambuf@DU?$char_traits@D@std@@@std@@UEAAXXZ 00000001800011a0 f i libcpmt:cout.obj
 0001:000001a0       _guard_check_icall_nop     00000001800011a0 f i LIBCMT:guard_support.obj
 0001:000001a0       ?imbue@?$basic_streambuf@DU?$char_traits@D@std@@@std@@MEAAXAEBVlocale@2@@Z 00000001800011a0 f i libcpmt:cout.obj
 0001:000001a0       ?_Doraise@exception@stdext@@MEBAXXZ 00000001800011a0 f i hello.obj
 0001:000001a0       ?_Unlock@?$basic_streambuf@DU?$char_traits@D@std@@@std@@UEAAXXZ 00000001800011a0 f i libcpmt:cout.obj
 0001:000001b0       ??_Eexception@stdext@@UEAAPEAXI@Z 00000001800011b0 f i * CIL library *:* CIL module *
 0001:000001b0       ??_Gruntime_error@std@@UEAAPEAXI@Z 00000001800011b0 f i hello.obj
 0001:000001b0       ??_Eruntime_error@std@@UEAAPEAXI@Z 00000001800011b0 f i * CIL library *:* CIL module *
 0001:000001b0       ??_Gexception@stdext@@UEAAPEAXI@Z 00000001800011b0 f i hello.obj
 0001:000001e0       ?_Deallocate@std@@YAXPEAX_K1@Z 00000001800011e0 f i hello.obj
 0001:00000250       ?NODE_SET_METHOD@node@@YAXV?$Local@VObject@v8@@@v8@@PEBDP6AXAEBV?$FunctionCallbackInfo@VValue@v8@@@3@@Z@Z 0000000180001250 f i hello.obj
 0001:00000330       ??0_Locinfo@std@@QEAA@PEBD@Z 0000000180001330 f i hello.obj
 0001:000003f0       ??1_Locinfo@std@@QEAA@XZ   00000001800013f0 f i hello.obj
 0001:00000490       ??_G_Facet_base@std@@UEAAPEAXI@Z 0000000180001490 f i hello.obj
 0001:00000490       ??_E_Facet_base@std@@UEAAPEAXI@Z 0000000180001490 f i * CIL library *:* CIL module *
 0001:000004c0       ?_Incref@facet@locale@std@@UEAAXXZ 00000001800014c0 f i hello.obj
 0001:000004d0       ?_Decref@facet@locale@std@@UEAAPEAV_Facet_base@3@XZ 00000001800014d0 f i hello.obj
 0001:000004e0       ??1locale@std@@QEAA@XZ     00000001800014e0 f i hello.obj
 0001:00000510       ?_Getcat@?$ctype@D@std@@SA_KPEAPEBVfacet@locale@2@PEBV42@@Z 0000000180001510 f i hello.obj
 0001:000005d0       ?do_tolower@?$ctype@D@std@@MEBADD@Z 00000001800015d0 f i hello.obj
 0001:000005e0       ?do_tolower@?$ctype@D@std@@MEBAPEBDPEADPEBD@Z 00000001800015e0 f i hello.obj
 0001:00000640       ?do_toupper@?$ctype@D@std@@MEBADD@Z 0000000180001640 f i hello.obj
 0001:00000650       ?do_toupper@?$ctype@D@std@@MEBAPEBDPEADPEBD@Z 0000000180001650 f i hello.obj
 0001:000006b0       ?do_narrow@?$ctype@D@std@@MEBADDD@Z 00000001800016b0 f i hello.obj
 0001:000006b0       ?do_widen@?$ctype@D@std@@MEBADD@Z 00000001800016b0 f i hello.obj
 0001:000006c0       ?do_widen@?$ctype@D@std@@MEBAPEBDPEBD0PEAD@Z 00000001800016c0 f i hello.obj
 0001:000006e0       ?do_narrow@?$ctype@D@std@@MEBAPEBDPEBD0DPEAD@Z 00000001800016e0 f i hello.obj
 0001:00000700       ??_E?$ctype@D@std@@MEAAPEAXI@Z 0000000180001700 f i * CIL library *:* CIL module *
 0001:00000700       ??_G?$ctype@D@std@@MEAAPEAXI@Z 0000000180001700 f i hello.obj
 0001:00000770       ??_G_Iostream_error_category@std@@UEAAPEAXI@Z 0000000180001770 f i hello.obj
 0001:00000770       ??_Eerror_category@std@@UEAAPEAXI@Z 0000000180001770 f i * CIL library *:* CIL module *
 0001:00000770       ??_Gerror_category@std@@UEAAPEAXI@Z 0000000180001770 f i hello.obj
 0001:00000770       ??_E_Iostream_error_category@std@@UEAAPEAXI@Z 0000000180001770 f i * CIL library *:* CIL module *
 0001:000007a0       ?default_error_condition@error_category@std@@UEBA?AVerror_condition@2@H@Z 00000001800017a0 f i hello.obj
 0001:000007b0       ?equivalent@error_category@std@@UEBA_NHAEBVerror_condition@2@@Z 00000001800017b0 f i hello.obj
 0001:000007f0       ?equivalent@error_category@std@@UEBA_NAEBVerror_code@2@H@Z 00000001800017f0 f i hello.obj
 0001:00000810       ??0_System_error@std@@IEAA@Verror_code@1@AEBV?$basic_string@DU?$char_traits@D@std@@V?$allocator@D@2@@1@@Z 0000000180001810 f i hello.obj
 0001:00000a30       ??_Gfailure@ios_base@std@@UEAAPEAXI@Z 0000000180001a30 f i hello.obj
 0001:00000a30       ??_G_System_error@std@@UEAAPEAXI@Z 0000000180001a30 f i hello.obj
 0001:00000a30       ??_Efailure@ios_base@std@@UEAAPEAXI@Z 0000000180001a30 f i * CIL library *:* CIL module *
 0001:00000a30       ??_E_System_error@std@@UEAAPEAXI@Z 0000000180001a30 f i * CIL library *:* CIL module *
 0001:00000a60       ?name@_Iostream_error_category@std@@UEBAPEBDXZ 0000000180001a60 f i hello.obj
 0001:00000a70       ?message@_Iostream_error_category@std@@UEBA?AV?$basic_string@DU?$char_traits@D@std@@V?$allocator@D@2@@2@H@Z 0000000180001a70 f i hello.obj
 0001:00000af0       ?clear@ios_base@std@@QEAAXH_N@Z 0000000180001af0 f i hello.obj
 0001:00000e70       ?getloc@ios_base@std@@QEBA?AVlocale@2@XZ 0000000180001e70 f i hello.obj
 0001:00000ea0       ?Method@demo@@YAXAEBV?$FunctionCallbackInfo@VValue@v8@@@v8@@@Z 0000000180001ea0 f   hello.obj
 0001:00000ef0       ?Test@demo@@YAXAEBV?$FunctionCallbackInfo@VValue@v8@@@v8@@@Z 0000000180001ef0 f   hello.obj
 0001:00000f80       ?add@demo@@YAXAEBV?$FunctionCallbackInfo@VValue@v8@@@v8@@@Z 0000000180001f80 f   hello.obj
 0001:00001020       ?init@demo@@YAXV?$Local@VObject@v8@@@v8@@@Z 0000000180002020 f   hello.obj
 0001:00001090       ??1?$basic_string@DU?$char_traits@D@std@@V?$allocator@D@2@@std@@QEAA@XZ 0000000180002090 f i hello.obj
 0001:00001120       ??6?$basic_ostream@DU?$char_traits@D@std@@@std@@QEAAAEAV01@H@Z 0000000180002120 f i hello.obj
 0001:000012c0       ??0sentry@?$basic_ostream@DU?$char_traits@D@std@@@std@@QEAA@AEAV12@@Z 00000001800022c0 f i hello.obj
 0001:00001330       ?do_put@?$num_put@DV?$ostreambuf_iterator@DU?$char_traits@D@std@@@std@@@std@@MEBA?AV?$ostreambuf_iterator@DU?$char_traits@D@std@@@2@V32@AEAVios_base@2@DPEBX@Z 0000000180002330 f i hello.obj
 0001:000013d0       ?do_put@?$num_put@DV?$ostreambuf_iterator@DU?$char_traits@D@std@@@std@@@std@@MEBA?AV?$ostreambuf_iterator@DU?$char_traits@D@std@@@2@V32@AEAVios_base@2@DO@Z 00000001800023d0 f i hello.obj
 0001:00001640       ?do_put@?$num_put@DV?$ostreambuf_iterator@DU?$char_traits@D@std@@@std@@@std@@MEBA?AV?$ostreambuf_iterator@DU?$char_traits@D@std@@@2@V32@AEAVios_base@2@DN@Z 0000000180002640 f i hello.obj
 0001:000018b0       ?do_put@?$num_put@DV?$ostreambuf_iterator@DU?$char_traits@D@std@@@std@@@std@@MEBA?AV?$ostreambuf_iterator@DU?$char_traits@D@std@@@2@V32@AEAVios_base@2@D_K@Z 00000001800028b0 f i hello.obj
 0001:000019b0       ?do_put@?$num_put@DV?$ostreambuf_iterator@DU?$char_traits@D@std@@@std@@@std@@MEBA?AV?$ostreambuf_iterator@DU?$char_traits@D@std@@@2@V32@AEAVios_base@2@D_J@Z 00000001800029b0 f i hello.obj
 0001:00001ab0       ?do_put@?$num_put@DV?$ostreambuf_iterator@DU?$char_traits@D@std@@@std@@@std@@MEBA?AV?$ostreambuf_iterator@DU?$char_traits@D@std@@@2@V32@AEAVios_base@2@DK@Z 0000000180002ab0 f i hello.obj
 0001:00001bb0       ?do_put@?$num_put@DV?$ostreambuf_iterator@DU?$char_traits@D@std@@@std@@@std@@MEBA?AV?$ostreambuf_iterator@DU?$char_traits@D@std@@@2@V32@AEAVios_base@2@DJ@Z 0000000180002bb0 f i hello.obj
 0001:00001cb0       ?do_put@?$num_put@DV?$ostreambuf_iterator@DU?$char_traits@D@std@@@std@@@std@@MEBA?AV?$ostreambuf_iterator@DU?$char_traits@D@std@@@2@V32@AEAVios_base@2@D_N@Z 0000000180002cb0 f i hello.obj
 0001:000021c0       ?assign@?$basic_string@DU?$char_traits@D@std@@V?$allocator@D@2@@std@@QEAAAEAV12@_KD@Z 00000001800031c0 f i hello.obj
 0001:000022c0       ?assign@?$basic_string@DU?$char_traits@D@std@@V?$allocator@D@2@@std@@QEAAAEAV12@AEBV12@_K1@Z 00000001800032c0 f i hello.obj
 0001:000023f0       ?append@?$basic_string@DU?$char_traits@D@std@@V?$allocator@D@2@@std@@QEAAAEAV12@PEBD_K@Z 00000001800033f0 f i hello.obj
 0001:00002540       ?append@?$basic_string@DU?$char_traits@D@std@@V?$allocator@D@2@@std@@QEAAAEAV12@AEBV12@_K1@Z 0000000180003540 f i hello.obj
 0001:00002670       ?_Assign_rv@?$basic_string@DU?$char_traits@D@std@@V?$allocator@D@2@@std@@QEAAX$$QEAV12@@Z 0000000180003670 f i hello.obj
 0001:000026f0       ??_E?$codecvt@DDU_Mbstatet@@@std@@MEAAPEAXI@Z 00000001800036f0 f i libcpmt:cout.obj
 0001:000026f0       ??_G?$codecvt@DDU_Mbstatet@@@std@@MEAAPEAXI@Z 00000001800036f0 f i libcpmt:cout.obj
 0001:000026f0       ??_E?$num_put@DV?$ostreambuf_iterator@DU?$char_traits@D@std@@@std@@@std@@MEAAPEAXI@Z 00000001800036f0 f i * CIL library *:* CIL module *
 0001:000026f0       ??_G?$num_put@DV?$ostreambuf_iterator@DU?$char_traits@D@std@@@std@@@std@@MEAAPEAXI@Z 00000001800036f0 f i hello.obj
 0001:00002720       ?do_truename@?$numpunct@D@std@@MEBA?AV?$basic_string@DU?$char_traits@D@std@@V?$allocator@D@2@@2@XZ 0000000180003720 f i hello.obj
 0001:00002770       ?do_falsename@?$numpunct@D@std@@MEBA?AV?$basic_string@DU?$char_traits@D@std@@V?$allocator@D@2@@2@XZ 0000000180003770 f i hello.obj
 0001:000027c0       ?do_grouping@?$numpunct@D@std@@MEBA?AV?$basic_string@DU?$char_traits@D@std@@V?$allocator@D@2@@2@XZ 00000001800037c0 f i hello.obj
 0001:00002810       ?do_thousands_sep@?$numpunct@D@std@@MEBADXZ 0000000180003810 f i hello.obj
 0001:00002820       ?do_decimal_point@?$numpunct@D@std@@MEBADXZ 0000000180003820 f i hello.obj
 0001:00002830       ?_Iput@?$num_put@DV?$ostreambuf_iterator@DU?$char_traits@D@std@@@std@@@std@@AEBA?AV?$ostreambuf_iterator@DU?$char_traits@D@std@@@2@V32@AEAVios_base@2@DPEAD_K@Z 0000000180003830 f i hello.obj
 0001:00002f80       ?_Fput@?$num_put@DV?$ostreambuf_iterator@DU?$char_traits@D@std@@@std@@@std@@AEBA?AV?$ostreambuf_iterator@DU?$char_traits@D@std@@@2@V32@AEAVios_base@2@DPEBD_K@Z 0000000180003f80 f i hello.obj
 0001:00003730       ?erase@?$basic_string@DU?$char_traits@D@std@@V?$allocator@D@2@@std@@QEAAAEAV12@_K0@Z 0000000180004730 f i hello.obj
 0001:00003800       ?assign@?$basic_string@DU?$char_traits@D@std@@V?$allocator@D@2@@std@@QEAAAEAV12@PEBD_K@Z 0000000180004800 f i hello.obj
 0001:00003930       ?append@?$basic_string@DU?$char_traits@D@std@@V?$allocator@D@2@@std@@QEAAAEAV12@_KD@Z 0000000180004930 f i hello.obj
 0001:00003a40       ?flush@?$basic_ostream@DU?$char_traits@D@std@@@std@@QEAAAEAV12@XZ 0000000180004a40 f i hello.obj
 0001:00003b30       ??_E?$numpunct@D@std@@MEAAPEAXI@Z 0000000180004b30 f i * CIL library *:* CIL module *
 0001:00003b30       ??_G?$numpunct@D@std@@MEAAPEAXI@Z 0000000180004b30 f i hello.obj
 0001:00003b90       ?_Copy@?$basic_string@DU?$char_traits@D@std@@V?$allocator@D@2@@std@@QEAAX_K0@Z 0000000180004b90 f i hello.obj
 0001:00003d10       ??$use_facet@V?$ctype@D@std@@@std@@YAAEBV?$ctype@D@0@AEBVlocale@0@@Z 0000000180004d10 f i hello.obj
 0001:00003e20       ??$_Immortalize@V_Iostream_error_category@std@@@std@@YAAEAV_Iostream_error_category@0@XZ 0000000180004e20 f i hello.obj
 0001:00003ea0       ??$?6U?$char_traits@D@std@@@std@@YAAEAV?$basic_ostream@DU?$char_traits@D@std@@@0@AEAV10@PEBD@Z 0000000180004ea0 f i hello.obj
 0001:000040f0       ??$use_facet@V?$num_put@DV?$ostreambuf_iterator@DU?$char_traits@D@std@@@std@@@std@@@std@@YAAEBV?$num_put@DV?$ostreambuf_iterator@DU?$char_traits@D@std@@@std@@@0@AEBVlocale@0@@Z 00000001800050f0 f i hello.obj
 0001:00004250       ??$use_facet@V?$numpunct@D@std@@@std@@YAAEBV?$numpunct@D@0@AEBVlocale@0@@Z 0000000180005250 f i hello.obj
 0001:00004360       ?_Getcat@?$numpunct@D@std@@SA_KPEAPEBVfacet@locale@2@PEBV42@@Z 0000000180005360 f i hello.obj
 0001:00004420       ?_Init@?$numpunct@D@std@@IEAAXAEBV_Locinfo@2@_N@Z 0000000180005420 f i hello.obj
 0001:000045ec       __imp_load_?GetCurrent@Isolate@v8@@SAPEAV12@XZ 00000001800055ec f   node:node.exe
 0001:000045f8       __tailMerge_node_exe       00000001800055f8 f i node:node.exe
 0001:00004671       __imp_load_??1HandleScope@v8@@QEAA@XZ 0000000180005671 f   node:node.exe
 0001:0000467d       __imp_load_??0HandleScope@v8@@QEAA@PEAVIsolate@1@@Z 000000018000567d f   node:node.exe
 0001:00004689       __imp_load_?GetFunction@FunctionTemplate@v8@@QEAA?AV?$Local@VFunction@v8@@@2@XZ 0000000180005689 f   node:node.exe
 0001:00004695       __imp_load_?New@FunctionTemplate@v8@@SA?AV?$Local@VFunctionTemplate@v8@@@2@PEAVIsolate@2@P6AXAEBV?$FunctionCallbackInfo@VValue@v8@@@2@@ZV?$Local@VValue@v8@@@2@V?$Local@VSignature@v8@@@2@HW4ConstructorBehavior@2@@Z 0000000180005695 f   node:node.exe
 0001:000046a1       __imp_load_?NumberValue@Value@v8@@QEBANXZ 00000001800056a1 f   node:node.exe
 0001:000046ad       __imp_load_?NewFromUtf8@String@v8@@SA?AV?$Local@VString@v8@@@2@PEAVIsolate@2@PEBDW4NewStringType@12@H@Z 00000001800056ad f   node:node.exe
 0001:000046b9       __imp_load_?New@Number@v8@@SA?AV?$Local@VNumber@v8@@@2@PEAVIsolate@2@N@Z 00000001800056b9 f   node:node.exe
 0001:000046c5       __imp_load_?Set@Object@v8@@QEAA_NV?$Local@VValue@v8@@@2@0@Z 00000001800056c5 f   node:node.exe
 0001:000046d1       __imp_load_?SetName@Function@v8@@QEAAXV?$Local@VString@v8@@@2@@Z 00000001800056d1 f   node:node.exe
 0001:000046dd       __imp_load_node_module_register 00000001800056dd f   node:node.exe
 0001:000046ec       ??0_Init_locks@std@@QEAA@XZ 00000001800056ec f   libcpmt:xlock.obj
 0001:00004738       ??0_Lockit@std@@QEAA@H@Z   0000000180005738 f   libcpmt:xlock.obj
 0001:00004774       ??1_Init_locks@std@@QEAA@XZ 0000000180005774 f   libcpmt:xlock.obj
 0001:000047b8       ??1_Lockit@std@@QEAA@XZ    00000001800057b8 f   libcpmt:xlock.obj
 0001:000047ec       ??$use_facet@V?$codecvt@DDU_Mbstatet@@@std@@@std@@YAAEBV?$codecvt@DDU_Mbstatet@@@0@AEBVlocale@0@@Z 00000001800057ec f i libcpmt:cout.obj
 0001:00004924       ??0?$basic_ostream@DU?$char_traits@D@std@@@std@@QEAA@PEAV?$basic_streambuf@DU?$char_traits@D@std@@@1@_N@Z 0000000180005924 f i libcpmt:cout.obj
 0001:000049ec       ??0?$basic_streambuf@DU?$char_traits@D@std@@@std@@IEAA@XZ 00000001800059ec f i libcpmt:cout.obj
 0001:00004a9c       ??0_Init_cout@std@@QEAA@XZ 0000000180005a9c f i libcpmt:cout.obj
 0001:00004b08       ??0bad_cast@std@@QEAA@AEBV01@@Z 0000000180005b08 f i libcpmt:cout.obj
 0001:00004b48       ??0bad_cast@std@@QEAA@XZ   0000000180005b48 f i libcpmt:cout.obj
 0001:00004b68       ??0exception@std@@QEAA@AEBV01@@Z 0000000180005b68 f i libcpmt:cout.obj
 0001:00004ba0       ??1?$basic_filebuf@DU?$char_traits@D@std@@@std@@UEAA@XZ 0000000180005ba0 f i libcpmt:cout.obj
 0001:00004c4c       ??1?$basic_ios@DU?$char_traits@D@std@@@std@@UEAA@XZ 0000000180005c4c f i libcpmt:cout.obj
 0001:00004c70       ??_E?$basic_ostream@DU?$char_traits@D@std@@@std@@$4PPPPPPPM@A@EAAPEAXI@Z 0000000180005c70 f i libcpmt:cout.obj
 0001:00004c7c       ??_E?$basic_filebuf@DU?$char_traits@D@std@@@std@@UEAAPEAXI@Z 0000000180005c7c f i libcpmt:cout.obj
 0001:00004c7c       ??_G?$basic_filebuf@DU?$char_traits@D@std@@@std@@UEAAPEAXI@Z 0000000180005c7c f i libcpmt:cout.obj
 0001:00004cb0       ??_G?$basic_ios@DU?$char_traits@D@std@@@std@@UEAAPEAXI@Z 0000000180005cb0 f i libcpmt:cout.obj
 0001:00004cb0       ??_E?$basic_ios@DU?$char_traits@D@std@@@std@@UEAAPEAXI@Z 0000000180005cb0 f i libcpmt:cout.obj
 0001:00004cfc       ??_E?$basic_ostream@DU?$char_traits@D@std@@@std@@UEAAPEAXI@Z 0000000180005cfc f i libcpmt:cout.obj
 0001:00004cfc       ??_G?$basic_ostream@DU?$char_traits@D@std@@@std@@UEAAPEAXI@Z 0000000180005cfc f i libcpmt:cout.obj
 0001:00004d6c       ??_G?$basic_streambuf@DU?$char_traits@D@std@@@std@@UEAAPEAXI@Z 0000000180005d6c f i libcpmt:cout.obj
 0001:00004d6c       ??_E?$basic_streambuf@DU?$char_traits@D@std@@@std@@UEAAPEAXI@Z 0000000180005d6c f i libcpmt:cout.obj
 0001:00004dbc       ??_Gios_base@std@@UEAAPEAXI@Z 0000000180005dbc f i libcpmt:cout.obj
 0001:00004dbc       ??_Eios_base@std@@UEAAPEAXI@Z 0000000180005dbc f i libcpmt:cout.obj
 0001:00004e08       ??_Glocale@std@@QEAAPEAXI@Z 0000000180005e08 f i libcpmt:cout.obj
 0001:00004e98       ?_Endwrite@?$basic_filebuf@DU?$char_traits@D@std@@@std@@IEAA_NXZ 0000000180005e98 f i libcpmt:cout.obj
 0001:0000504c       ?_Getcat@?$codecvt@DDU_Mbstatet@@@std@@SA_KPEAPEBVfacet@locale@2@PEBV42@@Z 000000018000604c f i libcpmt:cout.obj
 0001:00005110       ?_Init@?$basic_filebuf@DU?$char_traits@D@std@@@std@@IEAAXPEAU_iobuf@@W4_Initfl@12@@Z 0000000180006110 f i libcpmt:cout.obj
 0001:000051fc       ?_Init@ios_base@std@@IEAAXXZ 00000001800061fc f i libcpmt:cout.obj
 0001:0000527c       ?_Initcvt@?$basic_filebuf@DU?$char_traits@D@std@@@std@@IEAAXPEBV?$codecvt@DDU_Mbstatet@@@2@@Z 000000018000627c f i libcpmt:cout.obj
 0001:0000531c       ?_Lock@?$basic_filebuf@DU?$char_traits@D@std@@@std@@UEAAXXZ 000000018000631c f i libcpmt:cout.obj
 0001:00005338       ?_Unlock@?$basic_filebuf@DU?$char_traits@D@std@@@std@@UEAAXXZ 0000000180006338 f i libcpmt:cout.obj
 0001:00005354       ?do_length@?$codecvt@DDU_Mbstatet@@@std@@MEBAHAEAU_Mbstatet@@PEBD1_K@Z 0000000180006354 f i libcpmt:cout.obj
 0001:00005368       ?do_max_length@codecvt_base@std@@MEBAHXZ 0000000180006368 f i libcpmt:cout.obj
 0001:00005368       ?do_encoding@codecvt_base@std@@MEBAHXZ 0000000180006368 f i libcpmt:cout.obj
 0001:00005368       _get_startup_argv_mode     0000000180006368 f i LIBCMT:argv_mode.obj
 0001:00005368       DllMain                    0000000180006368 f i LIBCMT:dll_dllmain_stub.obj
 0001:00005370       ?do_in@?$codecvt@DDU_Mbstatet@@@std@@MEBAHAEAU_Mbstatet@@PEBD1AEAPEBDPEAD3AEAPEAD@Z 0000000180006370 f i libcpmt:cout.obj
 0001:00005370       ?do_out@?$codecvt@DDU_Mbstatet@@@std@@MEBAHAEAU_Mbstatet@@PEBD1AEAPEBDPEAD3AEAPEAD@Z 0000000180006370 f i libcpmt:cout.obj
 0001:0000538c       ?do_unshift@?$codecvt@DDU_Mbstatet@@@std@@MEBAHAEAU_Mbstatet@@PEAD1AEAPEAD@Z 000000018000638c f i libcpmt:cout.obj
 0001:00005398       ?imbue@?$basic_filebuf@DU?$char_traits@D@std@@@std@@MEAAXAEBVlocale@2@@Z 0000000180006398 f i libcpmt:cout.obj
 0001:000053bc       ?overflow@?$basic_filebuf@DU?$char_traits@D@std@@@std@@MEAAHH@Z 00000001800063bc f i libcpmt:cout.obj
 0001:0000561c       ?underflow@?$basic_streambuf@DU?$char_traits@D@std@@@std@@MEAAHXZ 000000018000661c f i libcpmt:cout.obj
 0001:0000561c       ?pbackfail@?$basic_streambuf@DU?$char_traits@D@std@@@std@@MEAAHH@Z 000000018000661c f i libcpmt:cout.obj
 0001:0000561c       ?overflow@?$basic_streambuf@DU?$char_traits@D@std@@@std@@MEAAHH@Z 000000018000661c f i libcpmt:cout.obj
 0001:00005620       ?pbackfail@?$basic_filebuf@DU?$char_traits@D@std@@@std@@MEAAHH@Z 0000000180006620 f i libcpmt:cout.obj
 0001:000056f0       ?seekoff@?$basic_filebuf@DU?$char_traits@D@std@@@std@@MEAA?AV?$fpos@U_Mbstatet@@@2@_JHH@Z 00000001800066f0 f i libcpmt:cout.obj
 0001:000057dc       ?seekpos@?$basic_filebuf@DU?$char_traits@D@std@@@std@@MEAA?AV?$fpos@U_Mbstatet@@@2@V32@H@Z 00000001800067dc f i libcpmt:cout.obj
 0001:000058dc       ?seekoff@?$basic_streambuf@DU?$char_traits@D@std@@@std@@MEAA?AV?$fpos@U_Mbstatet@@@2@_JHH@Z 00000001800068dc f i libcpmt:cout.obj
 0001:000058dc       ?seekpos@?$basic_streambuf@DU?$char_traits@D@std@@@std@@MEAA?AV?$fpos@U_Mbstatet@@@2@V32@H@Z 00000001800068dc f i libcpmt:cout.obj
 0001:000058f8       ?setbuf@?$basic_filebuf@DU?$char_traits@D@std@@@std@@MEAAPEAV?$basic_streambuf@DU?$char_traits@D@std@@@2@PEAD_J@Z 00000001800068f8 f i libcpmt:cout.obj
 0001:0000594c       ?setbuf@?$basic_streambuf@DU?$char_traits@D@std@@@std@@MEAAPEAV12@PEAD_J@Z 000000018000694c f i libcpmt:cout.obj
 0001:00005950       ?sync@?$basic_filebuf@DU?$char_traits@D@std@@@std@@MEAAHXZ 0000000180006950 f i libcpmt:cout.obj
 0001:000059b0       ?showmanyc@?$basic_streambuf@DU?$char_traits@D@std@@@std@@MEAA_JXZ 00000001800069b0 f i libcpmt:cout.obj
 0001:000059b0       ?sync@?$basic_streambuf@DU?$char_traits@D@std@@@std@@MEAAHXZ 00000001800069b0 f i libcpmt:cout.obj
 0001:000059b4       ?uflow@?$basic_filebuf@DU?$char_traits@D@std@@@std@@MEAAHXZ 00000001800069b4 f i libcpmt:cout.obj
 0001:00005c4c       ?uflow@?$basic_streambuf@DU?$char_traits@D@std@@@std@@MEAAHXZ 0000000180006c4c f i libcpmt:cout.obj
 0001:00005c98       ?underflow@?$basic_filebuf@DU?$char_traits@D@std@@@std@@MEAAHXZ 0000000180006c98 f i libcpmt:cout.obj
 0001:00005d10       ?what@exception@std@@UEBAPEBDXZ 0000000180006d10 f i libcpmt:cout.obj
 0001:00005d24       ?widen@?$basic_ios@DU?$char_traits@D@std@@@std@@QEBADD@Z 0000000180006d24 f i libcpmt:cout.obj
 0001:00005dc4       ?xsgetn@?$basic_streambuf@DU?$char_traits@D@std@@@std@@MEAA_JPEAD_J@Z 0000000180006dc4 f i libcpmt:cout.obj
 0001:00005e84       ?xsputn@?$basic_streambuf@DU?$char_traits@D@std@@@std@@MEAA_JPEBD_J@Z 0000000180006e84 f i libcpmt:cout.obj
 0001:00005f48       ??4?$_Yarn@D@std@@QEAAAEAV01@PEBD@Z 0000000180006f48 f i libcpmt:locale0.obj
 0001:00005fc0       ??_G_Fac_node@std@@QEAAPEAXI@Z 0000000180006fc0 f i libcpmt:locale0.obj
 0001:0000604c       ??_G_Locimp@locale@std@@MEAAPEAXI@Z 000000018000704c f i libcpmt:locale0.obj
 0001:0000604c       ??_E_Locimp@locale@std@@MEAAPEAXI@Z 000000018000704c f i libcpmt:locale0.obj
 0001:000060b8       ?_Facet_Register@std@@YAXPEAV_Facet_base@1@@Z 00000001800070b8 f   libcpmt:locale0.obj
 0001:000060f0       ?_Getgloballocale@locale@std@@CAPEAV_Locimp@12@XZ 00000001800070f0 f   libcpmt:locale0.obj
 0001:000060f8       ?_Init@locale@std@@CAPEAV_Locimp@12@_N@Z 00000001800070f8 f   libcpmt:locale0.obj
 0001:000061b4       ?_Locimp_dtor@_Locimp@locale@std@@CAXPEAV123@@Z 00000001800071b4 f   libcpmt:locale0.obj
 0001:0000625c       ?_Locinfo_ctor@_Locinfo@std@@SAXPEAV12@PEBD@Z 000000018000725c f   libcpmt:locale0.obj
 0001:000062c8       ?_Locinfo_dtor@_Locinfo@std@@SAXPEAV12@@Z 00000001800072c8 f   libcpmt:locale0.obj
 0001:000062ec       ?_New_Locimp@_Locimp@locale@std@@CAPEAV123@_N@Z 00000001800072ec f   libcpmt:locale0.obj
 0001:0000635c       ?_Setgloballocale@locale@std@@CAXPEAX@Z 000000018000735c f   libcpmt:locale0.obj
 0001:00006390       _Deletegloballocale        0000000180007390 f   libcpmt:locale0.obj
 0001:00006418       ??0bad_alloc@std@@QEAA@AEBV01@@Z 0000000180007418 f i libcpmt:xthrow.obj
 0001:00006458       ??0bad_alloc@std@@QEAA@XZ  0000000180007458 f i libcpmt:xthrow.obj
 0001:00006478       ??0length_error@std@@QEAA@AEBV01@@Z 0000000180007478 f i libcpmt:xthrow.obj
 0001:000064b8       ??0length_error@std@@QEAA@PEBD@Z 00000001800074b8 f i libcpmt:xthrow.obj
 0001:00006504       ??0logic_error@std@@QEAA@AEBV01@@Z 0000000180007504 f i libcpmt:xthrow.obj
 0001:00006544       ??0out_of_range@std@@QEAA@AEBV01@@Z 0000000180007544 f i libcpmt:xthrow.obj
 0001:00006584       ??0out_of_range@std@@QEAA@PEBD@Z 0000000180007584 f i libcpmt:xthrow.obj
 0001:000065d0       ??1bad_cast@std@@UEAA@XZ   00000001800075d0 f i libcpmt:cout.obj
 0001:000065d0       ??1bad_alloc@std@@UEAA@XZ  00000001800075d0 f i libcpmt:xthrow.obj
 0001:000065d0       ??1bad_array_new_length@std@@UEAA@XZ 00000001800075d0 f i LIBCMT:throw_bad_alloc.obj
 0001:000065d0       ??1out_of_range@std@@UEAA@XZ 00000001800075d0 f i libcpmt:xthrow.obj
 0001:000065d0       ??1length_error@std@@UEAA@XZ 00000001800075d0 f i libcpmt:xthrow.obj
 0001:000065d0       ??1bad_exception@std@@UEAA@XZ 00000001800075d0 f i libvcruntime:frame.obj
 0001:000065e4       ??_Ebad_exception@std@@UEAAPEAXI@Z 00000001800075e4 f i libvcruntime:frame.obj
 0001:000065e4       ??_Gexception@std@@UEAAPEAXI@Z 00000001800075e4 f i libcpmt:cout.obj
 0001:000065e4       ??_Elogic_error@std@@UEAAPEAXI@Z 00000001800075e4 f i libcpmt:xthrow.obj
 0001:000065e4       ??_Gbad_alloc@std@@UEAAPEAXI@Z 00000001800075e4 f i libcpmt:xthrow.obj
 0001:000065e4       ??_Gbad_exception@std@@UEAAPEAXI@Z 00000001800075e4 f i libvcruntime:frame.obj
 0001:000065e4       ??_Glogic_error@std@@UEAAPEAXI@Z 00000001800075e4 f i libcpmt:xthrow.obj
 0001:000065e4       ??_Gbad_cast@std@@UEAAPEAXI@Z 00000001800075e4 f i libcpmt:cout.obj
 0001:000065e4       ??_Glength_error@std@@UEAAPEAXI@Z 00000001800075e4 f i libcpmt:xthrow.obj
 0001:000065e4       ??_Ebad_cast@std@@UEAAPEAXI@Z 00000001800075e4 f i libcpmt:cout.obj
 0001:000065e4       ??_Eexception@std@@UEAAPEAXI@Z 00000001800075e4 f i libcpmt:cout.obj
 0001:000065e4       ??_Elength_error@std@@UEAAPEAXI@Z 00000001800075e4 f i libcpmt:xthrow.obj
 0001:000065e4       ??_Gout_of_range@std@@UEAAPEAXI@Z 00000001800075e4 f i libcpmt:xthrow.obj
 0001:000065e4       ??_Ebad_alloc@std@@UEAAPEAXI@Z 00000001800075e4 f i libcpmt:xthrow.obj
 0001:000065e4       ??_Eout_of_range@std@@UEAAPEAXI@Z 00000001800075e4 f i libcpmt:xthrow.obj
 0001:000065e4       ??_Gbad_array_new_length@std@@UEAAPEAXI@Z 00000001800075e4 f i LIBCMT:throw_bad_alloc.obj
 0001:000065e4       ??_Ebad_array_new_length@std@@UEAAPEAXI@Z 00000001800075e4 f i LIBCMT:throw_bad_alloc.obj
 0001:00006628       ?_Xlength_error@std@@YAXPEBD@Z 0000000180007628 f   libcpmt:xthrow.obj
 0001:0000664c       ?_Xout_of_range@std@@YAXPEBD@Z 000000018000764c f   libcpmt:xthrow.obj
 0001:00006670       ?_Syserror_map@std@@YAPEBDH@Z 0000000180007670 f   libcpmt:syserror.obj
 0001:00006698       _Getctype                  0000000180007698 f   libcpmt:_tolower.obj
 0001:00006758       _Tolower                   0000000180007758 f   libcpmt:_tolower.obj
 0001:00006880       _Getcvt                    0000000180007880 f   libcpmt:xwctomb.obj
 0001:00006910       _Toupper                   0000000180007910 f   libcpmt:_toupper.obj
 0001:00006a48       _Mtxdst                    0000000180007a48 f   libcpmt:xmtx.obj
 0001:00006a50       _Mtxinit                   0000000180007a50 f   libcpmt:xmtx.obj
 0001:00006a60       _Mtxlock                   0000000180007a60 f   libcpmt:xmtx.obj
 0001:00006a68       _Mtxunlock                 0000000180007a68 f   libcpmt:xmtx.obj
 0001:00006a70       ?_Addstd@ios_base@std@@SAXPEAV12@@Z 0000000180007a70 f   libcpmt:ios.obj
 0001:00006ae0       ?_Ios_base_dtor@ios_base@std@@CAXPEAV12@@Z 0000000180007ae0 f   libcpmt:ios.obj
 0001:00006b24       ?_Tidy@ios_base@std@@AEAAXXZ 0000000180007b24 f i libcpmt:ios.obj
 0001:00006bb4       ?_Atexit@@YAXP6AXXZ@Z      0000000180007bb4 f   libcpmt:iosptrs.obj
 0001:00006bf4       __crtLCMapStringA          0000000180007bf4 f   libcpmt:StlLCMapStringA.obj
 0001:000073b0       __crtInitializeCriticalSectionEx 00000001800083b0 f   libcpmt:winapisupp.obj
 0001:00007410       GetTableIndexFromLocaleName 0000000180008410 f   libcpmt:winapinls.obj
 0001:0000749c       __crtDownlevelLocaleNameToLCID 000000018000849c f   libcpmt:winapinls.obj
 0001:000074d0       __crtLCMapStringEx         00000001800084d0 f   libcpmt:winapinls.obj
 0001:0000758c       __wcsnicmp_ascii           000000018000858c f   libcpmt:winapinls.obj
 0001:00007600       __security_check_cookie    0000000180008600 f   LIBCMT:_amdsecgs_.obj
 0001:0000776c       _Init_thread_footer        000000018000876c f   LIBCMT:thread_safe_statics.obj
 0001:000077cc       _Init_thread_header        00000001800087cc f   LIBCMT:thread_safe_statics.obj
 0001:00007834       _Init_thread_notify        0000000180008834 f   LIBCMT:thread_safe_statics.obj
 0001:00007890       _Init_thread_wait          0000000180008890 f   LIBCMT:thread_safe_statics.obj
 0001:00007928       ??2@YAPEAX_K@Z             0000000180008928 f   LIBCMT:new_scalar.obj
 0001:00007964       __scrt_acquire_startup_lock 0000000180008964 f   LIBCMT:utility.obj
 0001:000079a0       __scrt_dllmain_after_initialize_c 00000001800089a0 f   LIBCMT:utility.obj
 0001:000079d4       __scrt_dllmain_before_initialize_c 00000001800089d4 f   LIBCMT:utility.obj
 0001:000079ec       __scrt_dllmain_crt_thread_attach 00000001800089ec f   LIBCMT:utility.obj
 0001:00007a14       __scrt_dllmain_crt_thread_detach 0000000180008a14 f   LIBCMT:utility.obj
 0001:00007a2c       __scrt_dllmain_exception_filter 0000000180008a2c f   LIBCMT:utility.obj
 0001:00007a90       __scrt_dllmain_uninitialize_c 0000000180008a90 f   LIBCMT:utility.obj
 0001:00007ac0       __scrt_dllmain_uninitialize_critical 0000000180008ac0 f   LIBCMT:utility.obj
 0001:00007ad4       __scrt_initialize_crt      0000000180008ad4 f   LIBCMT:utility.obj
 0001:00007b20       __scrt_initialize_onexit_tables 0000000180008b20 f   LIBCMT:utility.obj
 0001:00007bec       __scrt_is_nonwritable_in_current_image 0000000180008bec f   LIBCMT:utility.obj
 0001:00007c88       __scrt_release_startup_lock 0000000180008c88 f   LIBCMT:utility.obj
 0001:00007cac       __scrt_uninitialize_crt    0000000180008cac f   LIBCMT:utility.obj
 0001:00007cd8       _onexit                    0000000180008cd8 f   LIBCMT:utility.obj
 0001:00007d28       atexit                     0000000180008d28 f   LIBCMT:utility.obj
 0001:00007d40       ??3@YAXPEAX@Z              0000000180008d40 f   LIBCMT:delete_scalar.obj
 0001:00007d48       ??3@YAXPEAX_K@Z            0000000180008d48 f   LIBCMT:delete_scalar_size.obj
 0001:00007d48       ??_V@YAXPEAX@Z             0000000180008d48 f   LIBCMT:delete_array.obj
 0001:0000809c       _DllMainCRTStartup         000000018000909c f   LIBCMT:dll_dllmain.obj
 0001:000080dc       __GSHandlerCheck           00000001800090dc f   LIBCMT:_gshandler_.obj
 0001:000080fc       __GSHandlerCheckCommon     00000001800090fc f   LIBCMT:_gshandler_.obj
 0001:00008158       __GSHandlerCheck_EH        0000000180009158 f   LIBCMT:gshandlereh.obj
 0001:000081d8       _guard_check_icall         00000001800091d8 f i LIBCMT:checkcfg.obj
 0001:000081e0       ??_Gtype_info@@UEAAPEAXI@Z 00000001800091e0 f i LIBCMT:std_type_info_static.obj
 0001:000081e0       ??_Etype_info@@UEAAPEAXI@Z 00000001800091e0 f i LIBCMT:std_type_info_static.obj
 0001:00008220       _alloca_probe              0000000180009220 f   LIBCMT:_chkstk_.obj
 0001:00008220       __chkstk                   0000000180009220 f   LIBCMT:_chkstk_.obj
 0001:00008274       __raise_securityfailure    0000000180009274 f   LIBCMT:gs_report.obj
 0001:000082a8       __report_gsfailure         00000001800092a8 f   LIBCMT:gs_report.obj
 0001:0000837c       __report_rangecheckfailure 000000018000937c f   LIBCMT:gs_report.obj
 0001:00008390       __report_securityfailure   0000000180009390 f   LIBCMT:gs_report.obj
 0001:00008510       __crt_debugger_hook        0000000180009510 f   LIBCMT:utility_desktop.obj
 0001:00008518       __scrt_fastfail            0000000180009518 f   LIBCMT:utility_desktop.obj
 0001:00008660       ??0bad_array_new_length@std@@QEAA@AEBV01@@Z 0000000180009660 f i LIBCMT:throw_bad_alloc.obj
 0001:000086a0       ??0bad_array_new_length@std@@QEAA@XZ 00000001800096a0 f i LIBCMT:throw_bad_alloc.obj
 0001:000086c0       ?_Xbad_alloc@std@@YAXXZ    00000001800096c0 f   libcpmt:xthrow.obj
 0001:000086c0       ?__scrt_throw_std_bad_alloc@@YAXXZ 00000001800096c0 f   LIBCMT:throw_bad_alloc.obj
 0001:000086e0       ?__scrt_throw_std_bad_array_new_length@@YAXXZ 00000001800096e0 f   LIBCMT:throw_bad_alloc.obj
 0001:00008700       __isa_available_init       0000000180009700 f   LIBCMT:_cpu_disp_.obj
 0001:000088c8       __scrt_is_ucrt_dll_in_use  00000001800098c8 f   LIBCMT:ucrt_detection.obj
 0001:000088d4       __security_init_cookie     00000001800098d4 f   LIBCMT:gs_support.obj
 0001:00008980       ?__scrt_initialize_type_info@@YAXXZ 0000000180009980 f   LIBCMT:tncleanup.obj
 0001:00008990       ?__scrt_uninitialize_type_info@@YAXXZ 0000000180009990 f   LIBCMT:tncleanup.obj
 0001:0000899c       __local_stdio_scanf_options 000000018000999c f i LIBCMT:default_local_stdio_options.obj
 0001:000089a4       __scrt_initialize_default_local_stdio_options 00000001800099a4 f   LIBCMT:default_local_stdio_options.obj
 0001:000089c0       __scrt_get_dyn_tls_init_callback 00000001800099c0 f   LIBCMT:dyn_tls_init.obj
 0001:000089c8       _RTC_Initialize            00000001800099c8 f   LIBCMT:_initsect_.obj
 0001:00008a14       _RTC_Terminate             0000000180009a14 f   LIBCMT:_initsect_.obj
 0001:00008a70       memcpy                     0000000180009a70 f   libvcruntime:memcpy.obj
 0001:00008a70       memmove                    0000000180009a70 f   libvcruntime:memcpy.obj
 0001:00008ea8       _purecall                  0000000180009ea8 f   libvcruntime:purevirt.obj
 0001:00008ee4       __DestructExceptionObject  0000000180009ee4 f   libvcruntime:frame.obj
 0001:00008f6c       ??0bad_exception@std@@QEAA@AEBV01@@Z 0000000180009f6c f i libvcruntime:frame.obj
 0001:00008fac       ??0bad_exception@std@@QEAA@XZ 0000000180009fac f i libvcruntime:frame.obj
 0001:00009928       ?_CallMemberFunction0@@YAXPEAXP6AX0@Z@Z 000000018000a928 f i libvcruntime:frame.obj
 0001:0000992c       ?_CallMemberFunction1@@YAXPEAXP6AX0@Z0@Z 000000018000a92c f i libvcruntime:frame.obj
 0001:00009938       ?_CallMemberFunction2@@YAXPEAXP6AX0@Z0H@Z 000000018000a938 f i libvcruntime:frame.obj
 0001:00009948       __AdjustPointer            000000018000a948 f   libvcruntime:frame.obj
 0001:0000996c       __BuildCatchObject         000000018000a96c f   libvcruntime:frame.obj
 0001:00009a30       __BuildCatchObjectHelper   000000018000aa30 f   libvcruntime:frame.obj
 0001:00009c10       __CxxCallCatchBlock        000000018000ac10 f   libvcruntime:frame.obj
 0001:00009dfc       __FrameUnwindFilter        000000018000adfc f   libvcruntime:frame.obj
 0001:00009e48       __FrameUnwindToState       000000018000ae48 f   libvcruntime:frame.obj
 0001:00009fdc       __InternalCxxFrameHandler  000000018000afdc f   libvcruntime:frame.obj
 0001:0000a234       __TypeMatch                000000018000b234 f   libvcruntime:frame.obj
 0001:0000a374       __std_terminate            000000018000b374 f   libvcruntime:frame.obj
 0001:0000a380       __std_exception_copy       000000018000b380 f   libvcruntime:std_exception.obj
 0001:0000a410       __std_exception_destroy    000000018000b410 f   libvcruntime:std_exception.obj
 0001:0000a438       _CxxThrowException         000000018000b438 f   libvcruntime:throw.obj
 0001:0000a510       ?_ExecutionInCatch@@YAHPEAU_xDISPATCHER_CONTEXT@@PEBU_s_FuncInfo@@@Z 000000018000b510 f   libvcruntime:trnsctrl.obj
 0001:0000a584       ?_GetEstablisherFrame@@YAPEA_KPEA_KPEAU_xDISPATCHER_CONTEXT@@PEBU_s_FuncInfo@@0@Z 000000018000b584 f   libvcruntime:trnsctrl.obj
 0001:0000a650       ?_GetRangeOfTrysToCheck@@YAPEBU_s_TryBlockMapEntry@@PEA_KPEBU_s_FuncInfo@@HHPEAI2PEAU_xDISPATCHER_CONTEXT@@@Z 000000018000b650 f   libvcruntime:trnsctrl.obj
 0001:0000a77c       ?__FrameUnwindToEmptyState@@YAXPEA_KPEAU_xDISPATCHER_CONTEXT@@PEBU_s_FuncInfo@@@Z 000000018000b77c f   libvcruntime:trnsctrl.obj
 0001:0000a810       ?__SehTransFilter@@YAHPEAU_EXCEPTION_POINTERS@@PEAUEHExceptionRecord@@PEA_KPEAU_CONTEXT@@PEAU_xDISPATCHER_CONTEXT@@PEBU_s_FuncInfo@@PEAH@Z 000000018000b810 f   libvcruntime:trnsctrl.obj
 0001:0000a8a8       _CallSETranslator          000000018000b8a8 f   libvcruntime:trnsctrl.obj
 0001:0000a900       _CreateFrameInfo           000000018000b900 f   libvcruntime:trnsctrl.obj
 0001:0000a93c       _FindAndUnlinkFrame        000000018000b93c f   libvcruntime:trnsctrl.obj
 0001:0000a994       _GetImageBase              000000018000b994 f   libvcruntime:trnsctrl.obj
 0001:0000a9a8       _GetThrowImageBase         000000018000b9a8 f   libvcruntime:trnsctrl.obj
 0001:0000a9bc       _IsExceptionObjectToBeDestroyed 000000018000b9bc f   libvcruntime:trnsctrl.obj
 0001:0000a9ec       _SetImageBase              000000018000b9ec f   libvcruntime:trnsctrl.obj
 0001:0000aa04       _SetThrowImageBase         000000018000ba04 f   libvcruntime:trnsctrl.obj
 0001:0000aa1c       _UnwindNestedFrames        000000018000ba1c f   libvcruntime:trnsctrl.obj
 0001:0000ab40       __CxxFrameHandler3         000000018000bb40 f   libvcruntime:trnsctrl.obj
 0001:0000abd0       memset                     000000018000bbd0 f   libvcruntime:memset.obj
 0001:0000ad80       memcmp                     000000018000bd80 f   libvcruntime:memcmp.obj
 0001:0000b010       __vcrt_FlsAlloc            000000018000c010 f   libvcruntime:winapi_downlevel.obj
 0001:0000b064       __vcrt_FlsFree             000000018000c064 f   libvcruntime:winapi_downlevel.obj
 0001:0000b0b8       __vcrt_FlsGetValue         000000018000c0b8 f   libvcruntime:winapi_downlevel.obj
 0001:0000b10c       __vcrt_FlsSetValue         000000018000c10c f   libvcruntime:winapi_downlevel.obj
 0001:0000b174       __vcrt_InitializeCriticalSectionEx 000000018000c174 f   libvcruntime:winapi_downlevel.obj
 0001:0000b1ec       __vcrt_initialize_winapi_thunks 000000018000c1ec f   libvcruntime:winapi_downlevel.obj
 0001:0000b238       __vcrt_uninitialize_winapi_thunks 000000018000c238 f   libvcruntime:winapi_downlevel.obj
 0001:0000b278       __vcrt_initialize          000000018000c278 f   libvcruntime:initialization.obj
 0001:0000b2ac       __vcrt_thread_attach       000000018000c2ac f   libvcruntime:initialization.obj
 0001:0000b2c0       __vcrt_thread_detach       000000018000c2c0 f   libvcruntime:initialization.obj
 0001:0000b2d4       __vcrt_uninitialize        000000018000c2d4 f   libvcruntime:initialization.obj
 0001:0000b2f4       __vcrt_uninitialize_critical 000000018000c2f4 f   libvcruntime:initialization.obj
 0001:0000b304       __C_specific_handler       000000018000c304 f   libvcruntime:_chandler_.obj
 0001:0000b500       __std_type_info_compare    000000018000c500 f   libvcruntime:std_type_info.obj
 0001:0000b528       __std_type_info_destroy_list 000000018000c528 f   libvcruntime:std_type_info.obj
 0001:0000b554       __vcrt_initialize_pure_virtual_call_handler 000000018000c554 f   libvcruntime:purevirt_data.obj
 0001:0000b578       __vcrt_freefls             000000018000c578 f   libvcruntime:per_thread_data.obj
 0001:0000b598       __vcrt_freeptd             000000018000c598 f   libvcruntime:per_thread_data.obj
 0001:0000b5e8       __vcrt_getptd              000000018000c5e8 f   libvcruntime:per_thread_data.obj
 0001:0000b604       __vcrt_getptd_noexit       000000018000c604 f   libvcruntime:per_thread_data.obj
 0001:0000b6bc       __vcrt_initialize_ptd      000000018000c6bc f   libvcruntime:per_thread_data.obj
 0001:0000b6fc       __vcrt_uninitialize_ptd    000000018000c6fc f   libvcruntime:per_thread_data.obj
 0001:0000b720       ?__GetCurrentState@@YAHPEA_KPEAU_xDISPATCHER_CONTEXT@@PEBU_s_FuncInfo@@@Z 000000018000c720 f   libvcruntime:ehstate.obj
 0001:0000b748       ?__GetUnwindTryBlock@@YAHPEA_KPEAU_xDISPATCHER_CONTEXT@@PEBU_s_FuncInfo@@@Z 000000018000c748 f   libvcruntime:ehstate.obj
 0001:0000b774       ?__SetState@@YAXPEA_KPEAU_xDISPATCHER_CONTEXT@@PEBU_s_FuncInfo@@H@Z 000000018000c774 f   libvcruntime:ehstate.obj
 0001:0000b780       ?__SetUnwindTryBlock@@YAXPEA_KPEAU_xDISPATCHER_CONTEXT@@PEBU_s_FuncInfo@@H@Z 000000018000c780 f   libvcruntime:ehstate.obj
 0001:0000b7bc       ?__StateFromControlPc@@YAHPEBU_s_FuncInfo@@PEAU_xDISPATCHER_CONTEXT@@@Z 000000018000c7bc f   libvcruntime:ehstate.obj
 0001:0000b7c4       ?__StateFromIp@@YAHPEBU_s_FuncInfo@@PEAU_xDISPATCHER_CONTEXT@@_J@Z 000000018000c7c4 f   libvcruntime:ehstate.obj
 0001:0000b840       _CallSettingFrame          000000018000c840 f   libvcruntime:handlers.obj
 0001:0000b890       _local_unwind              000000018000c890 f   libvcruntime:_jmpuwind_.obj
 0001:0000b8c0       _NLG_Notify                000000018000c8c0 f   libvcruntime:_jmpuwind_.obj
 0001:0000b8e0       __NLG_Dispatch2            000000018000c8e0 f   libvcruntime:_jmpuwind_.obj
 0001:0000b8f0       __NLG_Return2              000000018000c8f0 f   libvcruntime:_jmpuwind_.obj
 0001:0000b8f4       __vcrt_initialize_locks    000000018000c8f4 f   libvcruntime:locks.obj
 0001:0000b93c       __vcrt_uninitialize_locks  000000018000c93c f   libvcruntime:locks.obj
 0001:0000b974       abort                      000000018000c974 f   libucrt:abort.obj
 0001:0000b9cc       calloc                     000000018000c9cc f   libucrt:calloc.obj
 0001:0000b9d4       __acrt_call_reportfault    000000018000c9d4 f   libucrt:invalid_parameter.obj
 0001:0000bb30       __acrt_initialize_invalid_parameter_handler 000000018000cb30 f   libucrt:invalid_parameter.obj
 0001:0000bb38       _invalid_parameter         000000018000cb38 f   libucrt:invalid_parameter.obj
 0001:0000bbe0       _invalid_parameter_noinfo  000000018000cbe0 f   libucrt:invalid_parameter.obj
 0001:0000bc00       _invalid_parameter_noinfo_noreturn 000000018000cc00 f   libucrt:invalid_parameter.obj
 0001:0000bc30       _invoke_watson             000000018000cc30 f   libucrt:invalid_parameter.obj
 0001:0000bc78       strcspn                    000000018000cc78 f   libucrt:strcspn.obj
 0001:0000bec0       ??$ensure_buffer_is_big_enough@D@formatting_buffer@__crt_stdio_output@@QEAA_N_K@Z 000000018000cec0 f i libucrt:output.obj
 0001:0000bf6c       ??$is_wide_character_specifier@D@__crt_stdio_output@@YA_N_KDW4length_modifier@0@@Z 000000018000cf6c f i libucrt:output.obj
 0001:0000bf9c       ??$type_case_integer_parse_into_buffer@I@?$output_processor@DV?$string_output_adapter@D@__crt_stdio_output@@V?$format_validation_base@DV?$string_output_adapter@D@__crt_stdio_output@@@2@@__crt_stdio_output@@AEAAXII_N@Z 000000018000cf9c f i libucrt:output.obj
 0001:0000c038       ??$type_case_integer_parse_into_buffer@_K@?$output_processor@DV?$string_output_adapter@D@__crt_stdio_output@@V?$format_validation_base@DV?$string_output_adapter@D@__crt_stdio_output@@@2@@__crt_stdio_output@@AEAAX_KI_N@Z 000000018000d038 f i libucrt:output.obj
 0001:0000c0d4       ??$write_multiple_characters@V?$string_output_adapter@D@__crt_stdio_output@@D@__crt_stdio_output@@YAXAEBV?$string_output_adapter@D@0@DHQEAH@Z 000000018000d0d4 f i libucrt:output.obj
 0001:0000c130       ??0?$output_processor@DV?$string_output_adapter@D@__crt_stdio_output@@V?$format_validation_base@DV?$string_output_adapter@D@__crt_stdio_output@@@2@@__crt_stdio_output@@QEAA@AEBV?$string_output_adapter@D@1@_KQEBDQEAU__crt_locale_pointers@@QEAD@Z 000000018000d130 f i libucrt:output.obj
 0001:0000c1ac       ??0_LocaleUpdate@@QEAA@QEAU__crt_locale_pointers@@@Z 000000018000d1ac f i libucrt:output.obj
 0001:0000c23c       ?force_decimal_point@__crt_stdio_output@@YAXPEADQEAU__crt_locale_pointers@@@Z 000000018000d23c f i libucrt:output.obj
 0001:0000c2ac       ?parse_int_from_format_string@?$output_processor@DV?$string_output_adapter@D@__crt_stdio_output@@V?$format_validation_base@DV?$string_output_adapter@D@__crt_stdio_output@@@2@@__crt_stdio_output@@AEAA_NQEAH@Z 000000018000d2ac f i libucrt:output.obj
 0001:0000c330       ?process@?$output_processor@DV?$string_output_adapter@D@__crt_stdio_output@@V?$format_validation_base@DV?$string_output_adapter@D@__crt_stdio_output@@@2@@__crt_stdio_output@@QEAAHXZ 000000018000d330 f i libucrt:output.obj
 0001:0000c544       ?state_case_normal@?$output_processor@DV?$string_output_adapter@D@__crt_stdio_output@@V?$format_validation_base@DV?$string_output_adapter@D@__crt_stdio_output@@@2@@__crt_stdio_output@@AEAA_NXZ 000000018000d544 f i libucrt:output.obj
 0001:0000c5b8       ?state_case_normal_tchar@?$output_processor@DV?$string_output_adapter@D@__crt_stdio_output@@V?$format_validation_base@DV?$string_output_adapter@D@__crt_stdio_output@@@2@@__crt_stdio_output@@AEAA_ND@Z 000000018000d5b8 f i libucrt:output.obj
 0001:0000c650       ?state_case_size@?$output_processor@DV?$string_output_adapter@D@__crt_stdio_output@@V?$format_validation_base@DV?$string_output_adapter@D@__crt_stdio_output@@@2@@__crt_stdio_output@@AEAA_NXZ 000000018000d650 f i libucrt:output.obj
 0001:0000c7cc       ?state_case_type@?$output_processor@DV?$string_output_adapter@D@__crt_stdio_output@@V?$format_validation_base@DV?$string_output_adapter@D@__crt_stdio_output@@@2@@__crt_stdio_output@@AEAA_NXZ 000000018000d7cc f i libucrt:output.obj
 0001:0000ca48       ?type_case_Z@?$output_processor@DV?$string_output_adapter@D@__crt_stdio_output@@V?$format_validation_base@DV?$string_output_adapter@D@__crt_stdio_output@@@2@@__crt_stdio_output@@AEAA_NXZ 000000018000da48 f i libucrt:output.obj
 0001:0000cac8       ?type_case_a@?$output_processor@DV?$string_output_adapter@D@__crt_stdio_output@@V?$format_validation_base@DV?$string_output_adapter@D@__crt_stdio_output@@@2@@__crt_stdio_output@@AEAA_NXZ 000000018000dac8 f i libucrt:output.obj
 0001:0000cce4       ?type_case_c_tchar@?$output_processor@DV?$string_output_adapter@D@__crt_stdio_output@@V?$format_validation_base@DV?$string_output_adapter@D@__crt_stdio_output@@@2@@__crt_stdio_output@@AEAA_ND@Z 000000018000dce4 f i libucrt:output.obj
 0001:0000cd98       ?type_case_integer@?$output_processor@DV?$string_output_adapter@D@__crt_stdio_output@@V?$format_validation_base@DV?$string_output_adapter@D@__crt_stdio_output@@@2@@__crt_stdio_output@@AEAA_NI_N@Z 000000018000dd98 f i libucrt:output.obj
 0001:0000cf38       ?type_case_n@?$output_processor@DV?$string_output_adapter@D@__crt_stdio_output@@V?$format_validation_base@DV?$string_output_adapter@D@__crt_stdio_output@@@2@@__crt_stdio_output@@AEAA_NXZ 000000018000df38 f i libucrt:output.obj
 0001:0000d014       ?type_case_s@?$output_processor@DV?$string_output_adapter@D@__crt_stdio_output@@V?$format_validation_base@DV?$string_output_adapter@D@__crt_stdio_output@@@2@@__crt_stdio_output@@AEAA_NXZ 000000018000e014 f i libucrt:output.obj
 0001:0000d0a4       ?write_stored_string_tchar@?$output_processor@DV?$string_output_adapter@D@__crt_stdio_output@@V?$format_validation_base@DV?$string_output_adapter@D@__crt_stdio_output@@@2@@__crt_stdio_output@@AEAA_ND@Z 000000018000e0a4 f i libucrt:output.obj
 0001:0000d17c       ?write_string@?$string_output_adapter@D@__crt_stdio_output@@QEBAXQEBDHQEAH1@Z 000000018000e17c f i libucrt:output.obj
 0001:0000d238       __stdio_common_vsprintf_s  000000018000e238 f   libucrt:output.obj
 0001:0000d29c       localeconv                 000000018000e29c f   libucrt:localeconv.obj
 0001:0000d2d0       free                       000000018000e2d0 f   libucrt:free.obj
 0001:0000d2d8       frexp                      000000018000e2d8 f   libucrt:frexp.obj
 0001:0000d3d0       __ascii_stricmp            000000018000e3d0 f   libucrt:stricmp.obj
 0001:0000d40c       _stricmp                   000000018000e40c f   libucrt:stricmp.obj
 0001:0000d454       _stricmp_l                 000000018000e454 f   libucrt:stricmp.obj
 0001:0000d508       __acrt_initialize_locks    000000018000e508 f   libucrt:locks.obj
 0001:0000d550       __acrt_lock                000000018000e550 f   libucrt:locks.obj
 0001:0000d56c       __acrt_uninitialize_locks  000000018000e56c f   libucrt:locks.obj
 0001:0000d5a4       __acrt_unlock              000000018000e5a4 f   libucrt:locks.obj
 0001:0000d5c0       _lock_locales              000000018000e5c0 f   libucrt:locks.obj
 0001:0000d5d0       _unlock_locales            000000018000e5d0 f   libucrt:locks.obj
 0001:0000d5e0       __acrt_errno_from_os_error 000000018000e5e0 f   libucrt:errno.obj
 0001:0000d628       __acrt_errno_map_os_error  000000018000e628 f   libucrt:errno.obj
 0001:0000d678       __doserrno                 000000018000e678 f   libucrt:errno.obj
 0001:0000d698       _errno                     000000018000e698 f   libucrt:errno.obj
 0001:0000d6b8       __acrt_initialize_stdio    000000018000e6b8 f   libucrt:_file.obj
 0001:0000d7d8       __acrt_iob_func            000000018000e7d8 f   libucrt:_file.obj
 0001:0000d7ec       __acrt_uninitialize_stdio  000000018000e7ec f   libucrt:_file.obj
 0001:0000d848       _get_stream_buffer_pointers 000000018000e848 f   libucrt:_file.obj
 0001:0000d890       _lock_file                 000000018000e890 f   libucrt:_file.obj
 0001:0000d89c       _unlock_file               000000018000e89c f   libucrt:_file.obj
 0001:0000d8a8       _fclose_nolock             000000018000e8a8 f   libucrt:fclose.obj
 0001:0000d92c       fclose                     000000018000e92c f   libucrt:fclose.obj
 0001:0000d998       __acrt_stdio_flush_nolock  000000018000e998 f   libucrt:fflush.obj
 0001:0000da10       _fflush_nolock             000000018000ea10 f   libucrt:fflush.obj
 0001:0000da5c       _flushall                  000000018000ea5c f   libucrt:fflush.obj
 0001:0000db4c       fflush                     000000018000eb4c f   libucrt:fflush.obj
 0001:0000db90       _fgetc_nolock              000000018000eb90 f   libucrt:fgetc.obj
 0001:0000dbd4       fgetc                      000000018000ebd4 f   libucrt:fgetc.obj
 0001:0000dcd8       fgetpos                    000000018000ecd8 f   libucrt:fgetpos.obj
 0001:0000dd24       fputc                      000000018000ed24 f   libucrt:fputc.obj
 0001:0000de44       fsetpos                    000000018000ee44 f   libucrt:fsetpos.obj
 0001:0000e0f0       _fseeki64                  000000018000f0f0 f   libucrt:fseek.obj
 0001:0000e0f8       ??$?RV<lambda_5d4c3fee44080f75d5d9762853974fe0>@@AEAV<lambda_532e024f4337e6fc7ad266c2bef9f4ed>@@V<lambda_c87bdc10097eb2402edb8ba9bdf0697b>@@@?$__crt_seh_guarded_call@_K@@QEAA_K$$QEAV<lambda_5d4c3fee44080f75d5d9762853974fe0>@@AEAV<lambda_532e024f4337e6fc7ad266c2bef9f4ed>@@$$QEAV<lambda_c87bdc10097eb2402edb8ba9bdf0697b>@@@Z 000000018000f0f8 f i libucrt:fwrite.obj
 0001:0000e19c       _fwrite_nolock             000000018000f19c f   libucrt:fwrite.obj
 0001:0000e338       fwrite                     000000018000f338 f   libucrt:fwrite.obj
 0001:0000e3bc       ??$?RV<lambda_7a5ef57ff966f610505f1d28a3d40618>@@AEAV<lambda_b721fa326cdb32351d23dfa67958c160>@@V<lambda_5e0fb27672408a07956fe59e48ccb2aa>@@@?$__crt_seh_guarded_call@H@@QEAAH$$QEAV<lambda_7a5ef57ff966f610505f1d28a3d40618>@@AEAV<lambda_b721fa326cdb32351d23dfa67958c160>@@$$QEAV<lambda_5e0fb27672408a07956fe59e48ccb2aa>@@@Z 000000018000f3bc f i libucrt:setvbuf.obj
 0001:0000e4ec       setvbuf                    000000018000f4ec f   libucrt:setvbuf.obj
 0001:0000e58c       _ungetc_nolock             000000018000f58c f   libucrt:ungetc.obj
 0001:0000e69c       ungetc                     000000018000f69c f   libucrt:ungetc.obj
 0001:0000e6fc       malloc                     000000018000f6fc f   libucrt:malloc.obj
 0001:0000e7ec       setlocale                  000000018000f7ec f   libucrt:setlocale.obj
 0001:0000e9b8       _calloc_base               000000018000f9b8 f   libucrt:calloc_base.obj
 0001:0000ea30       __pctype_func              000000018000fa30 f   libucrt:ctype.obj
 0001:0000ea60       isdigit                    000000018000fa60 f i libucrt:_ctype.obj
 0001:0000ead4       islower                    000000018000fad4 f i libucrt:_ctype.obj
 0001:0000eb48       isupper                    000000018000fb48 f i libucrt:_ctype.obj
 0001:0000ebbc       _wcsdup                    000000018000fbbc f   libucrt:wcsdup.obj
 0001:0000ec40       ___lc_codepage_func        000000018000fc40 f   libucrt:initctype.obj
 0001:0000ec70       ___lc_locale_name_func     000000018000fc70 f   libucrt:initctype.obj
 0001:0000eca4       ___mb_cur_max_func         000000018000fca4 f   libucrt:initctype.obj
 0001:0000ecd4       __acrt_locale_initialize_ctype 000000018000fcd4 f   libucrt:initctype.obj
 0001:0000f320       _ismbblead                 0000000180010320 f   libucrt:ismbbyte.obj
 0001:0000f334       _malloc_base               0000000180010334 f   libucrt:malloc_base.obj
 0001:0000f394       _realloc_base              0000000180010394 f   libucrt:realloc_base.obj
 0001:0000f420       ?divide@__crt_strtox@@YA_KAEAUbig_integer@1@AEBU21@@Z 0000000180010420 f i libucrt:strtod.obj
 0001:0000f980       pow                        0000000180010980 f   libucrt:pow.obj
 0001:00011020       powf                       0000000180012020 f   libucrt:powf.obj
 0001:00011ee8       __strncnt                  0000000180012ee8 f   libucrt:strncnt.obj
 0001:00011f00       _free_base                 0000000180012f00 f   libucrt:free_base.obj
 0001:00011f90       _tolower_l                 0000000180012f90 f   libucrt:tolower_toupper.obj
 0001:000120d0       tolower                    00000001800130d0 f   libucrt:tolower_toupper.obj
 0001:000120fc       wcscpy_s                   00000001800130fc f   libucrt:wcscpy_s.obj
 0001:00012164       strnlen                    0000000180013164 f   libucrt:strnlen.obj
 0001:000122c0       wcsnlen                    00000001800132c0 f   libucrt:strnlen.obj
 0001:000124b0       __acrt_initialize_new_handler 00000001800134b0 f   libucrt:new_handler.obj
 0001:000124b8       _callnewh                  00000001800134b8 f   libucrt:new_handler.obj
 0001:000124f8       _query_new_handler         00000001800134f8 f   libucrt:new_handler.obj
 0001:0001252c       _seh_filter_dll            000000018001352c f   libucrt:exception_filter.obj
 0001:00012540       _seh_filter_exe            0000000180013540 f   libucrt:exception_filter.obj
 0001:00012900       __acrt_initialize_thread_local_exit_callback 0000000180013900 f   libucrt:exit.obj
 0001:00012908       _cexit                     0000000180013908 f   libucrt:exit.obj
 0001:00012918       _exit                      0000000180013918 f   libucrt:exit.obj
 0001:00012924       _is_c_termination_complete 0000000180013924 f   libucrt:exit.obj
 0001:00012ae8       __acrt_allocate_buffer_for_argv 0000000180013ae8 f   libucrt:argv_parsing.obj
 0001:00012b4c       _configure_narrow_argv     0000000180013b4c f   libucrt:argv_parsing.obj
 0001:00012ea8       __dcrt_uninitialize_environments_nolock 0000000180013ea8 f   libucrt:environment_initialization.obj
 0001:00012ee0       _initialize_narrow_environment 0000000180013ee0 f   libucrt:environment_initialization.obj
 0001:00012ee8       ??$?RV<lambda_b8c45f8f788dd370798f47cfe8ac3a86>@@AEAV<lambda_4e60a939b0d047cfe11ddc22648dfba9>@@V<lambda_332c3edc96d0294ec56c57d38c1cdfd5>@@@?$__crt_seh_guarded_call@H@@QEAAH$$QEAV<lambda_b8c45f8f788dd370798f47cfe8ac3a86>@@AEAV<lambda_4e60a939b0d047cfe11ddc22648dfba9>@@$$QEAV<lambda_332c3edc96d0294ec56c57d38c1cdfd5>@@@Z 0000000180013ee8 f i libucrt:onexit.obj
 0001:00012f24       ??$?RV<lambda_e24bbb7b643b32fcea6fa61b31d4c984>@@AEAV<lambda_275893d493268fdec8709772e3fcec0e>@@V<lambda_9d71df4d7cf3f480f8d633942495c3b0>@@@?$__crt_seh_guarded_call@H@@QEAAH$$QEAV<lambda_e24bbb7b643b32fcea6fa61b31d4c984>@@AEAV<lambda_275893d493268fdec8709772e3fcec0e>@@$$QEAV<lambda_9d71df4d7cf3f480f8d633942495c3b0>@@@Z 0000000180013f24 f i libucrt:onexit.obj
 0001:000132a0       _crt_atexit                00000001800142a0 f   libucrt:onexit.obj
 0001:000132b0       _execute_onexit_table      00000001800142b0 f   libucrt:onexit.obj
 0001:000132ec       _initialize_onexit_table   00000001800142ec f   libucrt:onexit.obj
 0001:0001332c       _register_onexit_function  000000018001432c f   libucrt:onexit.obj
 0001:000133ac       __acrt_uninitialize_command_line 00000001800143ac f   libucrt:argv_data.obj
 0001:000133ac       ?do_always_noconv@?$codecvt@DDU_Mbstatet@@@std@@MEBA_NXZ 00000001800143ac f   libcpmt:cout.obj
 0001:000134ac       __acrt_initialize          00000001800144ac f   libucrt:initialization.obj
 0001:000134c0       __acrt_thread_attach       00000001800144c0 f   libucrt:initialization.obj
 0001:000134d4       __acrt_thread_detach       00000001800144d4 f   libucrt:initialization.obj
 0001:000134e4       __acrt_uninitialize        00000001800144e4 f   libucrt:initialization.obj
 0001:000134f8       __acrt_uninitialize_critical 00000001800144f8 f   libucrt:initialization.obj
 0001:00013508       _initterm                  0000000180014508 f   libucrt:initterm.obj
 0001:00013580       _initterm_e                0000000180014580 f   libucrt:initterm.obj
 0001:000135cc       terminate                  00000001800145cc f   libucrt:terminate.obj
 0001:000135f4       strcpy_s                   00000001800145f4 f   libucrt:strcpy_s.obj
 0001:00013654       ??$is_overflow_condition@K@__crt_strtox@@YA_NIK@Z 0000000180014654 f i libucrt:atox.obj
 0001:00013680       ??$make_c_string_character_source@DPEAPEAD@__crt_strtox@@YA?AV?$c_string_character_source@D@0@QEBDQEAPEAD@Z 0000000180014680 f i libucrt:strtod.obj
 0001:00013680       ??$make_c_string_character_source@_W$$T@__crt_strtox@@YA?AV?$c_string_character_source@_W@0@QEB_W$$T@Z 0000000180014680 f i libucrt:atox.obj
 0001:00013694       ??$parse_integer@KV?$c_string_character_source@D@__crt_strtox@@@__crt_strtox@@YAKQEAU__crt_locale_pointers@@V?$c_string_character_source@D@0@H_N@Z 0000000180014694 f i libucrt:atox.obj
 0001:000139a8       ??$parse_integer@KV?$c_string_character_source@_W@__crt_strtox@@@__crt_strtox@@YAKQEAU__crt_locale_pointers@@V?$c_string_character_source@_W@0@H_N@Z 00000001800149a8 f i libucrt:atox.obj
 0001:0001407c       _wtol                      000000018001507c f   libucrt:atox.obj
 0001:000140a8       ??$?RV<lambda_c36588078e9f5dfd39652860aa6b3aaf>@@AEAV<lambda_ec61778202f4f5fc7e7711acc23c3bca>@@V<lambda_dc9d2797ccde5d239b4a0efae8ebd7db>@@@?$__crt_seh_guarded_call@P6AXH@Z@@QEAAP6AXH@Z$$QEAV<lambda_c36588078e9f5dfd39652860aa6b3aaf>@@AEAV<lambda_ec61778202f4f5fc7e7711acc23c3bca>@@$$QEAV<lambda_dc9d2797ccde5d239b4a0efae8ebd7db>@@@Z 00000001800150a8 f i libucrt:signal.obj
 0001:000140f0       __acrt_get_sigabrt_handler 00000001800150f0 f   libucrt:signal.obj
 0001:00014120       __acrt_initialize_signal_handlers 0000000180015120 f   libucrt:signal.obj
 0001:00014140       raise                      0000000180015140 f   libucrt:signal.obj
 0001:000143dc       ??$?RV<lambda_46352004c1216016012b18bd6f87e700>@@AEAV<lambda_3bd07e1a1191394380780325891bf33f>@@V<lambda_334532d3f185bcaa59b5be82d7d22bff>@@@?$__crt_seh_guarded_call@X@@QEAAX$$QEAV<lambda_46352004c1216016012b18bd6f87e700>@@AEAV<lambda_3bd07e1a1191394380780325891bf33f>@@$$QEAV<lambda_334532d3f185bcaa59b5be82d7d22bff>@@@Z 00000001800153dc f i libucrt:per_thread_data.obj
 0001:0001443c       ??$?RV<lambda_5e887d1dcbef67a5eb4283622ba103bf>@@AEAV<lambda_4466841279450cc726390878d4a41900>@@V<lambda_341c25c0346d94847f1f3c463c57e077>@@@?$__crt_seh_guarded_call@X@@QEAAX$$QEAV<lambda_5e887d1dcbef67a5eb4283622ba103bf>@@AEAV<lambda_4466841279450cc726390878d4a41900>@@$$QEAV<lambda_341c25c0346d94847f1f3c463c57e077>@@@Z 000000018001543c f i libucrt:per_thread_data.obj
 0001:00014484       ??$?RV<lambda_72d1df2b273a38828b1ce30cbf4cdab5>@@AEAV<lambda_876a65b173b8412d3a47c70a915b0cf4>@@V<lambda_41932305e351933ebe8f8be3ed8bb5dc>@@@?$__crt_seh_guarded_call@X@@QEAAX$$QEAV<lambda_72d1df2b273a38828b1ce30cbf4cdab5>@@AEAV<lambda_876a65b173b8412d3a47c70a915b0cf4>@@$$QEAV<lambda_41932305e351933ebe8f8be3ed8bb5dc>@@@Z 0000000180015484 f i libucrt:per_thread_data.obj
 0001:000144c4       ??$?RV<lambda_fb3a7dec4e47f37f22dae91bb15c9095>@@AEAV<lambda_698284760c8add0bfb0756c19673e34b>@@V<lambda_dfb8eca1e75fef3034a8fb18dd509707>@@@?$__crt_seh_guarded_call@X@@QEAAX$$QEAV<lambda_fb3a7dec4e47f37f22dae91bb15c9095>@@AEAV<lambda_698284760c8add0bfb0756c19673e34b>@@$$QEAV<lambda_dfb8eca1e75fef3034a8fb18dd509707>@@@Z 00000001800154c4 f i libucrt:per_thread_data.obj
 0001:00014754       __acrt_freeptd             0000000180015754 f   libucrt:per_thread_data.obj
 0001:00014798       __acrt_getptd              0000000180015798 f   libucrt:per_thread_data.obj
 0001:0001482c       __acrt_getptd_noexit       000000018001582c f   libucrt:per_thread_data.obj
 0001:000148cc       __acrt_initialize_ptd      00000001800158cc f   libucrt:per_thread_data.obj
 0001:00014908       __acrt_uninitialize_ptd    0000000180015908 f   libucrt:per_thread_data.obj
 0001:0001492c       strtol                     000000018001592c f   libucrt:strtox.obj
 0001:0001495c       _mbtowc_l                  000000018001595c f   libucrt:mbtowc.obj
 0001:00014aa4       mbtowc                     0000000180015aa4 f   libucrt:mbtowc.obj
 0001:00014aac       _wctomb_s_l                0000000180015aac f   libucrt:wctomb.obj
 0001:00014c30       wctomb_s                   0000000180015c30 f   libucrt:wctomb.obj
 0001:00014c44       __acrt_update_locale_info  0000000180015c44 f   libucrt:locale_update.obj
 0001:00014c78       __acrt_update_multibyte_info 0000000180015c78 f   libucrt:locale_update.obj
 0001:00014cac       ?__acrt_fp_classify@@YA?AW4__acrt_fp_class@@AEBN@Z 0000000180015cac f i libucrt:cvt.obj
 0001:000156e4       __acrt_fp_format           00000001800166e4 f   libucrt:cvt.obj
 0001:00015928       _fileno                    0000000180016928 f   libucrt:fileno.obj
 0001:00015950       _get_printf_count_output   0000000180016950 f   libucrt:printf_count_output.obj
 0001:00015968       __acrt_stdio_begin_temporary_buffering_nolock 0000000180016968 f   libucrt:_sftbuf.obj
 0001:00015a38       __acrt_stdio_end_temporary_buffering_nolock 0000000180016a38 f   libucrt:_sftbuf.obj
 0001:00015a74       ??$?RV<lambda_5df02c53a8f32f81fd64e5bbb78039f1>@@AEAV<lambda_2af78c5f5901b1372d98f9ab3177dfa6>@@AEAV<lambda_f51fe5fd7c79a33db34fc9310f277369>@@@?$__crt_seh_guarded_call@X@@QEAAX$$QEAV<lambda_5df02c53a8f32f81fd64e5bbb78039f1>@@AEAV<lambda_2af78c5f5901b1372d98f9ab3177dfa6>@@AEAV<lambda_f51fe5fd7c79a33db34fc9310f277369>@@@Z 0000000180016a74 f i libucrt:wsetlocale.obj
 0001:00015aa0       ??$?RV<lambda_d67e8342c384adda8f857579ab50b2ae>@@AEAV<lambda_30712929f77e709619002f448b6a9510>@@V<lambda_4525336fd7e478d965fb7ca7a337cad8>@@@?$__crt_seh_guarded_call@X@@QEAAX$$QEAV<lambda_d67e8342c384adda8f857579ab50b2ae>@@AEAV<lambda_30712929f77e709619002f448b6a9510>@@$$QEAV<lambda_4525336fd7e478d965fb7ca7a337cad8>@@@Z 0000000180016aa0 f i libucrt:wsetlocale.obj
 0001:00015c6c       __acrt_copy_locale_name    0000000180016c6c f   libucrt:wsetlocale.obj
 0001:00015cf0       __acrt_set_locale_changed  0000000180016cf0 f   libucrt:wsetlocale.obj
 0001:00015cfc       __acrt_uninitialize_locale 0000000180016cfc f   libucrt:wsetlocale.obj
 0001:00015d44       __lc_lctowcs               0000000180016d44 f   libucrt:wsetlocale.obj
 0001:00015de8       __lc_wcstolc               0000000180016de8 f   libucrt:wsetlocale.obj
 0001:00016060       _expandlocale              0000000180017060 f   libucrt:wsetlocale.obj
 0001:0001645c       _wcscats                   000000018001745c f   libucrt:wsetlocale.obj
 0001:000164c4       _wsetlocale                00000001800174c4 f   libucrt:wsetlocale.obj
 0001:00016ef8       __acrt_initialize_lowio    0000000180017ef8 f   libucrt:ioinit.obj
 0001:00016f34       __acrt_uninitialize_lowio  0000000180017f34 f   libucrt:ioinit.obj
 0001:00016f74       _dsign                     0000000180017f74 f   libucrt:nan.obj
 0001:00016f8c       _errcode                   0000000180017f8c f   libucrt:fpexcept.obj
 0001:00016fd0       _except1                   0000000180017fd0 f   libucrt:fpexcept.obj
 0001:000170c4       _handle_exc                00000001800180c4 f   libucrt:fpexcept.obj
 0001:0001732c       _raise_exc                 000000018001832c f   libucrt:fpexcept.obj
 0001:00017354       _raise_exc_ex              0000000180018354 f   libucrt:fpexcept.obj
 0001:0001765c       _raise_excf                000000018001865c f   libucrt:fpexcept.obj
 0001:00017688       _set_errno_from_matherr    0000000180018688 f   libucrt:fpexcept.obj
 0001:000176b8       _umatherr                  00000001800186b8 f   libucrt:fpexcept.obj
 0001:0001778c       _decomp                    000000018001878c f   libucrt:util.obj
 0001:000178c0       _sptype                    00000001800188c0 f   libucrt:util.obj
 0001:00017934       _clrfp                     0000000180018934 f   libucrt:fpctrl.obj
 0001:00017954       _ctrlfp                    0000000180018954 f   libucrt:fpctrl.obj
 0001:000179d0       _set_statfp                00000001800189d0 f   libucrt:fpctrl.obj
 0001:000179f0       _statfp                    00000001800189f0 f   libucrt:fpctrl.obj
 0001:00017a48       ??$?RV<lambda_630b2aca97f6d20d5b5ea6529ea6b6af>@@AEAV<lambda_af91936f1d075d609f72d9d8cba980af>@@V<lambda_e82fa975f615b5c7c7b0e4d178fdae67>@@@?$__crt_seh_guarded_call@H@@QEAAH$$QEAV<lambda_630b2aca97f6d20d5b5ea6529ea6b6af>@@AEAV<lambda_af91936f1d075d609f72d9d8cba980af>@@$$QEAV<lambda_e82fa975f615b5c7c7b0e4d178fdae67>@@@Z 0000000180018a48 f i libucrt:winapi_thunks.obj
 0001:00017c80       __acrt_EnumSystemLocalesEx 0000000180018c80 f   libucrt:winapi_thunks.obj
 0001:00017d28       __acrt_FlsAlloc            0000000180018d28 f   libucrt:winapi_thunks.obj
 0001:00017d80       __acrt_FlsFree             0000000180018d80 f   libucrt:winapi_thunks.obj
 0001:00017dd8       __acrt_FlsGetValue         0000000180018dd8 f   libucrt:winapi_thunks.obj
 0001:00017e30       __acrt_FlsSetValue         0000000180018e30 f   libucrt:winapi_thunks.obj
 0001:00017e98       __acrt_GetLocaleInfoEx     0000000180018e98 f   libucrt:winapi_thunks.obj
 0001:00017f30       __acrt_GetUserDefaultLocaleName 0000000180018f30 f   libucrt:winapi_thunks.obj
 0001:00017fa4       __acrt_InitializeCriticalSectionEx 0000000180018fa4 f   libucrt:winapi_thunks.obj
 0001:0001801c       __acrt_IsValidLocaleName   000000018001901c f   libucrt:winapi_thunks.obj
 0001:00018084       __acrt_LCIDToLocaleName    0000000180019084 f   libucrt:winapi_thunks.obj
 0001:00018110       __acrt_LCMapStringEx       0000000180019110 f   libucrt:winapi_thunks.obj
 0001:00018200       __acrt_LocaleNameToLCID    0000000180019200 f   libucrt:winapi_thunks.obj
 0001:00018268       __acrt_can_use_vista_locale_apis 0000000180019268 f   libucrt:winapi_thunks.obj
 0001:00018298       __acrt_initialize_winapi_thunks 0000000180019298 f   libucrt:winapi_thunks.obj
 0001:000182d0       __acrt_is_packaged_app     00000001800192d0 f   libucrt:winapi_thunks.obj
 0001:00018358       __acrt_uninitialize_winapi_thunks 0000000180019358 f   libucrt:winapi_thunks.obj
 0001:0001839c       _fcloseall                 000000018001939c f   libucrt:closeall.obj
 0001:00018450       __acrt_stdio_free_buffer_nolock 0000000180019450 f   libucrt:_freebuf.obj
 0001:00018490       ??$?RV<lambda_bfedae4ebbf01fab1bb6dcc6a9e276e0>@@AEAV<lambda_2fe9b910cf3cbf4a0ab98a02ba45b3ec>@@V<lambda_237c231691f317818eb88cc1d5d642d6>@@@?$__crt_seh_guarded_call@H@@QEAAH$$QEAV<lambda_bfedae4ebbf01fab1bb6dcc6a9e276e0>@@AEAV<lambda_2fe9b910cf3cbf4a0ab98a02ba45b3ec>@@$$QEAV<lambda_237c231691f317818eb88cc1d5d642d6>@@@Z 0000000180019490 f i libucrt:close.obj
 0001:00018504       _close                     0000000180019504 f   libucrt:close.obj
 0001:000185a8       _close_nolock              00000001800195a8 f   libucrt:close.obj
 0001:00018664       ?__acrt_stdio_free_stream@@YAXV__crt_stdio_stream@@@Z 0000000180019664 f   libucrt:stream.obj
 0001:000186a8       ??$?RV<lambda_b521505b218e5242e90febf6bfebc422>@@AEAV<lambda_6978c1fb23f02e42e1d9e99668cc68aa>@@V<lambda_314360699dd331753a4119843814e9a7>@@@?$__crt_seh_guarded_call@H@@QEAAH$$QEAV<lambda_b521505b218e5242e90febf6bfebc422>@@AEAV<lambda_6978c1fb23f02e42e1d9e99668cc68aa>@@$$QEAV<lambda_314360699dd331753a4119843814e9a7>@@@Z 00000001800196a8 f i libucrt:commit.obj
 0001:00018734       _commit                    0000000180019734 f   libucrt:commit.obj
 0001:00018d68       _write                     0000000180019d68 f   libucrt:write.obj
 0001:00018e54       _write_nolock              0000000180019e54 f   libucrt:write.obj
 0001:000192e0       __acrt_stdio_refill_and_read_narrow_nolock 000000018001a2e0 f   libucrt:_filbuf.obj
 0001:000197a4       _ftelli64                  000000018001a7a4 f   libucrt:ftell.obj
 0001:000197ac       _ftelli64_nolock           000000018001a7ac f   libucrt:ftell.obj
 0001:000198b8       __acrt_stdio_flush_and_write_narrow_nolock 000000018001a8b8 f   libucrt:_flsbuf.obj
 0001:00019b2c       _lseeki64                  000000018001ab2c f   libucrt:lseek.obj
 0001:00019b34       _lseeki64_nolock           000000018001ab34 f   libucrt:lseek.obj
 0001:00019b3c       __acrt_stdio_allocate_buffer_nolock 000000018001ab3c f   libucrt:_getbuf.obj
 0001:00019d7c       _mbstowcs_s_l              000000018001ad7c f   libucrt:mbstowcs.obj
 0001:00019eac       mbstowcs_s                 000000018001aeac f   libucrt:mbstowcs.obj
 0001:0001a200       _wcstombs_s_l              000000018001b200 f   libucrt:wcstombs.obj
 0001:0001a2ec       _query_new_mode            000000018001b2ec f   libucrt:new_mode.obj
 0001:0001a2f4       __acrt_initialize_heap     000000018001b2f4 f   libucrt:heap_handle.obj
 0001:0001a310       __acrt_uninitialize_heap   000000018001b310 f   libucrt:heap_handle.obj
 0001:0001a31c       _isctype_l                 000000018001b31c f   libucrt:isctype.obj
 0001:0001a5cc       __acrt_GetLocaleInfoA      000000018001b5cc f   libucrt:getlocaleinfoa.obj
 0001:0001a794       __acrt_GetStringTypeA      000000018001b794 f   libucrt:getstringtypea.obj
 0001:0001aca4       __acrt_LCMapStringA        000000018001bca4 f   libucrt:lcmapstringa.obj
 0001:0001ad3c       iswctype                   000000018001bd3c f   libucrt:iswctype.obj
 0001:0001adb0       __acrt_initialize_fma3     000000018001bdb0 f   libucrt:fma3_available.obj
 0001:0001ae20       _pow_special               000000018001be20 f   libucrt:pow_special.obj
 0001:0001af44       _powf_special              000000018001bf44 f   libucrt:pow_special.obj
 0001:0001b0d0       _wcsicmp                   000000018001c0d0 f   libucrt:wcsicmp.obj
 0001:0001b158       _wcsicmp_l                 000000018001c158 f   libucrt:wcsicmp.obj
 0001:0001b248       __acrt_initialize_timeset  000000018001c248 f   libucrt:timeset.obj
 0001:0001b278       _isleadbyte_l              000000018001c278 f i libucrt:_wctype.obj
 0001:0001b794       ?expand_if_necessary@?$argument_list@D@?A0xca0879c4@@AEAAHXZ 000000018001c794 f i libucrt:argv_wildcards.obj
 0001:0001b85c       __acrt_expand_narrow_argv_wildcards 000000018001c85c f   libucrt:argv_wildcards.obj
 0001:0001b864       ??$?RV<lambda_99476a1ad63dd22509b5d3e65b0ffc95>@@AEAV<lambda_ad1ced32f4ac17aa236e5ef05d6b3b7c>@@V<lambda_f7424dd8d45958661754dc4f2697e9c3>@@@?$__crt_seh_guarded_call@X@@QEAAX$$QEAV<lambda_99476a1ad63dd22509b5d3e65b0ffc95>@@AEAV<lambda_ad1ced32f4ac17aa236e5ef05d6b3b7c>@@$$QEAV<lambda_f7424dd8d45958661754dc4f2697e9c3>@@@Z 000000018001c864 f i libucrt:mbctype.obj
 0001:0001bf60       __acrt_initialize_multibyte 000000018001cf60 f   libucrt:mbctype.obj
 0001:0001bf88       __acrt_update_thread_multibyte_data 000000018001cf88 f   libucrt:mbctype.obj
 0001:0001c048       _setmbcp_nolock            000000018001d048 f   libucrt:mbctype.obj
 0001:0001c2f0       __acrt_initialize_command_line 000000018001d2f0 f   libucrt:argv_data.obj
 0001:0001c318       __dcrt_get_narrow_environment_from_os 000000018001d318 f   libucrt:get_environment_from_os.obj
 0001:0001c41c       _recalloc                  000000018001d41c f   libucrt:recalloc.obj
 0001:0001c424       _recalloc_base             000000018001d424 f   libucrt:recalloc.obj
 0001:0001c4bc       __acrt_execute_initializers 000000018001d4bc f   libucrt:shared_initialization.obj
 0001:0001c550       __acrt_execute_uninitializers 000000018001d550 f   libucrt:shared_initialization.obj
 0001:0001c5a0       __acrt_has_user_matherr    000000018001d5a0 f   libucrt:matherr.obj
 0001:0001c5c0       __acrt_initialize_user_matherr 000000018001d5c0 f   libucrt:matherr.obj
 0001:0001c5c8       __acrt_invoke_user_matherr 000000018001d5c8 f   libucrt:matherr.obj
 0001:0001c610       __acrt_add_locale_ref      000000018001d610 f   libucrt:locale_refcounting.obj
 0001:0001c69c       __acrt_free_locale         000000018001d69c f   libucrt:locale_refcounting.obj
 0001:0001c814       __acrt_locale_add_lc_time_reference 000000018001d814 f   libucrt:locale_refcounting.obj
 0001:0001c83c       __acrt_locale_free_lc_time_if_unreferenced 000000018001d83c f   libucrt:locale_refcounting.obj
 0001:0001c874       __acrt_locale_release_lc_time_reference 000000018001d874 f   libucrt:locale_refcounting.obj
 0001:0001c89c       __acrt_release_locale_ref  000000018001d89c f   libucrt:locale_refcounting.obj
 0001:0001c944       __acrt_update_thread_locale_data 000000018001d944 f   libucrt:locale_refcounting.obj
 0001:0001c9b4       _updatetlocinfoEx_nolock   000000018001d9b4 f   libucrt:locale_refcounting.obj
 0001:0001ca1c       __acrt_fp_strflt_to_string 000000018001da1c f   libucrt:_fptostr.obj
 0001:0001cadc       __acrt_fltout              000000018001dadc f   libucrt:cfout.obj
 0001:0001de48       _isatty                    000000018001ee48 f   libucrt:isatty.obj
 0001:0001dea8       __acrt_locale_free_monetary 000000018001eea8 f   libucrt:initmon.obj
 0001:0001dfb4       __acrt_locale_initialize_monetary 000000018001efb4 f   libucrt:initmon.obj
 0001:0001e4ec       __acrt_locale_free_numeric 000000018001f4ec f   libucrt:initnum.obj
 0001:0001e558       __acrt_locale_initialize_numeric 000000018001f558 f   libucrt:initnum.obj
 0001:0001ebdc       __acrt_locale_free_time    000000018001fbdc f   libucrt:inittime.obj
 0001:0001ece4       __acrt_locale_initialize_time 000000018001fce4 f   libucrt:inittime.obj
 0001:0001ed78       wcscat_s                   000000018001fd78 f   libucrt:wcscat_s.obj
 0001:0001edf8       wcsncpy_s                  000000018001fdf8 f   libucrt:wcsncpy_s.obj
 0001:0001eedc       wcscspn                    000000018001fedc f   libucrt:wcscspn.obj
 0001:0001ef1c       wcsncmp                    000000018001ff1c f   libucrt:wcsncmp.obj
 0001:0001ef48       wcspbrk                    000000018001ff48 f   libucrt:wcspbrk.obj
 0001:0001f7ec       __acrt_get_qualified_locale 00000001800207ec f   libucrt:get_qualified_locale.obj
 0001:000201d8       __acrt_get_qualified_locale_downlevel 00000001800211d8 f   libucrt:getqloc_downlevel.obj
 0001:00020468       __acrt_lowio_create_handle_array 0000000180021468 f   libucrt:osfinfo.obj
 0001:00020500       __acrt_lowio_destroy_handle_array 0000000180021500 f   libucrt:osfinfo.obj
 0001:00020550       __acrt_lowio_ensure_fh_exists 0000000180021550 f   libucrt:osfinfo.obj
 0001:00020608       __acrt_lowio_lock_fh       0000000180021608 f   libucrt:osfinfo.obj
 0001:0002062c       __acrt_lowio_unlock_fh     000000018002162c f   libucrt:osfinfo.obj
 0001:00020650       _free_osfhnd               0000000180021650 f   libucrt:osfinfo.obj
 0001:0002070c       _get_osfhandle             000000018002170c f   libucrt:osfinfo.obj
 0001:000207a0       _get_fpsr                  00000001800217a0 f   libucrt:fpsr.obj
 0001:000207b0       _set_fpsr                  00000001800217b0 f   libucrt:fpsr.obj
 0001:000207ba       _fclrf                     00000001800217ba f   libucrt:fpsr.obj
 0001:000207ce       _frnd                      00000001800217ce f   libucrt:fpsr.obj
 0001:000208b8       __acrt_DownlevelLCIDToLocaleName 00000001800218b8 f   libucrt:lcidtoname_downlevel.obj
 0001:0002099c       __acrt_DownlevelLocaleNameToLCID 000000018002199c f   libucrt:lcidtoname_downlevel.obj
 0001:000209d0       _putwch_nolock             00000001800219d0 f   libucrt:putwch.obj
 0001:00020f5c       _read                      0000000180021f5c f   libucrt:read.obj
 0001:00021074       _read_nolock               0000000180022074 f   libucrt:read.obj
 0001:000214dc       strncpy_s                  00000001800224dc f   libucrt:strncpy_s.obj
 0001:000215b0       _getfpcontrolword          00000001800225b0 f   libucrt:_fenvutils.obj
 0001:000215c8       _getfpstatusword           00000001800225c8 f   libucrt:_fenvutils.obj
 0001:000215dc       _setfpcontrolword          00000001800225dc f   libucrt:_fenvutils.obj
 0001:000215e8       _setfpstatusword           00000001800225e8 f   libucrt:_fenvutils.obj
 0001:0002175c       _handle_error              000000018002275c f   libucrt:libm_error.obj
 0001:00021884       _handle_errorf             0000000180022884 f   libucrt:libm_error.obj
[...]
 0004:00001db8       $pdata$??$common_xtox_s@K_W@@YAHKQEA_W_KI_N@Z 000000018003edb8     libucrt:xtoa.obj
 0004:00001dc4       $pdata$_itow_s             000000018003edc4     libucrt:xtoa.obj
 0004:00001dd0       $pdata$_wcsnicmp           000000018003edd0     libucrt:wcsnicmp.obj
 0004:00001ddc       $pdata$_wcsnicmp_l         000000018003eddc     libucrt:wcsnicmp.obj
 0004:00001de8       $pdata$__dcrt_lowio_initialize_console_output 000000018003ede8     libucrt:initcon.obj
 0004:00001df4       $pdata$__dcrt_terminate_console_output 000000018003edf4     libucrt:initcon.obj
 0004:00001e00       $pdata$_clearfp            000000018003ee00     libucrt:ieee.obj
 0004:00001e0c       $pdata$common_control87    000000018003ee0c     libucrt:ieee.obj
 0004:00001e18       $pdata$__acrt_LCMapStringW 000000018003ee18     libucrt:lcmapstringw.obj
 0004:00001e24       $pdata$_log10_special      000000018003ee24     libucrt:log_special.obj
 0004:00001e30       $pdata$_log_special_common 000000018003ee30     libucrt:log_special.obj
 0004:00001e3c       $pdata$?DloadAcquireSectionWriteAccess@@YAXXZ 000000018003ee3c     DelayImp:delayhlp.obj
 0004:00001e48       $pdata$?DloadGetSRWLockFunctionPointers@@YAEXZ 000000018003ee48     DelayImp:delayhlp.obj
 0004:00001e54       $pdata$?DloadMakePermanentImageCommit@@YAXPEAX_K@Z 000000018003ee54     DelayImp:delayhlp.obj
 0004:00001e60       $pdata$?DloadObtainSection@@YAPEAXPEAK0@Z 000000018003ee60     DelayImp:delayhlp.obj
 0004:00001e6c       $pdata$?DloadProtectSection@@YAXKPEAK@Z 000000018003ee6c     DelayImp:delayhlp.obj
 0004:00001e78       $pdata$?DloadReleaseSectionWriteAccess@@YAXXZ 000000018003ee78     DelayImp:delayhlp.obj
 0004:00001e84       $pdata$__delayLoadHelper2  000000018003ee84     DelayImp:delayhlp.obj
 0004:00001e90       $pdata$_IsNonwritableInCurrentImage 000000018003ee90     LIBCMT:pesect.obj
 0004:00001e9c       $pdata$strrchr             000000018003ee9c     libvcruntime:strrchr.obj
 0004:00001ea8       $pdata$wcschr              000000018003eea8     libvcruntime:wcschr.obj
 0004:00001ec0       $pdata$?dtor$0@?0???0?$basic_ostream@DU?$char_traits@D@std@@@std@@QEAA@PEAV?$basic_streambuf@DU?$char_traits@D@std@@@1@_N@Z@4HA 000000018003eec0     libcpmt:cout.obj
 0004:00001ecc       $pdata$?dtor$0@?0??_Getcat@?$codecvt@DDU_Mbstatet@@@std@@SA_KPEAPEBVfacet@locale@2@PEBV42@@Z@4HA 000000018003eecc     libcpmt:cout.obj
 0004:00001ed8       $pdata$__scrt_is_nonwritable_in_current_image$filt$0 000000018003eed8     LIBCMT:utility.obj
 0004:00001ee4       $pdata$?fin$0@?0??dllmain_crt_process_attach@@YAHQEAUHINSTANCE__@@QEAX@Z@4HA 000000018003eee4     LIBCMT:dll_dllmain.obj
 0004:00001ef0       $pdata$?fin$0@?0??dllmain_crt_process_detach@@YAH_N@Z@4HA 000000018003eef0     LIBCMT:dll_dllmain.obj
 0004:00001efc       $pdata$?filt$0@?0??dllmain_dispatch@@YAHQEAUHINSTANCE__@@KQEAX@Z@4HA 000000018003eefc     LIBCMT:dll_dllmain.obj
 0004:00001f08       $pdata$__CxxCallCatchBlock$filt$0 000000018003ef08     libvcruntime:frame.obj
 0004:00001f14       $pdata$__CxxCallCatchBlock$fin$1 000000018003ef14     libvcruntime:frame.obj
 0004:00001f20       $pdata$__DestructExceptionObject$filt$0 000000018003ef20     libvcruntime:frame.obj
 0004:00001f2c       $pdata$__FrameUnwindToState$filt$0 000000018003ef2c     libvcruntime:frame.obj
 0004:00001f38       $pdata$__FrameUnwindToState$fin$1 000000018003ef38     libvcruntime:frame.obj
 0004:00001f44       $pdata$_CallSETranslator$filt$0 000000018003ef44     libvcruntime:trnsctrl.obj
 0004:00001f50       $pdata$fclose$fin$0        000000018003ef50     libucrt:fclose.obj
 0004:00001f50       $pdata$fflush$fin$0        000000018003ef50     libucrt:fflush.obj
 0004:00001f5c       $pdata$common_flush_all$fin$0 000000018003ef5c     libucrt:fflush.obj
 0004:00001f68       $pdata$common_flush_all$fin$1 000000018003ef68     libucrt:fflush.obj
 0004:00001f74       $pdata$fgetc$fin$0         000000018003ef74     libucrt:fgetc.obj
 0004:00001f80       $pdata$fputc$fin$0         000000018003ef80     libucrt:fputc.obj
 0004:00001f8c       $pdata$?fin$0@?0???$?RV<lambda_7a5ef57ff966f610505f1d28a3d40618>@@AEAV<lambda_b721fa326cdb32351d23dfa67958c160>@@V<lambda_5e0fb27672408a07956fe59e48ccb2aa>@@@?$__crt_seh_guarded_call@H@@QEAAH$$QEAV<lambda_7a5ef57ff966f610505f1d28a3d40618>@@AEAV<lambda_b721fa326cdb32351d23dfa67958c160>@@$$QEAV<lambda_5e0fb27672408a07956fe59e48ccb2aa>@@@Z@4HA 000000018003ef8c     libucrt:setvbuf.obj
 0004:00001f8c       $pdata$?fin$0@?0???$?RV<lambda_5d4c3fee44080f75d5d9762853974fe0>@@AEAV<lambda_532e024f4337e6fc7ad266c2bef9f4ed>@@V<lambda_c87bdc10097eb2402edb8ba9bdf0697b>@@@?$__crt_seh_guarded_call@_K@@QEAA_K$$QEAV<lambda_5d4c3fee44080f75d5d9762853974fe0>@@AEAV<lambda_532e024f4337e6fc7ad266c2bef9f4ed>@@$$QEAV<lambda_c87bdc10097eb2402edb8ba9bdf0697b>@@@Z@4HA 000000018003ef8c     libucrt:fwrite.obj
 0004:00001f98       $pdata$ungetc$fin$0        000000018003ef98     libucrt:ungetc.obj
 0004:00001fa4       $pdata$setlocale$fin$0     000000018003efa4     libucrt:setlocale.obj
 0004:00001fb0       $pdata$_query_new_handler$fin$0 000000018003efb0     libucrt:new_handler.obj
 0004:00001fbc       $pdata$?filt$0@?0??common_exit@@YAXHW4_crt_exit_cleanup_mode@@W4_crt_exit_return_mode@@@Z@4HA 000000018003efbc     libucrt:exit.obj
 0004:00001fc8       $pdata$?fin$1@?0??common_exit@@YAXHW4_crt_exit_cleanup_mode@@W4_crt_exit_return_mode@@@Z@4HA 000000018003efc8     libucrt:exit.obj
 0004:00001fd4       $pdata$?fin$0@?0???$?RV<lambda_e24bbb7b643b32fcea6fa61b31d4c984>@@AEAV<lambda_275893d493268fdec8709772e3fcec0e>@@V<lambda_9d71df4d7cf3f480f8d633942495c3b0>@@@?$__crt_seh_guarded_call@H@@QEAAH$$QEAV<lambda_e24bbb7b643b32fcea6fa61b31d4c984>@@AEAV<lambda_275893d493268fdec8709772e3fcec0e>@@$$QEAV<lambda_9d71df4d7cf3f480f8d633942495c3b0>@@@Z@4HA 000000018003efd4     libucrt:onexit.obj
 0004:00001fe0       $pdata$raise$fin$0         000000018003efe0     libucrt:signal.obj
 0004:00001fec       $pdata$?fin$0@?0???$?RV<lambda_630b2aca97f6d20d5b5ea6529ea6b6af>@@AEAV<lambda_af91936f1d075d609f72d9d8cba980af>@@V<lambda_e82fa975f615b5c7c7b0e4d178fdae67>@@@?$__crt_seh_guarded_call@H@@QEAAH$$QEAV<lambda_630b2aca97f6d20d5b5ea6529ea6b6af>@@AEAV<lambda_af91936f1d075d609f72d9d8cba980af>@@$$QEAV<lambda_e82fa975f615b5c7c7b0e4d178fdae67>@@@Z@4HA 000000018003efec     libucrt:winapi_thunks.obj
 0004:00001fec       $pdata$?fin$0@?0???$?RV<lambda_72d1df2b273a38828b1ce30cbf4cdab5>@@AEAV<lambda_876a65b173b8412d3a47c70a915b0cf4>@@V<lambda_41932305e351933ebe8f8be3ed8bb5dc>@@@?$__crt_seh_guarded_call@X@@QEAAX$$QEAV<lambda_72d1df2b273a38828b1ce30cbf4cdab5>@@AEAV<lambda_876a65b173b8412d3a47c70a915b0cf4>@@$$QEAV<lambda_41932305e351933ebe8f8be3ed8bb5dc>@@@Z@4HA 000000018003efec     libucrt:per_thread_data.obj
 0004:00001fec       $pdata$?fin$0@?0???$?RV<lambda_b8c45f8f788dd370798f47cfe8ac3a86>@@AEAV<lambda_4e60a939b0d047cfe11ddc22648dfba9>@@V<lambda_332c3edc96d0294ec56c57d38c1cdfd5>@@@?$__crt_seh_guarded_call@H@@QEAAH$$QEAV<lambda_b8c45f8f788dd370798f47cfe8ac3a86>@@AEAV<lambda_4e60a939b0d047cfe11ddc22648dfba9>@@$$QEAV<lambda_332c3edc96d0294ec56c57d38c1cdfd5>@@@Z@4HA 000000018003efec     libucrt:onexit.obj
 0004:00001fec       $pdata$?fin$0@?0???$?RV<lambda_fb3a7dec4e47f37f22dae91bb15c9095>@@AEAV<lambda_698284760c8add0bfb0756c19673e34b>@@V<lambda_dfb8eca1e75fef3034a8fb18dd509707>@@@?$__crt_seh_guarded_call@X@@QEAAX$$QEAV<lambda_fb3a7dec4e47f37f22dae91bb15c9095>@@AEAV<lambda_698284760c8add0bfb0756c19673e34b>@@$$QEAV<lambda_dfb8eca1e75fef3034a8fb18dd509707>@@@Z@4HA 000000018003efec     libucrt:per_thread_data.obj
 0004:00001fec       $pdata$?fin$0@?0???$?RV<lambda_99476a1ad63dd22509b5d3e65b0ffc95>@@AEAV<lambda_ad1ced32f4ac17aa236e5ef05d6b3b7c>@@V<lambda_f7424dd8d45958661754dc4f2697e9c3>@@@?$__crt_seh_guarded_call@X@@QEAAX$$QEAV<lambda_99476a1ad63dd22509b5d3e65b0ffc95>@@AEAV<lambda_ad1ced32f4ac17aa236e5ef05d6b3b7c>@@$$QEAV<lambda_f7424dd8d45958661754dc4f2697e9c3>@@@Z@4HA 000000018003efec     libucrt:mbctype.obj
 0004:00001fec       $pdata$?fin$0@?0???$?RV<lambda_5e887d1dcbef67a5eb4283622ba103bf>@@AEAV<lambda_4466841279450cc726390878d4a41900>@@V<lambda_341c25c0346d94847f1f3c463c57e077>@@@?$__crt_seh_guarded_call@X@@QEAAX$$QEAV<lambda_5e887d1dcbef67a5eb4283622ba103bf>@@AEAV<lambda_4466841279450cc726390878d4a41900>@@$$QEAV<lambda_341c25c0346d94847f1f3c463c57e077>@@@Z@4HA 000000018003efec     libucrt:per_thread_data.obj
 0004:00001fec       $pdata$?fin$0@?0???$?RV<lambda_d67e8342c384adda8f857579ab50b2ae>@@AEAV<lambda_30712929f77e709619002f448b6a9510>@@V<lambda_4525336fd7e478d965fb7ca7a337cad8>@@@?$__crt_seh_guarded_call@X@@QEAAX$$QEAV<lambda_d67e8342c384adda8f857579ab50b2ae>@@AEAV<lambda_30712929f77e709619002f448b6a9510>@@$$QEAV<lambda_4525336fd7e478d965fb7ca7a337cad8>@@@Z@4HA 000000018003efec     libucrt:wsetlocale.obj
 0004:00001fec       $pdata$?fin$0@?0???$?RV<lambda_46352004c1216016012b18bd6f87e700>@@AEAV<lambda_3bd07e1a1191394380780325891bf33f>@@V<lambda_334532d3f185bcaa59b5be82d7d22bff>@@@?$__crt_seh_guarded_call@X@@QEAAX$$QEAV<lambda_46352004c1216016012b18bd6f87e700>@@AEAV<lambda_3bd07e1a1191394380780325891bf33f>@@$$QEAV<lambda_334532d3f185bcaa59b5be82d7d22bff>@@@Z@4HA 000000018003efec     libucrt:per_thread_data.obj
 0004:00001fec       $pdata$?fin$0@?0???$?RV<lambda_c36588078e9f5dfd39652860aa6b3aaf>@@AEAV<lambda_ec61778202f4f5fc7e7711acc23c3bca>@@V<lambda_dc9d2797ccde5d239b4a0efae8ebd7db>@@@?$__crt_seh_guarded_call@P6AXH@Z@@QEAAP6AXH@Z$$QEAV<lambda_c36588078e9f5dfd39652860aa6b3aaf>@@AEAV<lambda_ec61778202f4f5fc7e7711acc23c3bca>@@$$QEAV<lambda_dc9d2797ccde5d239b4a0efae8ebd7db>@@@Z@4HA 000000018003efec     libucrt:signal.obj
 0004:00001ff8       $pdata$?fin$0@?0???$?RV<lambda_5df02c53a8f32f81fd64e5bbb78039f1>@@AEAV<lambda_2af78c5f5901b1372d98f9ab3177dfa6>@@AEAV<lambda_f51fe5fd7c79a33db34fc9310f277369>@@@?$__crt_seh_guarded_call@X@@QEAAX$$QEAV<lambda_5df02c53a8f32f81fd64e5bbb78039f1>@@AEAV<lambda_2af78c5f5901b1372d98f9ab3177dfa6>@@AEAV<lambda_f51fe5fd7c79a33db34fc9310f277369>@@@Z@4HA 000000018003eff8     libucrt:wsetlocale.obj
 0004:00002004       $pdata$__acrt_lowio_ensure_fh_exists$fin$0 000000018003f004     libucrt:osfinfo.obj
 0004:00002004       $pdata$__acrt_initialize_lowio$fin$0 000000018003f004     libucrt:ioinit.obj
 0004:00002010       $pdata$common_control87$filt$0 000000018003f010     libucrt:ieee.obj
 0004:00002010       $pdata$_ctrlfp$filt$0      000000018003f010     libucrt:fpctrl.obj
 0004:0000201c       $pdata$_fcloseall$fin$0    000000018003f01c     libucrt:closeall.obj
 0004:00002028       $pdata$?fin$0@?0???$?RV<lambda_b521505b218e5242e90febf6bfebc422>@@AEAV<lambda_6978c1fb23f02e42e1d9e99668cc68aa>@@V<lambda_314360699dd331753a4119843814e9a7>@@@?$__crt_seh_guarded_call@H@@QEAAH$$QEAV<lambda_b521505b218e5242e90febf6bfebc422>@@AEAV<lambda_6978c1fb23f02e42e1d9e99668cc68aa>@@$$QEAV<lambda_314360699dd331753a4119843814e9a7>@@@Z@4HA 000000018003f028     libucrt:commit.obj
 0004:00002028       $pdata$?fin$0@?0???$?RV<lambda_bfedae4ebbf01fab1bb6dcc6a9e276e0>@@AEAV<lambda_2fe9b910cf3cbf4a0ab98a02ba45b3ec>@@V<lambda_237c231691f317818eb88cc1d5d642d6>@@@?$__crt_seh_guarded_call@H@@QEAAH$$QEAV<lambda_bfedae4ebbf01fab1bb6dcc6a9e276e0>@@AEAV<lambda_2fe9b910cf3cbf4a0ab98a02ba45b3ec>@@$$QEAV<lambda_237c231691f317818eb88cc1d5d642d6>@@@Z@4HA 000000018003f028     libucrt:close.obj
 0004:00002034       $pdata$?fin$0@?0??common_fseek@@YAHV__crt_stdio_stream@@_JH@Z@4HA 000000018003f034     libucrt:fseek.obj
 0004:00002034       $pdata$?fin$0@?0???$common_ftell@_J@@YA_JV__crt_stdio_stream@@@Z@4HA 000000018003f034     libucrt:ftell.obj
 0004:00002040       $pdata$_read$fin$0         000000018003f040     libucrt:read.obj
 0004:00002040       $pdata$_write$fin$0        000000018003f040     libucrt:write.obj
 0004:00002040       $pdata$?fin$0@?0???$common_lseek@_J@@YA_JH_JH@Z@4HA 000000018003f040     libucrt:lseek.obj
 0004:0000204c       $pdata$__acrt_update_thread_multibyte_data$fin$0 000000018003f04c     libucrt:mbctype.obj
 0004:00002058       $pdata$__acrt_update_thread_locale_data$fin$0 000000018003f058     libucrt:locale_refcounting.obj
 0004:00002058       $pdata$__acrt_uninitialize_locale$fin$0 000000018003f058     libucrt:wsetlocale.obj
 0004:00002064       $pdata$_IsNonwritableInCurrentImage$filt$0 000000018003f064     LIBCMT:pesect.obj
 0004:00002070       $pdata$??__Fcout@std@@YAXXZ 000000018003f070     libcpmt:cout.obj
 0004:0000207c       $pdata$??__F_Fac_tidy_reg@std@@YAXXZ 000000018003f07c     libcpmt:locale0.obj
 0004:00002088       $pdata$??__Fclassic_locale@std@@YAXXZ 000000018003f088     libcpmt:locale0.obj
 0004:00002094       $pdata$??__Finit_atexit@@YAXXZ 000000018003f094     libcpmt:iosptrs.obj
 0005:00000000       __guard_fids__             0000000180040000     libucrt:initialization.obj
 0005:00000060       __guard_fids___acrt_initialize_ptd 0000000180040060     libucrt:per_thread_data.obj
 0005:00000064       __guard_fids__             0000000180040064     libucrt:wsetlocale.obj
 0005:0000007c       __guard_fids_??$?RV<lambda_630b2aca97f6d20d5b5ea6529ea6b6af>@@AEAV<lambda_af91936f1d075d609f72d9d8cba980af>@@V<lambda_e82fa975f615b5c7c7b0e4d178fdae67>@@@?$__crt_seh_guarded_call@H@@QEAAH$$QEAV<lambda_630b2aca97f6d20d5b5ea6529ea6b6af>@@AEAV<lambda_af91936f1d075d609f72d9d8cba980af>@@$$QEAV<lambda_e82fa975f615b5c7c7b0e4d178fdae67>@@@Z 000000018004007c     libucrt:winapi_thunks.obj
 0005:00000080       __guard_fids__             0000000180040080     libucrt:stdio_initializer.obj
 0005:00000084       __guard_fids__             0000000180040084     libucrt:stdio_initializer.obj
 0005:00000088       __guard_fids_??$expand_argument_wildcards@D@@YAHQEAD0AEAV?$argument_list@D@?A0xca0879c4@@@Z 0000000180040088     libucrt:argv_wildcards.obj
 0005:0000008c       __guard_fids__             000000018004008c     libucrt:locale_initializer.obj
 0005:00000090       __guard_fids_GetLocaleNameFromLangCountry 0000000180040090     libucrt:get_qualified_locale.obj
 0005:00000094       __guard_fids_GetLocaleNameFromLanguage 0000000180040094     libucrt:get_qualified_locale.obj
 0005:00000098       __guard_fids___acrt_get_qualified_locale_downlevel 0000000180040098     libucrt:getqloc_downlevel.obj
 0005:0000009c       __guard_fids_GetLcidFromLangCountry 000000018004009c     libucrt:getqloc_downlevel.obj
 0005:000000a0       __guard_fids_GetLcidFromLanguage 00000001800400a0     libucrt:getqloc_downlevel.obj
 0005:000000a4       __guard_fids__             00000001800400a4     libucrt:fma3_initializer.obj
 0005:000000a8       __guard_fids__             00000001800400a8     libucrt:timeset_initializer.obj
 0005:000000ac       __guard_fids__             00000001800400ac     libucrt:multibyte_initializer.obj
 0005:000000b0       __guard_fids__             00000001800400b0     libucrt:console_output_initializer.obj
 0005:000000b4       __guard_fids_??__Einitlocks@std@@YAXXZ 00000001800400b4     libcpmt:xlock.obj
 0005:000000b8       __guard_fids__             00000001800400b8     libcpmt:xlock.obj
 0005:000000bc       __guard_fids_??__Einitlocks@@YAXXZ 00000001800400bc     libcpmt:cout.obj
 0005:000000c0       __guard_fids_??__Efout@std@@YAXXZ 00000001800400c0     libcpmt:cout.obj
 0005:000000c4       __guard_fids_??__Ecout@std@@YAXXZ 00000001800400c4     libcpmt:cout.obj
 0005:000000c8       __guard_fids__             00000001800400c8     libcpmt:cout.obj
 0005:000000d0       __guard_fids__             00000001800400d0     libcpmt:cout.obj
 0005:000000d8       __guard_fids__             00000001800400d8     libcpmt:cout.obj
 0005:000000e0       __guard_fids__             00000001800400e0     libcpmt:cout.obj
 0005:000000ec       __guard_fids__             00000001800400ec     libcpmt:cout.obj
 0005:00000118       __guard_fids__             0000000180040118     libcpmt:cout.obj
 0005:00000130       __guard_fids__             0000000180040130     libcpmt:cout.obj
 0005:00000138       __guard_fids__             0000000180040138     libcpmt:cout.obj
 0005:00000150       __guard_fids__             0000000180040150     libcpmt:cout.obj
 0005:00000158       __guard_fids__             0000000180040158     libcpmt:cout.obj
 0005:0000015c       __guard_fids__             000000018004015c     libcpmt:cout.obj
 0005:00000198       __guard_fids__             0000000180040198     libcpmt:cout.obj
 0005:000001d4       __guard_fids__             00000001800401d4     libcpmt:cout.obj
 0005:000001d8       __guard_fids__             00000001800401d8     libcpmt:cout.obj
 0005:000001dc       __guard_fids__             00000001800401dc     libcpmt:cout.obj
 0005:00000204       __guard_fids__             0000000180040204     libcpmt:cout.obj
 0005:00000208       __guard_fids__             0000000180040208     libcpmt:cout.obj
 0005:0000020c       __guard_fids__             000000018004020c     libcpmt:cout.obj
 0005:00000210       __guard_fids__             0000000180040210     libcpmt:cout.obj
 0005:00000214       __guard_fids_??__E_Fac_tidy_reg@std@@YAXXZ 0000000180040214     libcpmt:locale0.obj
 0005:00000218       __guard_fids_?_Setgloballocale@locale@std@@CAXPEAX@Z 0000000180040218     libcpmt:locale0.obj
 0005:0000021c       __guard_fids_??__Eclassic_locale@std@@YAXXZ 000000018004021c     libcpmt:locale0.obj
 0005:00000220       __guard_fids__             0000000180040220     libcpmt:locale0.obj
 0005:0000022c       __guard_fids__             000000018004022c     libcpmt:locale0.obj
 0005:00000230       __guard_fids__             0000000180040230     libcpmt:locale0.obj
 0005:00000234       __guard_fids__             0000000180040234     libcpmt:xthrow.obj
 0005:0000023c       __guard_fids__             000000018004023c     libcpmt:xthrow.obj
 0005:00000244       __guard_fids__             0000000180040244     libcpmt:xthrow.obj
 0005:0000024c       __guard_fids__             000000018004024c     libcpmt:xthrow.obj
 0005:00000254       __guard_fids_??__Einitlocks@std@@YAXXZ 0000000180040254     libcpmt:iosptrs.obj
 0005:00000258       __guard_fids_??__Einit_atexit@@YAXXZ 0000000180040258     libcpmt:iosptrs.obj
 0005:0000025c       __guard_fids__             000000018004025c     libcpmt:iosptrs.obj
 0005:00000260       __guard_fids__             0000000180040260     libcpmt:iosptrs.obj
 0005:00000264       __guard_fids__             0000000180040264     libcpmt:locale.obj
 0005:00000290       __guard_fids__             0000000180040290     libcpmt:locale.obj
 0005:000002b0       __guard_fids__             00000001800402b0     libcpmt:winapisupp.obj
 0005:000002b4       __guard_fids__             00000001800402b4     LIBCMT:thread_safe_statics.obj
 0005:000002b8       __guard_fids_?__scrt_initialize_thread_safe_statics@@YAHXZ 00000001800402b8     LIBCMT:thread_safe_statics.obj
 0005:000002bc       __guard_fids_?dllmain_crt_process_attach@@YAHQEAUHINSTANCE__@@QEAX@Z 00000001800402bc     LIBCMT:dll_dllmain.obj
 0005:000002c4       __guard_fids_?dllmain_dispatch@@YAHQEAUHINSTANCE__@@KQEAX@Z 00000001800402c4     LIBCMT:dll_dllmain.obj
 0005:000002c8       __guard_fids__             00000001800402c8     LIBCMT:std_type_info_static.obj
 0005:000002cc       __guard_fids__             00000001800402cc     LIBCMT:throw_bad_alloc.obj
 0005:000002d4       __guard_fids__             00000001800402d4     LIBCMT:guard_support.obj
 0005:000002d8       __guard_fids__             00000001800402d8     libvcruntime:frame.obj
 0005:000002dc       __guard_fids__             00000001800402dc     libvcruntime:frame.obj
 0005:000002e4       __guard_fids__UnwindNestedFrames 00000001800402e4     libvcruntime:trnsctrl.obj
 0005:000002e8       __guard_fids___vcrt_initialize_ptd 00000001800402e8     libvcruntime:per_thread_data.obj
 0007:00000060       $R000000                   0000000180042060     * linker generated manifest res *

 Exports

  ordinal    name

        1    _register_demo_
