 webaddon

 Timestamp is 5a8a9f62 (Mon Feb 19 15:26:50 2018)

 Preferred load address is 0000000180000000

 Start         Length     Name                   Class
 0001:00000000 00000110H .text$di                CODE
 0001:00000110 0001c2f0H .text$mn                CODE
 0001:0001c400 00000020H .text$mn$00             CODE
 0001:0001c420 00000560H .text$x                 CODE
 0001:0001c980 00000174H .text$yd                CODE
 0002:00000000 000002a8H .idata$5                DATA
 0002:000002a8 00000010H .00cfg                  DATA
 0002:000002b8 00000008H .CRT$XCA                DATA
 0002:000002c0 00000038H .CRT$XCC                DATA
 0002:000002f8 00000010H .CRT$XCL                DATA
 0002:00000308 00000008H .CRT$XCU                DATA
 0002:00000310 00000008H .CRT$XCZ                DATA
 0002:00000318 00000008H .CRT$XIA                DATA
 0002:00000320 00000030H .CRT$XIC                DATA
 0002:00000350 00000008H .CRT$XIZ                DATA
 0002:00000358 00000008H .CRT$XLA                DATA
 0002:00000360 00000008H .CRT$XLZ                DATA
 0002:00000368 00000008H .CRT$XPA                DATA
 0002:00000370 00000010H .CRT$XPX                DATA
 0002:00000380 00000008H .CRT$XPXA               DATA
 0002:00000388 00000008H .CRT$XPZ                DATA
 0002:00000390 00000008H .CRT$XTA                DATA
 0002:00000398 00000008H .CRT$XTZ                DATA
 0002:000003a0 0000eff8H .rdata                  DATA
 0002:0000f398 00000028H .rdata$T                DATA
 0002:0000f3c0 00000f44H .rdata$r                DATA
 0002:00010304 0000047cH .rdata$zzzdbg           DATA
 0002:00010780 00000008H .rtc$IAA                DATA
 0002:00010788 00000008H .rtc$IZZ                DATA
 0002:00010790 00000008H .rtc$TAA                DATA
 0002:00010798 00000008H .rtc$TZZ                DATA
 0002:000107a0 00001b48H .xdata                  DATA
 0002:000122e8 00000304H .xdata$x                DATA
 0002:000125ec 00000020H .didat$2                DATA
 0002:0001260c 00000024H .didat$3                DATA
 0002:00012630 00000068H .didat$4                DATA
 0002:00012698 00000300H .didat$6                DATA
 0002:00012998 00000068H .didat$7                DATA
 0002:00012a00 00000054H .edata                  DATA
 0002:00012a54 00000014H .idata$2                DATA
 0002:00012a68 00000018H .idata$3                DATA
 0002:00012a80 000002a8H .idata$4                DATA
 0002:00012d28 0000061aH .idata$6                DATA
 0003:00000000 00000ba0H .data                   DATA
 0003:00000ba0 00000590H .data$r                 DATA
 0003:00001130 00000070H .didat$5                DATA
 0003:000011a0 0000196cH .bss                    DATA
 0004:00000000 00001bfcH .pdata                  DATA
 0005:00000000 000000b4H .gfids$x                DATA
 0005:000000b4 000001ecH .gfids$y                DATA
 0006:00000000 00000004H .tls                    DATA
 0006:00000004 00000004H .tls$                   DATA
 0006:00000008 00000001H .tls$ZZZ                DATA
 0007:00000000 00000060H .rsrc$01                DATA
 0007:00000060 00000180H .rsrc$02                DATA

  Address         Publics by Value              Rva+Base               Lib:Object

 0000:00000000       __guard_iat_count          0000000000000000     <absolute>
 0000:00000000       __dynamic_value_reloc_table 0000000000000000     <absolute>
 0000:00000000       __guard_iat_table          0000000000000000     <absolute>
 0000:00000000       __guard_longjmp_table      0000000000000000     <absolute>
 0000:00000000       __guard_longjmp_count      0000000000000000     <absolute>
 0000:00000000       __guard_fids_count         0000000000000000     <absolute>
 0000:00000000       ___safe_se_handler_table   0000000000000000     <absolute>
 0000:00000000       ___safe_se_handler_count   0000000000000000     <absolute>
 0000:00000000       __guard_fids_table         0000000000000000     <absolute>
 0000:00000100       __guard_flags              0000000000000100     <absolute>
 0000:00000000       __ImageBase                0000000180000000     <linker-defined>
 0001:00000110       ?what@exception@stdext@@UEBAPEBDXZ 0000000180001110 f i web.obj
 0001:00000130       ?_Doraise@exception@stdext@@MEBAXXZ 0000000180001130 f i web.obj
 0001:00000130       __except_validate_context_record 0000000180001130 f i libvcruntime:jbcxrval.obj
 0001:00000130       ?imbue@?$basic_streambuf@DU?$char_traits@D@std@@@std@@MEAAXAEBVlocale@2@@Z 0000000180001130 f i libcpmt:cout.obj
 0001:00000130       ?_Unlock@?$basic_streambuf@DU?$char_traits@D@std@@@std@@UEAAXXZ 0000000180001130 f i libcpmt:cout.obj
 0001:00000130       _guard_check_icall_nop     0000000180001130 f i LIBCMT:guard_support.obj
 0001:00000130       ?_Lock@?$basic_streambuf@DU?$char_traits@D@std@@@std@@UEAAXXZ 0000000180001130 f i libcpmt:cout.obj
 0001:00000140       ??_Gruntime_error@std@@UEAAPEAXI@Z 0000000180001140 f i web.obj
 0001:00000140       ??_Gexception@stdext@@UEAAPEAXI@Z 0000000180001140 f i web.obj
 0001:00000140       ??_Eruntime_error@std@@UEAAPEAXI@Z 0000000180001140 f i * CIL library *:* CIL module *
 0001:00000140       ??_Eexception@stdext@@UEAAPEAXI@Z 0000000180001140 f i * CIL library *:* CIL module *
 0001:00000170       ?_Deallocate@std@@YAXPEAX_K1@Z 0000000180001170 f i web.obj
 0001:000001e0       ??1runtime_error@std@@UEAA@XZ 00000001800011e0 f i web.obj
 0001:000001f0       ?NODE_SET_METHOD@node@@YAXV?$Local@VObject@v8@@@v8@@PEBDP6AXAEBV?$FunctionCallbackInfo@VValue@v8@@@3@@Z@Z 00000001800011f0 f i web.obj
 0001:000002c0       ??_Gerror_category@std@@UEAAPEAXI@Z 00000001800012c0 f i web.obj
 0001:000002c0       ??_G_Iostream_error_category@std@@UEAAPEAXI@Z 00000001800012c0 f i web.obj
 0001:000002c0       ??_E_Iostream_error_category@std@@UEAAPEAXI@Z 00000001800012c0 f i * CIL library *:* CIL module *
 0001:000002c0       ??_Eerror_category@std@@UEAAPEAXI@Z 00000001800012c0 f i * CIL library *:* CIL module *
 0001:000002f0       ?default_error_condition@error_category@std@@UEBA?AVerror_condition@2@H@Z 00000001800012f0 f i web.obj
 0001:00000300       ?equivalent@error_category@std@@UEBA_NHAEBVerror_condition@2@@Z 0000000180001300 f i web.obj
 0001:00000360       ?equivalent@error_category@std@@UEBA_NAEBVerror_code@2@H@Z 0000000180001360 f i web.obj
 0001:00000380       ??0_System_error@std@@IEAA@Verror_code@1@AEBV?$basic_string@DU?$char_traits@D@std@@V?$allocator@D@2@@1@@Z 0000000180001380 f i web.obj
 0001:000005a0       ??_G_System_error@std@@UEAAPEAXI@Z 00000001800015a0 f i web.obj
 0001:000005a0       ??_Efailure@ios_base@std@@UEAAPEAXI@Z 00000001800015a0 f i * CIL library *:* CIL module *
 0001:000005a0       ??_Gfailure@ios_base@std@@UEAAPEAXI@Z 00000001800015a0 f i web.obj
 0001:000005a0       ??_E_System_error@std@@UEAAPEAXI@Z 00000001800015a0 f i * CIL library *:* CIL module *
 0001:000005d0       ?name@_Iostream_error_category@std@@UEBAPEBDXZ 00000001800015d0 f i web.obj
 0001:000005e0       ?message@_Iostream_error_category@std@@UEBA?AV?$basic_string@DU?$char_traits@D@std@@V?$allocator@D@2@@2@H@Z 00000001800015e0 f i web.obj
 0001:00000660       ?clear@ios_base@std@@QEAAXH_N@Z 0000000180001660 f i web.obj
 0001:00000a30       ?printname@demo1@@YAXAEBV?$FunctionCallbackInfo@VValue@v8@@@v8@@@Z 0000000180001a30 f   web.obj
 0001:00000b90       ?init@demo1@@YAXV?$Local@VObject@v8@@@v8@@@Z 0000000180001b90 f   web.obj
 0001:00000bb0       ??1?$basic_string@DU?$char_traits@D@std@@V?$allocator@D@2@@std@@QEAA@XZ 0000000180001bb0 f i web.obj
 0001:00000c40       ?assign@?$basic_string@DU?$char_traits@D@std@@V?$allocator@D@2@@std@@QEAAAEAV12@PEBD_K@Z 0000000180001c40 f i web.obj
 0001:00000d70       ?assign@?$basic_string@DU?$char_traits@D@std@@V?$allocator@D@2@@std@@QEAAAEAV12@AEBV12@_K1@Z 0000000180001d70 f i web.obj
 0001:00000ea0       ?append@?$basic_string@DU?$char_traits@D@std@@V?$allocator@D@2@@std@@QEAAAEAV12@PEBD_K@Z 0000000180001ea0 f i web.obj
 0001:00000ff0       ?append@?$basic_string@DU?$char_traits@D@std@@V?$allocator@D@2@@std@@QEAAAEAV12@AEBV12@_K1@Z 0000000180001ff0 f i web.obj
 0001:00001120       ?_Xlen@?$basic_string@DU?$char_traits@D@std@@V?$allocator@D@2@@std@@QEBAXXZ 0000000180002120 f i web.obj
 0001:00001140       ?erase@?$basic_string@DU?$char_traits@D@std@@V?$allocator@D@2@@std@@QEAAAEAV12@_K0@Z 0000000180002140 f i web.obj
 0001:00001210       ?_Copy@?$basic_string@DU?$char_traits@D@std@@V?$allocator@D@2@@std@@QEAAX_K0@Z 0000000180002210 f i web.obj
 0001:00001390       ??$_Immortalize@V_Iostream_error_category@std@@@std@@YAAEAV_Iostream_error_category@0@XZ 0000000180002390 f i web.obj
 0001:00001410       ??$?6U?$char_traits@D@std@@@std@@YAAEAV?$basic_ostream@DU?$char_traits@D@std@@@0@AEAV10@PEBD@Z 0000000180002410 f i web.obj
 0001:00001660       ??$?6DU?$char_traits@D@std@@V?$allocator@D@1@@std@@YAAEAV?$basic_ostream@DU?$char_traits@D@std@@@0@AEAV10@AEBV?$basic_string@DU?$char_traits@D@std@@V?$allocator@D@2@@0@@Z 0000000180002660 f i web.obj
 0001:000018b0       ??0sentry@?$basic_ostream@DU?$char_traits@D@std@@@std@@QEAA@AEAV12@@Z 00000001800028b0 f i web.obj
 0001:00001920       ?flush@?$basic_ostream@DU?$char_traits@D@std@@@std@@QEAAAEAV12@XZ 0000000180002920 f i web.obj
 0001:00001a5c       __imp_load_?GetCurrent@Isolate@v8@@SAPEAV12@XZ 0000000180002a5c f   node:node.exe
 0001:00001a68       __tailMerge_node_exe       0000000180002a68 f i node:node.exe
 0001:00001ae1       __imp_load_??1HandleScope@v8@@QEAA@XZ 0000000180002ae1 f   node:node.exe
 0001:00001aed       __imp_load_??0HandleScope@v8@@QEAA@PEAVIsolate@1@@Z 0000000180002aed f   node:node.exe
 0001:00001af9       __imp_load_?GetFunction@FunctionTemplate@v8@@QEAA?AV?$Local@VFunction@v8@@@2@XZ 0000000180002af9 f   node:node.exe
 0001:00001b05       __imp_load_?New@FunctionTemplate@v8@@SA?AV?$Local@VFunctionTemplate@v8@@@2@PEAVIsolate@2@P6AXAEBV?$FunctionCallbackInfo@VValue@v8@@@2@@ZV?$Local@VValue@v8@@@2@V?$Local@VSignature@v8@@@2@HW4ConstructorBehavior@2@@Z 0000000180002b05 f   node:node.exe
 0001:00001b11       __imp_load_??1Utf8Value@String@v8@@QEAA@XZ 0000000180002b11 f   node:node.exe
 0001:00001b1d       __imp_load_??0Utf8Value@String@v8@@QEAA@V?$Local@VValue@v8@@@2@@Z 0000000180002b1d f   node:node.exe
 0001:00001b29       __imp_load_?NewFromUtf8@String@v8@@SA?AV?$Local@VString@v8@@@2@PEAVIsolate@2@PEBDW4NewStringType@12@H@Z 0000000180002b29 f   node:node.exe
 0001:00001b35       __imp_load_?Set@Object@v8@@QEAA_NV?$Local@VValue@v8@@@2@0@Z 0000000180002b35 f   node:node.exe
 0001:00001b41       __imp_load_?SetName@Function@v8@@QEAAXV?$Local@VString@v8@@@2@@Z 0000000180002b41 f   node:node.exe
 0001:00001b4d       __imp_load_node_module_register 0000000180002b4d f   node:node.exe
 0001:00001b59       __imp_load_?ToString@Value@v8@@QEBA?AV?$Local@VString@v8@@@2@XZ 0000000180002b59 f   node:node.exe
 0001:00001b68       ??$use_facet@V?$codecvt@DDU_Mbstatet@@@std@@@std@@YAAEBV?$codecvt@DDU_Mbstatet@@@0@AEBVlocale@0@@Z 0000000180002b68 f i libcpmt:cout.obj
 0001:00001ca0       ??$use_facet@V?$ctype@D@std@@@std@@YAAEBV?$ctype@D@0@AEBVlocale@0@@Z 0000000180002ca0 f i libcpmt:cout.obj
 0001:00001dd8       ??0?$basic_ostream@DU?$char_traits@D@std@@@std@@QEAA@PEAV?$basic_streambuf@DU?$char_traits@D@std@@@1@_N@Z 0000000180002dd8 f i libcpmt:cout.obj
 0001:00001ea0       ??0?$basic_streambuf@DU?$char_traits@D@std@@@std@@IEAA@XZ 0000000180002ea0 f i libcpmt:cout.obj
 0001:00001f50       ??0_Init_cout@std@@QEAA@XZ 0000000180002f50 f i libcpmt:cout.obj
 0001:00001fbc       ??0_Locinfo@std@@QEAA@PEBD@Z 0000000180002fbc f i libcpmt:cout.obj
 0001:00002054       ??0bad_cast@std@@QEAA@AEBV01@@Z 0000000180003054 f i libcpmt:cout.obj
 0001:00002094       ??0bad_cast@std@@QEAA@XZ   0000000180003094 f i libcpmt:cout.obj
 0001:000020b4       ??0exception@std@@QEAA@AEBV01@@Z 00000001800030b4 f i libcpmt:cout.obj
 0001:000020ec       ??0runtime_error@std@@QEAA@AEBV01@@Z 00000001800030ec f i libcpmt:cout.obj
 0001:0000212c       ??0runtime_error@std@@QEAA@PEBD@Z 000000018000312c f i libcpmt:cout.obj
 0001:00002178       ??1?$_Yarn@_W@std@@QEAA@XZ 0000000180003178 f i libcpmt:cout.obj
 0001:00002178       ??1?$_Yarn@D@std@@QEAA@XZ  0000000180003178 f i libcpmt:cout.obj
 0001:00002198       ??1?$basic_filebuf@DU?$char_traits@D@std@@@std@@UEAA@XZ 0000000180003198 f i libcpmt:cout.obj
 0001:00002244       ??1?$basic_ios@DU?$char_traits@D@std@@@std@@UEAA@XZ 0000000180003244 f i libcpmt:cout.obj
 0001:00002268       ??1_Locinfo@std@@QEAA@XZ   0000000180003268 f i libcpmt:cout.obj
 0001:00002308       ??1locale@std@@QEAA@XZ     0000000180003308 f i libcpmt:cout.obj
 0001:00002368       ??_E?$basic_ostream@DU?$char_traits@D@std@@@std@@$4PPPPPPPM@A@EAAPEAXI@Z 0000000180003368 f i libcpmt:cout.obj
 0001:00002374       ??_G?$basic_filebuf@DU?$char_traits@D@std@@@std@@UEAAPEAXI@Z 0000000180003374 f i libcpmt:cout.obj
 0001:00002374       ??_E?$basic_filebuf@DU?$char_traits@D@std@@@std@@UEAAPEAXI@Z 0000000180003374 f i libcpmt:cout.obj
 0001:000023a8       ??_G?$basic_ios@DU?$char_traits@D@std@@@std@@UEAAPEAXI@Z 00000001800033a8 f i libcpmt:cout.obj
 0001:000023a8       ??_E?$basic_ios@DU?$char_traits@D@std@@@std@@UEAAPEAXI@Z 00000001800033a8 f i libcpmt:cout.obj
 0001:000023f4       ??_G?$basic_ostream@DU?$char_traits@D@std@@@std@@UEAAPEAXI@Z 00000001800033f4 f i libcpmt:cout.obj
 0001:000023f4       ??_E?$basic_ostream@DU?$char_traits@D@std@@@std@@UEAAPEAXI@Z 00000001800033f4 f i libcpmt:cout.obj
 0001:00002464       ??_E?$basic_streambuf@DU?$char_traits@D@std@@@std@@UEAAPEAXI@Z 0000000180003464 f i libcpmt:cout.obj
 0001:00002464       ??_G?$basic_streambuf@DU?$char_traits@D@std@@@std@@UEAAPEAXI@Z 0000000180003464 f i libcpmt:cout.obj
 0001:000024b4       ??_E?$codecvt@DDU_Mbstatet@@@std@@MEAAPEAXI@Z 00000001800034b4 f i libcpmt:cout.obj
 0001:000024b4       ??_G?$codecvt@DDU_Mbstatet@@@std@@MEAAPEAXI@Z 00000001800034b4 f i libcpmt:cout.obj
 0001:000024e0       ??_E?$ctype@D@std@@MEAAPEAXI@Z 00000001800034e0 f i libcpmt:cout.obj
 0001:000024e0       ??_G?$ctype@D@std@@MEAAPEAXI@Z 00000001800034e0 f i libcpmt:cout.obj
 0001:0000254c       ??_E_Facet_base@std@@UEAAPEAXI@Z 000000018000354c f i libcpmt:cout.obj
 0001:0000254c       ??_G_Facet_base@std@@UEAAPEAXI@Z 000000018000354c f i libcpmt:cout.obj
 0001:00002578       ??_Eios_base@std@@UEAAPEAXI@Z 0000000180003578 f i libcpmt:cout.obj
 0001:00002578       ??_Gios_base@std@@UEAAPEAXI@Z 0000000180003578 f i libcpmt:cout.obj
 0001:000025c4       ??_Glocale@std@@QEAAPEAXI@Z 00000001800035c4 f i libcpmt:cout.obj
 0001:00002654       ?_Decref@facet@locale@std@@UEAAPEAV_Facet_base@3@XZ 0000000180003654 f i libcpmt:cout.obj
 0001:00002664       ?_Endwrite@?$basic_filebuf@DU?$char_traits@D@std@@@std@@IEAA_NXZ 0000000180003664 f i libcpmt:cout.obj
 0001:00002818       ?_Getcat@?$codecvt@DDU_Mbstatet@@@std@@SA_KPEAPEBVfacet@locale@2@PEBV42@@Z 0000000180003818 f i libcpmt:cout.obj
 0001:000028dc       ?_Getcat@?$ctype@D@std@@SA_KPEAPEBVfacet@locale@2@PEBV42@@Z 00000001800038dc f i libcpmt:cout.obj
 0001:000029c0       ?_Incref@facet@locale@std@@UEAAXXZ 00000001800039c0 f i libcpmt:cout.obj
 0001:000029c8       ?_Init@?$basic_filebuf@DU?$char_traits@D@std@@@std@@IEAAXPEAU_iobuf@@W4_Initfl@12@@Z 00000001800039c8 f i libcpmt:cout.obj
 0001:00002ab4       ?_Init@ios_base@std@@IEAAXXZ 0000000180003ab4 f i libcpmt:cout.obj
 0001:00002b34       ?_Initcvt@?$basic_filebuf@DU?$char_traits@D@std@@@std@@IEAAXPEBV?$codecvt@DDU_Mbstatet@@@2@@Z 0000000180003b34 f i libcpmt:cout.obj
 0001:00002bd4       ?_Lock@?$basic_filebuf@DU?$char_traits@D@std@@@std@@UEAAXXZ 0000000180003bd4 f i libcpmt:cout.obj
 0001:00002bf0       ?_Unlock@?$basic_filebuf@DU?$char_traits@D@std@@@std@@UEAAXXZ 0000000180003bf0 f i libcpmt:cout.obj
 0001:00002c0c       ?append@?$basic_string@DU?$char_traits@D@std@@V?$allocator@D@2@@std@@QEAAAEAV12@_KD@Z 0000000180003c0c f i libcpmt:cout.obj
 0001:00002cfc       DllMain                    0000000180003cfc f i LIBCMT:dll_dllmain_stub.obj
 0001:00002cfc       ?do_max_length@codecvt_base@std@@MEBAHXZ 0000000180003cfc f i libcpmt:cout.obj
 0001:00002cfc       _get_startup_argv_mode     0000000180003cfc f i LIBCMT:argv_mode.obj
 0001:00002cfc       ?do_encoding@codecvt_base@std@@MEBAHXZ 0000000180003cfc f i libcpmt:cout.obj
 0001:00002d04       ?do_length@?$codecvt@DDU_Mbstatet@@@std@@MEBAHAEAU_Mbstatet@@PEBD1_K@Z 0000000180003d04 f i libcpmt:cout.obj
 0001:00002d18       ?do_narrow@?$ctype@D@std@@MEBAPEBDPEBD0DPEAD@Z 0000000180003d18 f i libcpmt:cout.obj
 0001:00002d38       ?do_in@?$codecvt@DDU_Mbstatet@@@std@@MEBAHAEAU_Mbstatet@@PEBD1AEAPEBDPEAD3AEAPEAD@Z 0000000180003d38 f i libcpmt:cout.obj
 0001:00002d38       ?do_out@?$codecvt@DDU_Mbstatet@@@std@@MEBAHAEAU_Mbstatet@@PEBD1AEAPEBDPEAD3AEAPEAD@Z 0000000180003d38 f i libcpmt:cout.obj
 0001:00002d54       ?do_tolower@?$ctype@D@std@@MEBADD@Z 0000000180003d54 f i libcpmt:cout.obj
 0001:00002d64       ?do_tolower@?$ctype@D@std@@MEBAPEBDPEADPEBD@Z 0000000180003d64 f i libcpmt:cout.obj
 0001:00002dc4       ?do_toupper@?$ctype@D@std@@MEBADD@Z 0000000180003dc4 f i libcpmt:cout.obj
 0001:00002dd4       ?do_toupper@?$ctype@D@std@@MEBAPEBDPEADPEBD@Z 0000000180003dd4 f i libcpmt:cout.obj
 0001:00002e34       ?do_unshift@?$codecvt@DDU_Mbstatet@@@std@@MEBAHAEAU_Mbstatet@@PEAD1AEAPEAD@Z 0000000180003e34 f i libcpmt:cout.obj
 0001:00002e40       ?do_widen@?$ctype@D@std@@MEBADD@Z 0000000180003e40 f i libcpmt:cout.obj
 0001:00002e40       ?do_narrow@?$ctype@D@std@@MEBADDD@Z 0000000180003e40 f i libcpmt:cout.obj
 0001:00002e44       ?do_widen@?$ctype@D@std@@MEBAPEBDPEBD0PEAD@Z 0000000180003e44 f i libcpmt:cout.obj
 0001:00002e64       ?getloc@ios_base@std@@QEBA?AVlocale@2@XZ 0000000180003e64 f i libcpmt:cout.obj
 0001:00002ebc       ?imbue@?$basic_filebuf@DU?$char_traits@D@std@@@std@@MEAAXAEBVlocale@2@@Z 0000000180003ebc f i libcpmt:cout.obj
 0001:00002ee0       ?overflow@?$basic_filebuf@DU?$char_traits@D@std@@@std@@MEAAHH@Z 0000000180003ee0 f i libcpmt:cout.obj
 0001:00003140       ?pbackfail@?$basic_filebuf@DU?$char_traits@D@std@@@std@@MEAAHH@Z 0000000180004140 f i libcpmt:cout.obj
 0001:00003210       ?overflow@?$basic_streambuf@DU?$char_traits@D@std@@@std@@MEAAHH@Z 0000000180004210 f i libcpmt:cout.obj
 0001:00003210       ?pbackfail@?$basic_streambuf@DU?$char_traits@D@std@@@std@@MEAAHH@Z 0000000180004210 f i libcpmt:cout.obj
 0001:00003210       ?underflow@?$basic_streambuf@DU?$char_traits@D@std@@@std@@MEAAHXZ 0000000180004210 f i libcpmt:cout.obj
 0001:00003214       ?seekoff@?$basic_filebuf@DU?$char_traits@D@std@@@std@@MEAA?AV?$fpos@U_Mbstatet@@@2@_JHH@Z 0000000180004214 f i libcpmt:cout.obj
 0001:00003300       ?seekpos@?$basic_filebuf@DU?$char_traits@D@std@@@std@@MEAA?AV?$fpos@U_Mbstatet@@@2@V32@H@Z 0000000180004300 f i libcpmt:cout.obj
 0001:00003400       ?seekoff@?$basic_streambuf@DU?$char_traits@D@std@@@std@@MEAA?AV?$fpos@U_Mbstatet@@@2@_JHH@Z 0000000180004400 f i libcpmt:cout.obj
 0001:00003400       ?seekpos@?$basic_streambuf@DU?$char_traits@D@std@@@std@@MEAA?AV?$fpos@U_Mbstatet@@@2@V32@H@Z 0000000180004400 f i libcpmt:cout.obj
 0001:0000341c       ?setbuf@?$basic_filebuf@DU?$char_traits@D@std@@@std@@MEAAPEAV?$basic_streambuf@DU?$char_traits@D@std@@@2@PEAD_J@Z 000000018000441c f i libcpmt:cout.obj
 0001:00003470       ?setbuf@?$basic_streambuf@DU?$char_traits@D@std@@@std@@MEAAPEAV12@PEAD_J@Z 0000000180004470 f i libcpmt:cout.obj
 0001:00003474       ?sync@?$basic_filebuf@DU?$char_traits@D@std@@@std@@MEAAHXZ 0000000180004474 f i libcpmt:cout.obj
 0001:000034d4       ?showmanyc@?$basic_streambuf@DU?$char_traits@D@std@@@std@@MEAA_JXZ 00000001800044d4 f i libcpmt:cout.obj
 0001:000034d4       ?sync@?$basic_streambuf@DU?$char_traits@D@std@@@std@@MEAAHXZ 00000001800044d4 f i libcpmt:cout.obj
 0001:000034d8       ?uflow@?$basic_filebuf@DU?$char_traits@D@std@@@std@@MEAAHXZ 00000001800044d8 f i libcpmt:cout.obj
 0001:00003770       ?uflow@?$basic_streambuf@DU?$char_traits@D@std@@@std@@MEAAHXZ 0000000180004770 f i libcpmt:cout.obj
 0001:000037bc       ?underflow@?$basic_filebuf@DU?$char_traits@D@std@@@std@@MEAAHXZ 00000001800047bc f i libcpmt:cout.obj
 0001:00003834       ?what@exception@std@@UEBAPEBDXZ 0000000180004834 f i libcpmt:cout.obj
 0001:00003848       ?widen@?$basic_ios@DU?$char_traits@D@std@@@std@@QEBADD@Z 0000000180004848 f i libcpmt:cout.obj
 0001:000038e8       ?xsgetn@?$basic_streambuf@DU?$char_traits@D@std@@@std@@MEAA_JPEAD_J@Z 00000001800048e8 f i libcpmt:cout.obj
 0001:000039a8       ?xsputn@?$basic_streambuf@DU?$char_traits@D@std@@@std@@MEAA_JPEBD_J@Z 00000001800049a8 f i libcpmt:cout.obj
 0001:00003a6c       ??0bad_alloc@std@@QEAA@AEBV01@@Z 0000000180004a6c f i libcpmt:xthrow.obj
 0001:00003aac       ??0bad_alloc@std@@QEAA@XZ  0000000180004aac f i libcpmt:xthrow.obj
 0001:00003acc       ??0length_error@std@@QEAA@AEBV01@@Z 0000000180004acc f i libcpmt:xthrow.obj
 0001:00003b0c       ??0length_error@std@@QEAA@PEBD@Z 0000000180004b0c f i libcpmt:xthrow.obj
 0001:00003b58       ??0logic_error@std@@QEAA@AEBV01@@Z 0000000180004b58 f i libcpmt:xthrow.obj
 0001:00003b98       ??0out_of_range@std@@QEAA@AEBV01@@Z 0000000180004b98 f i libcpmt:xthrow.obj
 0001:00003bd8       ??0out_of_range@std@@QEAA@PEBD@Z 0000000180004bd8 f i libcpmt:xthrow.obj
 0001:00003c24       ??_Ebad_alloc@std@@UEAAPEAXI@Z 0000000180004c24 f i libcpmt:xthrow.obj
 0001:00003c24       ??_Elogic_error@std@@UEAAPEAXI@Z 0000000180004c24 f i libcpmt:xthrow.obj
 0001:00003c24       ??_Ebad_array_new_length@std@@UEAAPEAXI@Z 0000000180004c24 f i LIBCMT:throw_bad_alloc.obj
 0001:00003c24       ??_Gout_of_range@std@@UEAAPEAXI@Z 0000000180004c24 f i libcpmt:xthrow.obj
 0001:00003c24       ??_Ebad_exception@std@@UEAAPEAXI@Z 0000000180004c24 f i libvcruntime:frame.obj
 0001:00003c24       ??_Ebad_cast@std@@UEAAPEAXI@Z 0000000180004c24 f i libcpmt:cout.obj
 0001:00003c24       ??_Gbad_alloc@std@@UEAAPEAXI@Z 0000000180004c24 f i libcpmt:xthrow.obj
 0001:00003c24       ??_Eexception@std@@UEAAPEAXI@Z 0000000180004c24 f i libcpmt:cout.obj
 0001:00003c24       ??_Gexception@std@@UEAAPEAXI@Z 0000000180004c24 f i libcpmt:cout.obj
 0001:00003c24       ??_Elength_error@std@@UEAAPEAXI@Z 0000000180004c24 f i libcpmt:xthrow.obj
 0001:00003c24       ??_Glogic_error@std@@UEAAPEAXI@Z 0000000180004c24 f i libcpmt:xthrow.obj
 0001:00003c24       ??_Eout_of_range@std@@UEAAPEAXI@Z 0000000180004c24 f i libcpmt:xthrow.obj
 0001:00003c24       ??_Gbad_cast@std@@UEAAPEAXI@Z 0000000180004c24 f i libcpmt:cout.obj
 0001:00003c24       ??_Gbad_exception@std@@UEAAPEAXI@Z 0000000180004c24 f i libvcruntime:frame.obj
 0001:00003c24       ??_Gbad_array_new_length@std@@UEAAPEAXI@Z 0000000180004c24 f i LIBCMT:throw_bad_alloc.obj
 0001:00003c24       ??_Glength_error@std@@UEAAPEAXI@Z 0000000180004c24 f i libcpmt:xthrow.obj
 0001:00003c68       ?_Xlength_error@std@@YAXPEBD@Z 0000000180004c68 f   libcpmt:xthrow.obj
 0001:00003c8c       ?_Xout_of_range@std@@YAXPEBD@Z 0000000180004c8c f   libcpmt:xthrow.obj
 0001:00003cb0       ?_Syserror_map@std@@YAPEBDH@Z 0000000180004cb0 f   libcpmt:syserror.obj
 0001:00003cd8       ??0_Init_locks@std@@QEAA@XZ 0000000180004cd8 f   libcpmt:xlock.obj
 0001:00003d24       ??0_Lockit@std@@QEAA@H@Z   0000000180004d24 f   libcpmt:xlock.obj
 0001:00003d60       ??1_Init_locks@std@@QEAA@XZ 0000000180004d60 f   libcpmt:xlock.obj
 0001:00003da4       ??1_Lockit@std@@QEAA@XZ    0000000180004da4 f   libcpmt:xlock.obj
 0001:00003dd8       _Getctype                  0000000180004dd8 f   libcpmt:_tolower.obj
 0001:00003e98       _Tolower                   0000000180004e98 f   libcpmt:_tolower.obj
 0001:00003fc0       _Toupper                   0000000180004fc0 f   libcpmt:_toupper.obj
 0001:000040f8       ??4?$_Yarn@D@std@@QEAAAEAV01@PEBD@Z 00000001800050f8 f i libcpmt:locale0.obj
 0001:00004170       ??_G_Fac_node@std@@QEAAPEAXI@Z 0000000180005170 f i libcpmt:locale0.obj
 0001:000041fc       ??_G_Locimp@locale@std@@MEAAPEAXI@Z 00000001800051fc f i libcpmt:locale0.obj
 0001:000041fc       ??_E_Locimp@locale@std@@MEAAPEAXI@Z 00000001800051fc f i libcpmt:locale0.obj
 0001:00004268       ?_Facet_Register@std@@YAXPEAV_Facet_base@1@@Z 0000000180005268 f   libcpmt:locale0.obj
 0001:000042a0       ?_Getgloballocale@locale@std@@CAPEAV_Locimp@12@XZ 00000001800052a0 f   libcpmt:locale0.obj
 0001:000042a8       ?_Init@locale@std@@CAPEAV_Locimp@12@_N@Z 00000001800052a8 f   libcpmt:locale0.obj
 0001:00004364       ?_Locimp_dtor@_Locimp@locale@std@@CAXPEAV123@@Z 0000000180005364 f   libcpmt:locale0.obj
 0001:0000440c       ?_Locinfo_ctor@_Locinfo@std@@SAXPEAV12@PEBD@Z 000000018000540c f   libcpmt:locale0.obj
 0001:00004478       ?_Locinfo_dtor@_Locinfo@std@@SAXPEAV12@@Z 0000000180005478 f   libcpmt:locale0.obj
 0001:0000449c       ?_New_Locimp@_Locimp@locale@std@@CAPEAV123@_N@Z 000000018000549c f   libcpmt:locale0.obj
 0001:0000450c       ?_Setgloballocale@locale@std@@CAXPEAX@Z 000000018000550c f   libcpmt:locale0.obj
 0001:00004540       _Deletegloballocale        0000000180005540 f   libcpmt:locale0.obj
 0001:000045c8       ?_Addstd@ios_base@std@@SAXPEAV12@@Z 00000001800055c8 f   libcpmt:ios.obj
 0001:00004638       ?_Ios_base_dtor@ios_base@std@@CAXPEAV12@@Z 0000000180005638 f   libcpmt:ios.obj
 0001:0000467c       ?_Tidy@ios_base@std@@AEAAXXZ 000000018000567c f i libcpmt:ios.obj
 0001:0000470c       ?_Atexit@@YAXP6AXXZ@Z      000000018000570c f   libcpmt:iosptrs.obj
 0001:0000474c       _Mtxdst                    000000018000574c f   libcpmt:xmtx.obj
 0001:00004754       _Mtxinit                   0000000180005754 f   libcpmt:xmtx.obj
 0001:00004764       _Mtxlock                   0000000180005764 f   libcpmt:xmtx.obj
 0001:0000476c       _Mtxunlock                 000000018000576c f   libcpmt:xmtx.obj
 0001:00004774       __crtLCMapStringA          0000000180005774 f   libcpmt:StlLCMapStringA.obj
 0001:00004a60       __local_stdio_printf_options 0000000180005a60 f i libcpmt:locale.obj
 0001:00004f38       __crtInitializeCriticalSectionEx 0000000180005f38 f   libcpmt:winapisupp.obj
 0001:00004f98       GetTableIndexFromLocaleName 0000000180005f98 f   libcpmt:winapinls.obj
 0001:00005024       __crtDownlevelLocaleNameToLCID 0000000180006024 f   libcpmt:winapinls.obj
 0001:00005058       __crtLCMapStringEx         0000000180006058 f   libcpmt:winapinls.obj
 0001:00005114       __wcsnicmp_ascii           0000000180006114 f   libcpmt:winapinls.obj
 0001:00005180       __security_check_cookie    0000000180006180 f   LIBCMT:_amdsecgs_.obj
 0001:000052ec       _Init_thread_footer        00000001800062ec f   LIBCMT:thread_safe_statics.obj
 0001:0000534c       _Init_thread_header        000000018000634c f   LIBCMT:thread_safe_statics.obj
 0001:000053b4       _Init_thread_notify        00000001800063b4 f   LIBCMT:thread_safe_statics.obj
 0001:00005410       _Init_thread_wait          0000000180006410 f   LIBCMT:thread_safe_statics.obj
 0001:000054a8       ??2@YAPEAX_K@Z             00000001800064a8 f   LIBCMT:new_scalar.obj
 0001:000054e4       __scrt_acquire_startup_lock 00000001800064e4 f   LIBCMT:utility.obj
 0001:00005520       __scrt_dllmain_after_initialize_c 0000000180006520 f   LIBCMT:utility.obj
 0001:00005554       __scrt_dllmain_before_initialize_c 0000000180006554 f   LIBCMT:utility.obj
 0001:0000556c       __scrt_dllmain_crt_thread_attach 000000018000656c f   LIBCMT:utility.obj
 0001:00005594       __scrt_dllmain_crt_thread_detach 0000000180006594 f   LIBCMT:utility.obj
 0001:000055ac       __scrt_dllmain_exception_filter 00000001800065ac f   LIBCMT:utility.obj
 0001:00005610       __scrt_dllmain_uninitialize_c 0000000180006610 f   LIBCMT:utility.obj
 0001:00005640       __scrt_dllmain_uninitialize_critical 0000000180006640 f   LIBCMT:utility.obj
 0001:00005654       __scrt_initialize_crt      0000000180006654 f   LIBCMT:utility.obj
 0001:000056a0       __scrt_initialize_onexit_tables 00000001800066a0 f   LIBCMT:utility.obj
 0001:0000576c       __scrt_is_nonwritable_in_current_image 000000018000676c f   LIBCMT:utility.obj
 0001:00005808       __scrt_release_startup_lock 0000000180006808 f   LIBCMT:utility.obj
 0001:0000582c       __scrt_uninitialize_crt    000000018000682c f   LIBCMT:utility.obj
 0001:00005858       _onexit                    0000000180006858 f   LIBCMT:utility.obj
 0001:000058a8       atexit                     00000001800068a8 f   LIBCMT:utility.obj
 0001:000058c0       ??3@YAXPEAX@Z              00000001800068c0 f   LIBCMT:delete_scalar.obj
 0001:000058c8       ??_V@YAXPEAX@Z             00000001800068c8 f   LIBCMT:delete_array.obj
 0001:000058c8       ??3@YAXPEAX_K@Z            00000001800068c8 f   LIBCMT:delete_scalar_size.obj
 0001:00005c1c       _DllMainCRTStartup         0000000180006c1c f   LIBCMT:dll_dllmain.obj
 0001:00005c5c       __GSHandlerCheck           0000000180006c5c f   LIBCMT:_gshandler_.obj
 0001:00005c7c       __GSHandlerCheckCommon     0000000180006c7c f   LIBCMT:_gshandler_.obj
 0001:00005cd8       __GSHandlerCheck_EH        0000000180006cd8 f   LIBCMT:gshandlereh.obj
 0001:00005d58       _guard_check_icall         0000000180006d58 f i LIBCMT:checkcfg.obj
 0001:00005d60       ??_Gtype_info@@UEAAPEAXI@Z 0000000180006d60 f i LIBCMT:std_type_info_static.obj
 0001:00005d60       ??_Etype_info@@UEAAPEAXI@Z 0000000180006d60 f i LIBCMT:std_type_info_static.obj
 0001:00005da0       _alloca_probe              0000000180006da0 f   LIBCMT:_chkstk_.obj
 0001:00005da0       __chkstk                   0000000180006da0 f   LIBCMT:_chkstk_.obj
 0001:00005df4       __raise_securityfailure    0000000180006df4 f   LIBCMT:gs_report.obj
 0001:00005e28       __report_gsfailure         0000000180006e28 f   LIBCMT:gs_report.obj
 0001:00005efc       __report_rangecheckfailure 0000000180006efc f   LIBCMT:gs_report.obj
 0001:00005f10       __report_securityfailure   0000000180006f10 f   LIBCMT:gs_report.obj
 0001:00006090       __crt_debugger_hook        0000000180007090 f   LIBCMT:utility_desktop.obj
 0001:00006098       __scrt_fastfail            0000000180007098 f   LIBCMT:utility_desktop.obj
 0001:000061e0       ??0bad_array_new_length@std@@QEAA@AEBV01@@Z 00000001800071e0 f i LIBCMT:throw_bad_alloc.obj
 0001:00006220       ??0bad_array_new_length@std@@QEAA@XZ 0000000180007220 f i LIBCMT:throw_bad_alloc.obj
 0001:00006240       ??1bad_alloc@std@@UEAA@XZ  0000000180007240 f i libcpmt:xthrow.obj
 0001:00006240       ??1out_of_range@std@@UEAA@XZ 0000000180007240 f i libcpmt:xthrow.obj
 0001:00006240       ??1bad_cast@std@@UEAA@XZ   0000000180007240 f i libcpmt:cout.obj
 0001:00006240       ??1bad_array_new_length@std@@UEAA@XZ 0000000180007240 f i LIBCMT:throw_bad_alloc.obj
 0001:00006240       ??1length_error@std@@UEAA@XZ 0000000180007240 f i libcpmt:xthrow.obj
 0001:00006240       ??1bad_exception@std@@UEAA@XZ 0000000180007240 f i libvcruntime:frame.obj
 0001:00006254       ?_Xbad_alloc@std@@YAXXZ    0000000180007254 f   libcpmt:xthrow.obj
 0001:00006254       ?__scrt_throw_std_bad_alloc@@YAXXZ 0000000180007254 f   LIBCMT:throw_bad_alloc.obj
 0001:00006274       ?__scrt_throw_std_bad_array_new_length@@YAXXZ 0000000180007274 f   LIBCMT:throw_bad_alloc.obj
 0001:00006294       __isa_available_init       0000000180007294 f   LIBCMT:_cpu_disp_.obj
 0001:0000645c       __scrt_is_ucrt_dll_in_use  000000018000745c f   LIBCMT:ucrt_detection.obj
 0001:00006468       __security_init_cookie     0000000180007468 f   LIBCMT:gs_support.obj
 0001:00006514       ?__scrt_initialize_type_info@@YAXXZ 0000000180007514 f   LIBCMT:tncleanup.obj
 0001:00006524       ?__scrt_uninitialize_type_info@@YAXXZ 0000000180007524 f   LIBCMT:tncleanup.obj
 0001:00006530       __local_stdio_scanf_options 0000000180007530 f i LIBCMT:default_local_stdio_options.obj
 0001:00006538       __scrt_initialize_default_local_stdio_options 0000000180007538 f   LIBCMT:default_local_stdio_options.obj
 0001:00006554       __scrt_get_dyn_tls_init_callback 0000000180007554 f   LIBCMT:dyn_tls_init.obj
 0001:0000655c       _RTC_Initialize            000000018000755c f   LIBCMT:_initsect_.obj
 0001:000065a8       _RTC_Terminate             00000001800075a8 f   LIBCMT:_initsect_.obj
 0001:00006610       memcpy                     0000000180007610 f   libvcruntime:memcpy.obj
 0001:00006610       memmove                    0000000180007610 f   libvcruntime:memcpy.obj
 0001:00006a48       _purecall                  0000000180007a48 f   libvcruntime:purevirt.obj
 0001:00006a84       __DestructExceptionObject  0000000180007a84 f   libvcruntime:frame.obj
 0001:00006b0c       ??0bad_exception@std@@QEAA@AEBV01@@Z 0000000180007b0c f i libvcruntime:frame.obj
 0001:00006b4c       ??0bad_exception@std@@QEAA@XZ 0000000180007b4c f i libvcruntime:frame.obj
 0001:000074c8       ?_CallMemberFunction0@@YAXPEAXP6AX0@Z@Z 00000001800084c8 f i libvcruntime:frame.obj
 0001:000074cc       ?_CallMemberFunction1@@YAXPEAXP6AX0@Z0@Z 00000001800084cc f i libvcruntime:frame.obj
 0001:000074d8       ?_CallMemberFunction2@@YAXPEAXP6AX0@Z0H@Z 00000001800084d8 f i libvcruntime:frame.obj
 0001:000074e8       __AdjustPointer            00000001800084e8 f   libvcruntime:frame.obj
 0001:0000750c       __BuildCatchObject         000000018000850c f   libvcruntime:frame.obj
 0001:000075d0       __BuildCatchObjectHelper   00000001800085d0 f   libvcruntime:frame.obj
 0001:000077b0       __CxxCallCatchBlock        00000001800087b0 f   libvcruntime:frame.obj
 0001:0000799c       __FrameUnwindFilter        000000018000899c f   libvcruntime:frame.obj
 0001:000079e8       __FrameUnwindToState       00000001800089e8 f   libvcruntime:frame.obj
 0001:00007b7c       __InternalCxxFrameHandler  0000000180008b7c f   libvcruntime:frame.obj
 0001:00007dd4       __TypeMatch                0000000180008dd4 f   libvcruntime:frame.obj
 0001:00007f14       __std_terminate            0000000180008f14 f   libvcruntime:frame.obj
 0001:00007f20       __std_exception_copy       0000000180008f20 f   libvcruntime:std_exception.obj
 0001:00007fb0       __std_exception_destroy    0000000180008fb0 f   libvcruntime:std_exception.obj
 0001:00007fd8       _CxxThrowException         0000000180008fd8 f   libvcruntime:throw.obj
 0001:000080b0       ?_ExecutionInCatch@@YAHPEAU_xDISPATCHER_CONTEXT@@PEBU_s_FuncInfo@@@Z 00000001800090b0 f   libvcruntime:trnsctrl.obj
 0001:00008124       ?_GetEstablisherFrame@@YAPEA_KPEA_KPEAU_xDISPATCHER_CONTEXT@@PEBU_s_FuncInfo@@0@Z 0000000180009124 f   libvcruntime:trnsctrl.obj
 0001:000081f0       ?_GetRangeOfTrysToCheck@@YAPEBU_s_TryBlockMapEntry@@PEA_KPEBU_s_FuncInfo@@HHPEAI2PEAU_xDISPATCHER_CONTEXT@@@Z 00000001800091f0 f   libvcruntime:trnsctrl.obj
 0001:0000831c       ?__FrameUnwindToEmptyState@@YAXPEA_KPEAU_xDISPATCHER_CONTEXT@@PEBU_s_FuncInfo@@@Z 000000018000931c f   libvcruntime:trnsctrl.obj
 0001:000083b0       ?__SehTransFilter@@YAHPEAU_EXCEPTION_POINTERS@@PEAUEHExceptionRecord@@PEA_KPEAU_CONTEXT@@PEAU_xDISPATCHER_CONTEXT@@PEBU_s_FuncInfo@@PEAH@Z 00000001800093b0 f   libvcruntime:trnsctrl.obj
 0001:00008448       _CallSETranslator          0000000180009448 f   libvcruntime:trnsctrl.obj
 0001:000084a0       _CreateFrameInfo           00000001800094a0 f   libvcruntime:trnsctrl.obj
 0001:000084dc       _FindAndUnlinkFrame        00000001800094dc f   libvcruntime:trnsctrl.obj
 0001:00008534       _GetImageBase              0000000180009534 f   libvcruntime:trnsctrl.obj
 0001:00008548       _GetThrowImageBase         0000000180009548 f   libvcruntime:trnsctrl.obj
 0001:0000855c       _IsExceptionObjectToBeDestroyed 000000018000955c f   libvcruntime:trnsctrl.obj
 0001:0000858c       _SetImageBase              000000018000958c f   libvcruntime:trnsctrl.obj
 0001:000085a4       _SetThrowImageBase         00000001800095a4 f   libvcruntime:trnsctrl.obj
 0001:000085bc       _UnwindNestedFrames        00000001800095bc f   libvcruntime:trnsctrl.obj
 0001:000086e0       __CxxFrameHandler3         00000001800096e0 f   libvcruntime:trnsctrl.obj
 0001:00008770       memset                     0000000180009770 f   libvcruntime:memset.obj
 0001:00008920       memcmp                     0000000180009920 f   libvcruntime:memcmp.obj
 0001:00008bb0       __vcrt_FlsAlloc            0000000180009bb0 f   libvcruntime:winapi_downlevel.obj
 0001:00008c04       __vcrt_FlsFree             0000000180009c04 f   libvcruntime:winapi_downlevel.obj
 0001:00008c58       __vcrt_FlsGetValue         0000000180009c58 f   libvcruntime:winapi_downlevel.obj
 0001:00008cac       __vcrt_FlsSetValue         0000000180009cac f   libvcruntime:winapi_downlevel.obj
 0001:00008d14       __vcrt_InitializeCriticalSectionEx 0000000180009d14 f   libvcruntime:winapi_downlevel.obj
 0001:00008d8c       __vcrt_initialize_winapi_thunks 0000000180009d8c f   libvcruntime:winapi_downlevel.obj
 0001:00008dd8       __vcrt_uninitialize_winapi_thunks 0000000180009dd8 f   libvcruntime:winapi_downlevel.obj
 0001:00008e18       __vcrt_initialize          0000000180009e18 f   libvcruntime:initialization.obj
 0001:00008e4c       __vcrt_thread_attach       0000000180009e4c f   libvcruntime:initialization.obj
 0001:00008e60       __vcrt_thread_detach       0000000180009e60 f   libvcruntime:initialization.obj
 0001:00008e74       __vcrt_uninitialize        0000000180009e74 f   libvcruntime:initialization.obj
 0001:00008e94       __vcrt_uninitialize_critical 0000000180009e94 f   libvcruntime:initialization.obj
 0001:00008ea4       __C_specific_handler       0000000180009ea4 f   libvcruntime:_chandler_.obj
 0001:000090a0       __std_type_info_compare    000000018000a0a0 f   libvcruntime:std_type_info.obj
 0001:000090c8       __std_type_info_destroy_list 000000018000a0c8 f   libvcruntime:std_type_info.obj
 0001:000090f4       __vcrt_initialize_pure_virtual_call_handler 000000018000a0f4 f   libvcruntime:purevirt_data.obj
 0001:00009118       __vcrt_freefls             000000018000a118 f   libvcruntime:per_thread_data.obj
 0001:00009138       __vcrt_freeptd             000000018000a138 f   libvcruntime:per_thread_data.obj
 0001:00009188       __vcrt_getptd              000000018000a188 f   libvcruntime:per_thread_data.obj
 0001:000091a4       __vcrt_getptd_noexit       000000018000a1a4 f   libvcruntime:per_thread_data.obj
 0001:0000925c       __vcrt_initialize_ptd      000000018000a25c f   libvcruntime:per_thread_data.obj
 0001:0000929c       __vcrt_uninitialize_ptd    000000018000a29c f   libvcruntime:per_thread_data.obj
 0001:000092c0       ?__GetCurrentState@@YAHPEA_KPEAU_xDISPATCHER_CONTEXT@@PEBU_s_FuncInfo@@@Z 000000018000a2c0 f   libvcruntime:ehstate.obj
 0001:000092e8       ?__GetUnwindTryBlock@@YAHPEA_KPEAU_xDISPATCHER_CONTEXT@@PEBU_s_FuncInfo@@@Z 000000018000a2e8 f   libvcruntime:ehstate.obj
 0001:00009314       ?__SetState@@YAXPEA_KPEAU_xDISPATCHER_CONTEXT@@PEBU_s_FuncInfo@@H@Z 000000018000a314 f   libvcruntime:ehstate.obj
 0001:00009320       ?__SetUnwindTryBlock@@YAXPEA_KPEAU_xDISPATCHER_CONTEXT@@PEBU_s_FuncInfo@@H@Z 000000018000a320 f   libvcruntime:ehstate.obj
 0001:0000935c       ?__StateFromControlPc@@YAHPEBU_s_FuncInfo@@PEAU_xDISPATCHER_CONTEXT@@@Z 000000018000a35c f   libvcruntime:ehstate.obj
 0001:00009364       ?__StateFromIp@@YAHPEBU_s_FuncInfo@@PEAU_xDISPATCHER_CONTEXT@@_J@Z 000000018000a364 f   libvcruntime:ehstate.obj
 0001:000093e0       _CallSettingFrame          000000018000a3e0 f   libvcruntime:handlers.obj
 0001:00009430       _local_unwind              000000018000a430 f   libvcruntime:_jmpuwind_.obj
 0001:00009460       _NLG_Notify                000000018000a460 f   libvcruntime:_jmpuwind_.obj
 0001:00009480       __NLG_Dispatch2            000000018000a480 f   libvcruntime:_jmpuwind_.obj
 0001:00009490       __NLG_Return2              000000018000a490 f   libvcruntime:_jmpuwind_.obj
 0001:00009494       __vcrt_initialize_locks    000000018000a494 f   libvcruntime:locks.obj
 0001:000094dc       __vcrt_uninitialize_locks  000000018000a4dc f   libvcruntime:locks.obj
 0001:00009514       __acrt_call_reportfault    000000018000a514 f   libucrt:invalid_parameter.obj
 0001:00009670       __acrt_initialize_invalid_parameter_handler 000000018000a670 f   libucrt:invalid_parameter.obj
 0001:00009678       _invalid_parameter         000000018000a678 f   libucrt:invalid_parameter.obj
 0001:00009720       _invalid_parameter_noinfo  000000018000a720 f   libucrt:invalid_parameter.obj
 0001:00009740       _invalid_parameter_noinfo_noreturn 000000018000a740 f   libucrt:invalid_parameter.obj
 0001:00009770       _invoke_watson             000000018000a770 f   libucrt:invalid_parameter.obj
 0001:000097b8       ??0_LocaleUpdate@@QEAA@QEAU__crt_locale_pointers@@@Z 000000018000a7b8 f i libucrt:stricmp.obj
 0001:00009848       __ascii_stricmp            000000018000a848 f   libucrt:stricmp.obj
 0001:00009884       _stricmp                   000000018000a884 f   libucrt:stricmp.obj
 0001:000098cc       _stricmp_l                 000000018000a8cc f   libucrt:stricmp.obj
 0001:00009980       free                       000000018000a980 f   libucrt:free.obj
 0001:00009988       __acrt_errno_from_os_error 000000018000a988 f   libucrt:errno.obj
 0001:000099d0       __acrt_errno_map_os_error  000000018000a9d0 f   libucrt:errno.obj
 0001:00009a20       __doserrno                 000000018000aa20 f   libucrt:errno.obj
 0001:00009a40       _errno                     000000018000aa40 f   libucrt:errno.obj
 0001:00009a60       __acrt_initialize_stdio    000000018000aa60 f   libucrt:_file.obj
 0001:00009b80       __acrt_iob_func            000000018000ab80 f   libucrt:_file.obj
 0001:00009b94       __acrt_uninitialize_stdio  000000018000ab94 f   libucrt:_file.obj
 0001:00009bf0       _get_stream_buffer_pointers 000000018000abf0 f   libucrt:_file.obj
 0001:00009c38       _lock_file                 000000018000ac38 f   libucrt:_file.obj
 0001:00009c44       _unlock_file               000000018000ac44 f   libucrt:_file.obj
 0001:00009c50       _fclose_nolock             000000018000ac50 f   libucrt:fclose.obj
 0001:00009cd4       fclose                     000000018000acd4 f   libucrt:fclose.obj
 0001:00009d40       __acrt_stdio_flush_nolock  000000018000ad40 f   libucrt:fflush.obj
 0001:00009db8       _fflush_nolock             000000018000adb8 f   libucrt:fflush.obj
 0001:00009e04       _flushall                  000000018000ae04 f   libucrt:fflush.obj
 0001:00009ef4       fflush                     000000018000aef4 f   libucrt:fflush.obj
 0001:00009f38       _fgetc_nolock              000000018000af38 f   libucrt:fgetc.obj
 0001:00009f7c       fgetc                      000000018000af7c f   libucrt:fgetc.obj
 0001:0000a080       fgetpos                    000000018000b080 f   libucrt:fgetpos.obj
 0001:0000a0cc       fputc                      000000018000b0cc f   libucrt:fputc.obj
 0001:0000a1ec       fsetpos                    000000018000b1ec f   libucrt:fsetpos.obj
 0001:0000a498       _fseeki64                  000000018000b498 f   libucrt:fseek.obj
 0001:0000a4a0       ??$?RV<lambda_5d4c3fee44080f75d5d9762853974fe0>@@AEAV<lambda_532e024f4337e6fc7ad266c2bef9f4ed>@@V<lambda_c87bdc10097eb2402edb8ba9bdf0697b>@@@?$__crt_seh_guarded_call@_K@@QEAA_K$$QEAV<lambda_5d4c3fee44080f75d5d9762853974fe0>@@AEAV<lambda_532e024f4337e6fc7ad266c2bef9f4ed>@@$$QEAV<lambda_c87bdc10097eb2402edb8ba9bdf0697b>@@@Z 000000018000b4a0 f i libucrt:fwrite.obj
 0001:0000a544       _fwrite_nolock             000000018000b544 f   libucrt:fwrite.obj
 0001:0000a6e0       fwrite                     000000018000b6e0 f   libucrt:fwrite.obj
 0001:0000a764       ??$?RV<lambda_7a5ef57ff966f610505f1d28a3d40618>@@AEAV<lambda_b721fa326cdb32351d23dfa67958c160>@@V<lambda_5e0fb27672408a07956fe59e48ccb2aa>@@@?$__crt_seh_guarded_call@H@@QEAAH$$QEAV<lambda_7a5ef57ff966f610505f1d28a3d40618>@@AEAV<lambda_b721fa326cdb32351d23dfa67958c160>@@$$QEAV<lambda_5e0fb27672408a07956fe59e48ccb2aa>@@@Z 000000018000b764 f i libucrt:setvbuf.obj
 0001:0000a894       setvbuf                    000000018000b894 f   libucrt:setvbuf.obj
 0001:0000a934       _ungetc_nolock             000000018000b934 f   libucrt:ungetc.obj
 0001:0000aa44       ungetc                     000000018000ba44 f   libucrt:ungetc.obj
 0001:0000aaa4       __acrt_initialize_locks    000000018000baa4 f   libucrt:locks.obj
 0001:0000aaec       __acrt_lock                000000018000baec f   libucrt:locks.obj
 0001:0000ab08       __acrt_uninitialize_locks  000000018000bb08 f   libucrt:locks.obj
 0001:0000ab40       __acrt_unlock              000000018000bb40 f   libucrt:locks.obj
 0001:0000ab5c       _lock_locales              000000018000bb5c f   libucrt:locks.obj
 0001:0000ab6c       _unlock_locales            000000018000bb6c f   libucrt:locks.obj
 0001:0000ab7c       _calloc_base               000000018000bb7c f   libucrt:calloc_base.obj
 0001:0000abf4       __pctype_func              000000018000bbf4 f   libucrt:ctype.obj
 0001:0000ac24       islower                    000000018000bc24 f i libucrt:_ctype.obj
 0001:0000ac98       isupper                    000000018000bc98 f i libucrt:_ctype.obj
 0001:0000ad0c       _wcsdup                    000000018000bd0c f   libucrt:wcsdup.obj
 0001:0000ad90       ___lc_codepage_func        000000018000bd90 f   libucrt:initctype.obj
 0001:0000adc0       ___lc_locale_name_func     000000018000bdc0 f   libucrt:initctype.obj
 0001:0000adf4       __acrt_locale_initialize_ctype 000000018000bdf4 f   libucrt:initctype.obj
 0001:0000b3c8       malloc                     000000018000c3c8 f   libucrt:malloc.obj
 0001:0000b4b8       setlocale                  000000018000c4b8 f   libucrt:setlocale.obj
 0001:0000b684       abort                      000000018000c684 f   libucrt:abort.obj
 0001:0000b6dc       __strncnt                  000000018000c6dc f   libucrt:strncnt.obj
 0001:0000b6f4       _free_base                 000000018000c6f4 f   libucrt:free_base.obj
 0001:0000b734       _malloc_base               000000018000c734 f   libucrt:malloc_base.obj
 0001:0000b794       _realloc_base              000000018000c794 f   libucrt:realloc_base.obj
 0001:0000b820       pow                        000000018000c820 f   libucrt:pow.obj
 0001:0000cec0       powf                       000000018000dec0 f   libucrt:powf.obj
 0001:0000dd88       wcscpy_s                   000000018000ed88 f   libucrt:wcscpy_s.obj
 0001:0000ddf0       wcsnlen                    000000018000edf0 f   libucrt:strnlen.obj
 0001:0000e058       _ismbblead                 000000018000f058 f   libucrt:ismbbyte.obj
 0001:0000e0bc       _tolower_l                 000000018000f0bc f   libucrt:tolower_toupper.obj
 0001:0000e1fc       __acrt_initialize_new_handler 000000018000f1fc f   libucrt:new_handler.obj
 0001:0000e204       _callnewh                  000000018000f204 f   libucrt:new_handler.obj
 0001:0000e244       _query_new_handler         000000018000f244 f   libucrt:new_handler.obj
 0001:0000e278       _seh_filter_dll            000000018000f278 f   libucrt:exception_filter.obj
 0001:0000e28c       _seh_filter_exe            000000018000f28c f   libucrt:exception_filter.obj
 0001:0000e64c       __acrt_initialize_thread_local_exit_callback 000000018000f64c f   libucrt:exit.obj
 0001:0000e654       _cexit                     000000018000f654 f   libucrt:exit.obj
 0001:0000e664       _exit                      000000018000f664 f   libucrt:exit.obj
 0001:0000e670       _is_c_termination_complete 000000018000f670 f   libucrt:exit.obj
 0001:0000e834       __acrt_allocate_buffer_for_argv 000000018000f834 f   libucrt:argv_parsing.obj
 0001:0000e898       _configure_narrow_argv     000000018000f898 f   libucrt:argv_parsing.obj
 0001:0000ebf4       __dcrt_uninitialize_environments_nolock 000000018000fbf4 f   libucrt:environment_initialization.obj
 0001:0000ec2c       _initialize_narrow_environment 000000018000fc2c f   libucrt:environment_initialization.obj
 0001:0000ec34       ??$?RV<lambda_b8c45f8f788dd370798f47cfe8ac3a86>@@AEAV<lambda_4e60a939b0d047cfe11ddc22648dfba9>@@V<lambda_332c3edc96d0294ec56c57d38c1cdfd5>@@@?$__crt_seh_guarded_call@H@@QEAAH$$QEAV<lambda_b8c45f8f788dd370798f47cfe8ac3a86>@@AEAV<lambda_4e60a939b0d047cfe11ddc22648dfba9>@@$$QEAV<lambda_332c3edc96d0294ec56c57d38c1cdfd5>@@@Z 000000018000fc34 f i libucrt:onexit.obj
 0001:0000ec70       ??$?RV<lambda_e24bbb7b643b32fcea6fa61b31d4c984>@@AEAV<lambda_275893d493268fdec8709772e3fcec0e>@@V<lambda_9d71df4d7cf3f480f8d633942495c3b0>@@@?$__crt_seh_guarded_call@H@@QEAAH$$QEAV<lambda_e24bbb7b643b32fcea6fa61b31d4c984>@@AEAV<lambda_275893d493268fdec8709772e3fcec0e>@@$$QEAV<lambda_9d71df4d7cf3f480f8d633942495c3b0>@@@Z 000000018000fc70 f i libucrt:onexit.obj
 0001:0000efec       _crt_atexit                000000018000ffec f   libucrt:onexit.obj
 0001:0000effc       _execute_onexit_table      000000018000fffc f   libucrt:onexit.obj
 0001:0000f038       _initialize_onexit_table   0000000180010038 f   libucrt:onexit.obj
 0001:0000f078       _register_onexit_function  0000000180010078 f   libucrt:onexit.obj
 0001:0000f0f8       ?do_always_noconv@?$codecvt@DDU_Mbstatet@@@std@@MEBA_NXZ 00000001800100f8 f   libcpmt:cout.obj
 0001:0000f0f8       __acrt_uninitialize_command_line 00000001800100f8 f   libucrt:argv_data.obj
 0001:0000f1f8       __acrt_initialize          00000001800101f8 f   libucrt:initialization.obj
 0001:0000f20c       __acrt_thread_attach       000000018001020c f   libucrt:initialization.obj
 0001:0000f220       __acrt_thread_detach       0000000180010220 f   libucrt:initialization.obj
 0001:0000f230       __acrt_uninitialize        0000000180010230 f   libucrt:initialization.obj
 0001:0000f244       __acrt_uninitialize_critical 0000000180010244 f   libucrt:initialization.obj
 0001:0000f254       _initterm                  0000000180010254 f   libucrt:initterm.obj
 0001:0000f2cc       _initterm_e                00000001800102cc f   libucrt:initterm.obj
 0001:0000f318       terminate                  0000000180010318 f   libucrt:terminate.obj
 0001:0000f340       strcpy_s                   0000000180010340 f   libucrt:strcpy_s.obj
 0001:0000f3a0       ??$is_overflow_condition@K@__crt_strtox@@YA_NIK@Z 00000001800103a0 f i libucrt:atox.obj
 0001:0000f3cc       ??$make_c_string_character_source@_W$$T@__crt_strtox@@YA?AV?$c_string_character_source@_W@0@QEB_W$$T@Z 00000001800103cc f i libucrt:atox.obj
 0001:0000f3e0       ??$parse_integer@KV?$c_string_character_source@_W@__crt_strtox@@@__crt_strtox@@YAKQEAU__crt_locale_pointers@@V?$c_string_character_source@_W@0@H_N@Z 00000001800103e0 f i libucrt:atox.obj
 0001:0000fab4       _wtol                      0000000180010ab4 f   libucrt:atox.obj
 0001:0000fae0       ??$?RV<lambda_46352004c1216016012b18bd6f87e700>@@AEAV<lambda_3bd07e1a1191394380780325891bf33f>@@V<lambda_334532d3f185bcaa59b5be82d7d22bff>@@@?$__crt_seh_guarded_call@X@@QEAAX$$QEAV<lambda_46352004c1216016012b18bd6f87e700>@@AEAV<lambda_3bd07e1a1191394380780325891bf33f>@@$$QEAV<lambda_334532d3f185bcaa59b5be82d7d22bff>@@@Z 0000000180010ae0 f i libucrt:per_thread_data.obj
 0001:0000fb40       ??$?RV<lambda_5e887d1dcbef67a5eb4283622ba103bf>@@AEAV<lambda_4466841279450cc726390878d4a41900>@@V<lambda_341c25c0346d94847f1f3c463c57e077>@@@?$__crt_seh_guarded_call@X@@QEAAX$$QEAV<lambda_5e887d1dcbef67a5eb4283622ba103bf>@@AEAV<lambda_4466841279450cc726390878d4a41900>@@$$QEAV<lambda_341c25c0346d94847f1f3c463c57e077>@@@Z 0000000180010b40 f i libucrt:per_thread_data.obj
 0001:0000fb88       ??$?RV<lambda_72d1df2b273a38828b1ce30cbf4cdab5>@@AEAV<lambda_876a65b173b8412d3a47c70a915b0cf4>@@V<lambda_41932305e351933ebe8f8be3ed8bb5dc>@@@?$__crt_seh_guarded_call@X@@QEAAX$$QEAV<lambda_72d1df2b273a38828b1ce30cbf4cdab5>@@AEAV<lambda_876a65b173b8412d3a47c70a915b0cf4>@@$$QEAV<lambda_41932305e351933ebe8f8be3ed8bb5dc>@@@Z 0000000180010b88 f i libucrt:per_thread_data.obj
 0001:0000fbc8       ??$?RV<lambda_fb3a7dec4e47f37f22dae91bb15c9095>@@AEAV<lambda_698284760c8add0bfb0756c19673e34b>@@V<lambda_dfb8eca1e75fef3034a8fb18dd509707>@@@?$__crt_seh_guarded_call@X@@QEAAX$$QEAV<lambda_fb3a7dec4e47f37f22dae91bb15c9095>@@AEAV<lambda_698284760c8add0bfb0756c19673e34b>@@$$QEAV<lambda_dfb8eca1e75fef3034a8fb18dd509707>@@@Z 0000000180010bc8 f i libucrt:per_thread_data.obj
 0001:0000fe58       __acrt_freeptd             0000000180010e58 f   libucrt:per_thread_data.obj
 0001:0000fe9c       __acrt_getptd              0000000180010e9c f   libucrt:per_thread_data.obj
 0001:0000ff30       __acrt_getptd_noexit       0000000180010f30 f   libucrt:per_thread_data.obj
 0001:0000ffd0       __acrt_initialize_ptd      0000000180010fd0 f   libucrt:per_thread_data.obj
 0001:0001000c       __acrt_uninitialize_ptd    000000018001100c f   libucrt:per_thread_data.obj
 0001:00010030       __acrt_update_locale_info  0000000180011030 f   libucrt:locale_update.obj
 0001:00010064       __acrt_update_multibyte_info 0000000180011064 f   libucrt:locale_update.obj
 0001:00010098       ??$?RV<lambda_5df02c53a8f32f81fd64e5bbb78039f1>@@AEAV<lambda_2af78c5f5901b1372d98f9ab3177dfa6>@@AEAV<lambda_f51fe5fd7c79a33db34fc9310f277369>@@@?$__crt_seh_guarded_call@X@@QEAAX$$QEAV<lambda_5df02c53a8f32f81fd64e5bbb78039f1>@@AEAV<lambda_2af78c5f5901b1372d98f9ab3177dfa6>@@AEAV<lambda_f51fe5fd7c79a33db34fc9310f277369>@@@Z 0000000180011098 f i libucrt:wsetlocale.obj
 0001:000100c4       ??$?RV<lambda_d67e8342c384adda8f857579ab50b2ae>@@AEAV<lambda_30712929f77e709619002f448b6a9510>@@V<lambda_4525336fd7e478d965fb7ca7a337cad8>@@@?$__crt_seh_guarded_call@X@@QEAAX$$QEAV<lambda_d67e8342c384adda8f857579ab50b2ae>@@AEAV<lambda_30712929f77e709619002f448b6a9510>@@$$QEAV<lambda_4525336fd7e478d965fb7ca7a337cad8>@@@Z 00000001800110c4 f i libucrt:wsetlocale.obj
 0001:00010290       __acrt_copy_locale_name    0000000180011290 f   libucrt:wsetlocale.obj
 0001:00010314       __acrt_set_locale_changed  0000000180011314 f   libucrt:wsetlocale.obj
 0001:00010320       __acrt_uninitialize_locale 0000000180011320 f   libucrt:wsetlocale.obj
 0001:00010368       __lc_lctowcs               0000000180011368 f   libucrt:wsetlocale.obj
 0001:0001040c       __lc_wcstolc               000000018001140c f   libucrt:wsetlocale.obj
 0001:00010684       _expandlocale              0000000180011684 f   libucrt:wsetlocale.obj
 0001:00010a80       _wcscats                   0000000180011a80 f   libucrt:wsetlocale.obj
 0001:00010ae8       _wsetlocale                0000000180011ae8 f   libucrt:wsetlocale.obj
 0001:00011378       ??$?RV<lambda_630b2aca97f6d20d5b5ea6529ea6b6af>@@AEAV<lambda_af91936f1d075d609f72d9d8cba980af>@@V<lambda_e82fa975f615b5c7c7b0e4d178fdae67>@@@?$__crt_seh_guarded_call@H@@QEAAH$$QEAV<lambda_630b2aca97f6d20d5b5ea6529ea6b6af>@@AEAV<lambda_af91936f1d075d609f72d9d8cba980af>@@$$QEAV<lambda_e82fa975f615b5c7c7b0e4d178fdae67>@@@Z 0000000180012378 f i libucrt:winapi_thunks.obj
 0001:000115b0       __acrt_EnumSystemLocalesEx 00000001800125b0 f   libucrt:winapi_thunks.obj
 0001:00011658       __acrt_FlsAlloc            0000000180012658 f   libucrt:winapi_thunks.obj
 0001:000116b0       __acrt_FlsFree             00000001800126b0 f   libucrt:winapi_thunks.obj
 0001:00011708       __acrt_FlsGetValue         0000000180012708 f   libucrt:winapi_thunks.obj
 0001:00011760       __acrt_FlsSetValue         0000000180012760 f   libucrt:winapi_thunks.obj
 0001:000117c8       __acrt_GetLocaleInfoEx     00000001800127c8 f   libucrt:winapi_thunks.obj
 0001:00011860       __acrt_GetUserDefaultLocaleName 0000000180012860 f   libucrt:winapi_thunks.obj
 0001:000118d4       __acrt_InitializeCriticalSectionEx 00000001800128d4 f   libucrt:winapi_thunks.obj
 0001:0001194c       __acrt_IsValidLocaleName   000000018001294c f   libucrt:winapi_thunks.obj
 0001:000119b4       __acrt_LCIDToLocaleName    00000001800129b4 f   libucrt:winapi_thunks.obj
 0001:00011a40       __acrt_LCMapStringEx       0000000180012a40 f   libucrt:winapi_thunks.obj
 0001:00011b30       __acrt_LocaleNameToLCID    0000000180012b30 f   libucrt:winapi_thunks.obj
 0001:00011b98       __acrt_can_use_vista_locale_apis 0000000180012b98 f   libucrt:winapi_thunks.obj
 0001:00011bc8       __acrt_initialize_winapi_thunks 0000000180012bc8 f   libucrt:winapi_thunks.obj
 0001:00011c00       __acrt_is_packaged_app     0000000180012c00 f   libucrt:winapi_thunks.obj
 0001:00011c88       __acrt_uninitialize_winapi_thunks 0000000180012c88 f   libucrt:winapi_thunks.obj
 0001:00011ccc       _fcloseall                 0000000180012ccc f   libucrt:closeall.obj
 0001:00011d80       __acrt_stdio_free_buffer_nolock 0000000180012d80 f   libucrt:_freebuf.obj
 0001:00011fa8       __acrt_initialize_lowio    0000000180012fa8 f   libucrt:ioinit.obj
 0001:00011fe4       __acrt_uninitialize_lowio  0000000180012fe4 f   libucrt:ioinit.obj
 0001:00012024       ??$?RV<lambda_bfedae4ebbf01fab1bb6dcc6a9e276e0>@@AEAV<lambda_2fe9b910cf3cbf4a0ab98a02ba45b3ec>@@V<lambda_237c231691f317818eb88cc1d5d642d6>@@@?$__crt_seh_guarded_call@H@@QEAAH$$QEAV<lambda_bfedae4ebbf01fab1bb6dcc6a9e276e0>@@AEAV<lambda_2fe9b910cf3cbf4a0ab98a02ba45b3ec>@@$$QEAV<lambda_237c231691f317818eb88cc1d5d642d6>@@@Z 0000000180013024 f i libucrt:close.obj
 0001:00012098       _close                     0000000180013098 f   libucrt:close.obj
 0001:0001213c       _close_nolock              000000018001313c f   libucrt:close.obj
 0001:000121f8       _fileno                    00000001800131f8 f   libucrt:fileno.obj
 0001:00012220       ?__acrt_stdio_free_stream@@YAXV__crt_stdio_stream@@@Z 0000000180013220 f   libucrt:stream.obj
 0001:00012264       ??$?RV<lambda_b521505b218e5242e90febf6bfebc422>@@AEAV<lambda_6978c1fb23f02e42e1d9e99668cc68aa>@@V<lambda_314360699dd331753a4119843814e9a7>@@@?$__crt_seh_guarded_call@H@@QEAAH$$QEAV<lambda_b521505b218e5242e90febf6bfebc422>@@AEAV<lambda_6978c1fb23f02e42e1d9e99668cc68aa>@@$$QEAV<lambda_314360699dd331753a4119843814e9a7>@@@Z 0000000180013264 f i libucrt:commit.obj
 0001:000122f0       _commit                    00000001800132f0 f   libucrt:commit.obj
 0001:00012924       _write                     0000000180013924 f   libucrt:write.obj
 0001:00012a10       _write_nolock              0000000180013a10 f   libucrt:write.obj
 0001:00012e9c       __acrt_stdio_refill_and_read_narrow_nolock 0000000180013e9c f   libucrt:_filbuf.obj
 0001:00013360       _ftelli64                  0000000180014360 f   libucrt:ftell.obj
 0001:00013368       _ftelli64_nolock           0000000180014368 f   libucrt:ftell.obj
 0001:00013474       __acrt_stdio_flush_and_write_narrow_nolock 0000000180014474 f   libucrt:_flsbuf.obj
 0001:000136e8       _lseeki64                  00000001800146e8 f   libucrt:lseek.obj
 0001:000136f0       _lseeki64_nolock           00000001800146f0 f   libucrt:lseek.obj
 0001:000136f8       __acrt_stdio_begin_temporary_buffering_nolock 00000001800146f8 f   libucrt:_sftbuf.obj
 0001:000137c8       __acrt_stdio_end_temporary_buffering_nolock 00000001800147c8 f   libucrt:_sftbuf.obj
 0001:00013804       __acrt_stdio_allocate_buffer_nolock 0000000180014804 f   libucrt:_getbuf.obj
 0001:00013868       _query_new_mode            0000000180014868 f   libucrt:new_mode.obj
 0001:00013870       __acrt_initialize_heap     0000000180014870 f   libucrt:heap_handle.obj
 0001:0001388c       __acrt_uninitialize_heap   000000018001488c f   libucrt:heap_handle.obj
 0001:00013898       _isctype_l                 0000000180014898 f   libucrt:isctype.obj
 0001:00013b48       __acrt_GetLocaleInfoA      0000000180014b48 f   libucrt:getlocaleinfoa.obj
 0001:00013d10       __acrt_GetStringTypeA      0000000180014d10 f   libucrt:getstringtypea.obj
 0001:00014220       __acrt_LCMapStringA        0000000180015220 f   libucrt:lcmapstringa.obj
 0001:00014494       _mbstowcs_s_l              0000000180015494 f   libucrt:mbstowcs.obj
 0001:000145c4       mbstowcs_s                 00000001800155c4 f   libucrt:mbstowcs.obj
 0001:00014918       _wcstombs_s_l              0000000180015918 f   libucrt:wcstombs.obj
 0001:00014a04       ??$?RV<lambda_c36588078e9f5dfd39652860aa6b3aaf>@@AEAV<lambda_ec61778202f4f5fc7e7711acc23c3bca>@@V<lambda_dc9d2797ccde5d239b4a0efae8ebd7db>@@@?$__crt_seh_guarded_call@P6AXH@Z@@QEAAP6AXH@Z$$QEAV<lambda_c36588078e9f5dfd39652860aa6b3aaf>@@AEAV<lambda_ec61778202f4f5fc7e7711acc23c3bca>@@$$QEAV<lambda_dc9d2797ccde5d239b4a0efae8ebd7db>@@@Z 0000000180015a04 f i libucrt:signal.obj
 0001:00014a4c       __acrt_get_sigabrt_handler 0000000180015a4c f   libucrt:signal.obj
 0001:00014a7c       __acrt_initialize_signal_handlers 0000000180015a7c f   libucrt:signal.obj
 0001:00014a9c       raise                      0000000180015a9c f   libucrt:signal.obj
 0001:00014d38       iswctype                   0000000180015d38 f   libucrt:iswctype.obj
 0001:00014da8       _raise_exc                 0000000180015da8 f   libucrt:fpexcept.obj
 0001:00014dd0       _raise_exc_ex              0000000180015dd0 f   libucrt:fpexcept.obj
 0001:000150d8       _raise_excf                00000001800160d8 f   libucrt:fpexcept.obj
 0001:00015104       _set_errno_from_matherr    0000000180016104 f   libucrt:fpexcept.obj
 0001:00015134       _clrfp                     0000000180016134 f   libucrt:fpctrl.obj
 0001:00015154       _ctrlfp                    0000000180016154 f   libucrt:fpctrl.obj
 0001:000151d0       _set_statfp                00000001800161d0 f   libucrt:fpctrl.obj
 0001:000151f0       _statfp                    00000001800161f0 f   libucrt:fpctrl.obj
 0001:00015204       _mbtowc_l                  0000000180016204 f   libucrt:mbtowc.obj
 0001:0001534c       mbtowc                     000000018001634c f   libucrt:mbtowc.obj
 0001:00015360       __acrt_initialize_fma3     0000000180016360 f   libucrt:fma3_available.obj
 0001:000153d0       _pow_special               00000001800163d0 f   libucrt:pow_special.obj
 0001:000154f4       _powf_special              00000001800164f4 f   libucrt:pow_special.obj
 0001:00015680       _wcsicmp                   0000000180016680 f   libucrt:wcsicmp.obj
 0001:00015708       _wcsicmp_l                 0000000180016708 f   libucrt:wcsicmp.obj
 0001:000157f8       __acrt_initialize_timeset  00000001800167f8 f   libucrt:timeset.obj
 0001:00015828       _isleadbyte_l              0000000180016828 f i libucrt:_wctype.obj
 0001:00015d44       ?expand_if_necessary@?$argument_list@D@?A0xca0879c4@@AEAAHXZ 0000000180016d44 f i libucrt:argv_wildcards.obj
 0001:00015e0c       __acrt_expand_narrow_argv_wildcards 0000000180016e0c f   libucrt:argv_wildcards.obj
 0001:00015e14       ??$?RV<lambda_99476a1ad63dd22509b5d3e65b0ffc95>@@AEAV<lambda_ad1ced32f4ac17aa236e5ef05d6b3b7c>@@V<lambda_f7424dd8d45958661754dc4f2697e9c3>@@@?$__crt_seh_guarded_call@X@@QEAAX$$QEAV<lambda_99476a1ad63dd22509b5d3e65b0ffc95>@@AEAV<lambda_ad1ced32f4ac17aa236e5ef05d6b3b7c>@@$$QEAV<lambda_f7424dd8d45958661754dc4f2697e9c3>@@@Z 0000000180016e14 f i libucrt:mbctype.obj
 0001:00016510       __acrt_initialize_multibyte 0000000180017510 f   libucrt:mbctype.obj
 0001:00016538       __acrt_update_thread_multibyte_data 0000000180017538 f   libucrt:mbctype.obj
 0001:000165f8       _setmbcp_nolock            00000001800175f8 f   libucrt:mbctype.obj
 0001:000168a0       __acrt_initialize_command_line 00000001800178a0 f   libucrt:argv_data.obj
 0001:000168c8       __dcrt_get_narrow_environment_from_os 00000001800178c8 f   libucrt:get_environment_from_os.obj
 0001:000169cc       _recalloc                  00000001800179cc f   libucrt:recalloc.obj
 0001:000169d4       _recalloc_base             00000001800179d4 f   libucrt:recalloc.obj
 0001:00016a6c       __acrt_execute_initializers 0000000180017a6c f   libucrt:shared_initialization.obj
 0001:00016b00       __acrt_execute_uninitializers 0000000180017b00 f   libucrt:shared_initialization.obj
 0001:00016b50       __acrt_has_user_matherr    0000000180017b50 f   libucrt:matherr.obj
 0001:00016b70       __acrt_initialize_user_matherr 0000000180017b70 f   libucrt:matherr.obj
 0001:00016b78       __acrt_invoke_user_matherr 0000000180017b78 f   libucrt:matherr.obj
 0001:00016bc0       __acrt_add_locale_ref      0000000180017bc0 f   libucrt:locale_refcounting.obj
 0001:00016c4c       __acrt_free_locale         0000000180017c4c f   libucrt:locale_refcounting.obj
 0001:00016dc4       __acrt_locale_add_lc_time_reference 0000000180017dc4 f   libucrt:locale_refcounting.obj
 0001:00016dec       __acrt_locale_free_lc_time_if_unreferenced 0000000180017dec f   libucrt:locale_refcounting.obj
 0001:00016e24       __acrt_locale_release_lc_time_reference 0000000180017e24 f   libucrt:locale_refcounting.obj
 0001:00016e4c       __acrt_release_locale_ref  0000000180017e4c f   libucrt:locale_refcounting.obj
 0001:00016ef4       __acrt_update_thread_locale_data 0000000180017ef4 f   libucrt:locale_refcounting.obj
 0001:00016f64       _updatetlocinfoEx_nolock   0000000180017f64 f   libucrt:locale_refcounting.obj
 0001:00016fcc       __acrt_locale_free_monetary 0000000180017fcc f   libucrt:initmon.obj
 0001:000170d8       __acrt_locale_initialize_monetary 00000001800180d8 f   libucrt:initmon.obj
 0001:00017610       __acrt_locale_free_numeric 0000000180018610 f   libucrt:initnum.obj
 0001:0001767c       __acrt_locale_initialize_numeric 000000018001867c f   libucrt:initnum.obj
 0001:00017d00       __acrt_locale_free_time    0000000180018d00 f   libucrt:inittime.obj
 0001:00017e08       __acrt_locale_initialize_time 0000000180018e08 f   libucrt:inittime.obj
 0001:00017e9c       wcscat_s                   0000000180018e9c f   libucrt:wcscat_s.obj
 0001:00017f1c       wcsncpy_s                  0000000180018f1c f   libucrt:wcsncpy_s.obj
 0001:00018000       wcscspn                    0000000180019000 f   libucrt:wcscspn.obj
 0001:00018040       wcsncmp                    0000000180019040 f   libucrt:wcsncmp.obj
 0001:0001806c       wcspbrk                    000000018001906c f   libucrt:wcspbrk.obj
 0001:00018910       __acrt_get_qualified_locale 0000000180019910 f   libucrt:get_qualified_locale.obj
 0001:000192fc       __acrt_get_qualified_locale_downlevel 000000018001a2fc f   libucrt:getqloc_downlevel.obj
 0001:00019654       __acrt_DownlevelLCIDToLocaleName 000000018001a654 f   libucrt:lcidtoname_downlevel.obj
 0001:00019738       __acrt_DownlevelLocaleNameToLCID 000000018001a738 f   libucrt:lcidtoname_downlevel.obj
 0001:0001976c       __acrt_lowio_create_handle_array 000000018001a76c f   libucrt:osfinfo.obj
 0001:00019804       __acrt_lowio_destroy_handle_array 000000018001a804 f   libucrt:osfinfo.obj
 0001:00019854       __acrt_lowio_ensure_fh_exists 000000018001a854 f   libucrt:osfinfo.obj
 0001:0001990c       __acrt_lowio_lock_fh       000000018001a90c f   libucrt:osfinfo.obj
 0001:00019930       __acrt_lowio_unlock_fh     000000018001a930 f   libucrt:osfinfo.obj
 0001:00019954       _free_osfhnd               000000018001a954 f   libucrt:osfinfo.obj
 0001:00019a10       _get_osfhandle             000000018001aa10 f   libucrt:osfinfo.obj
 0001:00019a88       _isatty                    000000018001aa88 f   libucrt:isatty.obj
 0001:00019ae8       _putwch_nolock             000000018001aae8 f   libucrt:putwch.obj
 0001:0001a074       _read                      000000018001b074 f   libucrt:read.obj
 0001:0001a18c       _read_nolock               000000018001b18c f   libucrt:read.obj
 0001:0001a5f4       strncpy_s                  000000018001b5f4 f   libucrt:strncpy_s.obj
 0001:0001a6e0       _get_fpsr                  000000018001b6e0 f   libucrt:fpsr.obj
 0001:0001a6f0       _set_fpsr                  000000018001b6f0 f   libucrt:fpsr.obj
 0001:0001a6fa       _fclrf                     000000018001b6fa f   libucrt:fpsr.obj
 0001:0001a70e       _frnd                      000000018001b70e f   libucrt:fpsr.obj
 0001:0001a854       _handle_error              000000018001b854 f   libucrt:libm_error.obj
 0001:0001a97c       _handle_errorf             000000018001b97c f   libucrt:libm_error.obj
 0001:0001aab0       _handle_nan                000000018001bab0 f   libucrt:libm_error.obj
 0001:0001aacc       _handle_nanf               000000018001bacc f   libucrt:libm_error.obj
 0001:0001aadc       _towlower_l                000000018001badc f   libucrt:towlower.obj
 0001:0001ac70       qsort                      000000018001bc70 f   libucrt:qsort.obj
 0001:0001afa4       strpbrk                    000000018001bfa4 f   libucrt:strpbrk.obj
 0001:0001b044       _mbsdec                    000000018001c044 f   libucrt:mbsdec.obj
 0001:0001b04c       _mbsdec_l                  000000018001c04c f   libucrt:mbsdec.obj
 0001:0001b0fc       _msize                     000000018001c0fc f   libucrt:msize.obj
 0001:0001b260       _itow_s                    000000018001c260 f   libucrt:xtoa.obj
 0001:0001b280       _wcsnicmp                  000000018001c280 f   libucrt:wcsnicmp.obj
 0001:0001b31c       _wcsnicmp_l                000000018001c31c f   libucrt:wcsnicmp.obj
 0001:0001b434       wcscmp                     000000018001c434 f   libucrt:wcscmp.obj
 0001:0001b46c       _query_app_type            000000018001c46c f   libucrt:report_runtime_error.obj
 0001:0001b474       __dcrt_lowio_initialize_console_output 000000018001c474 f   libucrt:initcon.obj
 0001:0001b4b0       __dcrt_terminate_console_output 000000018001c4b0 f   libucrt:initcon.obj
 0001:0001b4d0       log10                      000000018001c4d0 f   libucrt:log10.obj
 0001:0001ba7c       __acrt_LCMapStringW        000000018001ca7c f   libucrt:lcmapstringw.obj
 0001:0001bb10       _log10_special             000000018001cb10 f   libucrt:log_special.obj
 0001:0001bbc6       IsProcessorFeaturePresent  000000018001cbc6 f   kernel32:KERNEL32.dll
 0001:0001bbcc       RtlUnwindEx                000000018001cbcc f   kernel32:KERNEL32.dll
 0001:0001bbd4       ?DloadAcquireSectionWriteAccess@@YAXXZ 000000018001cbd4 f i DelayImp:delayhlp.obj
 0001:0001bc90       ?DloadGetSRWLockFunctionPointers@@YAEXZ 000000018001cc90 f i DelayImp:delayhlp.obj
 0001:0001bd2c       ?DloadMakePermanentImageCommit@@YAXPEAX_K@Z 000000018001cd2c f i DelayImp:delayhlp.obj
 0001:0001bdc4       ?DloadObtainSection@@YAPEAXPEAK0@Z 000000018001cdc4 f i DelayImp:delayhlp.obj
 0001:0001be5c       ?DloadProtectSection@@YAXKPEAK@Z 000000018001ce5c f i DelayImp:delayhlp.obj
 0001:0001beec       ?DloadReleaseSectionWriteAccess@@YAXXZ 000000018001ceec f i DelayImp:delayhlp.obj
 0001:0001bf90       __delayLoadHelper2         000000018001cf90 f   DelayImp:delayhlp.obj
 0001:0001c290       _FindPESection             000000018001d290 f   LIBCMT:pesect.obj
 0001:0001c2e0       _IsNonwritableInCurrentImage 000000018001d2e0 f   LIBCMT:pesect.obj
 0001:0001c330       _ValidateImageBase         000000018001d330 f   LIBCMT:pesect.obj
 0001:0001c360       wcschr                     000000018001d360 f   libvcruntime:wcschr.obj
 0001:0001c410       _guard_dispatch_icall_nop  000000018001d410 f   LIBCMT:_guard_dispatch_.obj
 0001:0001c980       ??__F_Static@?1???$_Immortalize@V_Iostream_error_category@std@@@std@@YAAEAV_Iostream_error_category@0@XZ@YAXXZ 000000018001d980 f i web.obj
 0002:00000000       __imp_GetModuleHandleA     000000018001e000     kernel32:KERNEL32.dll
 0002:00000008       __imp_WideCharToMultiByte  000000018001e008     kernel32:KERNEL32.dll
 0002:00000010       __imp_EncodePointer        000000018001e010     kernel32:KERNEL32.dll
 0002:00000018       __imp_DecodePointer        000000018001e018     kernel32:KERNEL32.dll
 0002:00000020       __imp_EnterCriticalSection 000000018001e020     kernel32:KERNEL32.dll
 0002:00000028       __imp_LeaveCriticalSection 000000018001e028     kernel32:KERNEL32.dll
 0002:00000030       __imp_DeleteCriticalSection 000000018001e030     kernel32:KERNEL32.dll
 0002:00000038       __imp_MultiByteToWideChar  000000018001e038     kernel32:KERNEL32.dll
 0002:00000040       __imp_SetLastError         000000018001e040     kernel32:KERNEL32.dll
 0002:00000048       __imp_InitializeCriticalSectionAndSpinCount 000000018001e048     kernel32:KERNEL32.dll
 0002:00000050       __imp_CreateEventW         000000018001e050     kernel32:KERNEL32.dll
 0002:00000058       __imp_TlsAlloc             000000018001e058     kernel32:KERNEL32.dll
 0002:00000060       __imp_TlsGetValue          000000018001e060     kernel32:KERNEL32.dll
 0002:00000068       __imp_TlsSetValue          000000018001e068     kernel32:KERNEL32.dll
 0002:00000070       __imp_TlsFree              000000018001e070     kernel32:KERNEL32.dll
 0002:00000078       __imp_GetSystemTimeAsFileTime 000000018001e078     kernel32:KERNEL32.dll
 0002:00000080       __imp_GetModuleHandleW     000000018001e080     kernel32:KERNEL32.dll
 0002:00000088       __imp_GetProcAddress       000000018001e088     kernel32:KERNEL32.dll
 0002:00000090       __imp_LCMapStringW         000000018001e090     kernel32:KERNEL32.dll
 0002:00000098       __imp_GetLocaleInfoW       000000018001e098     kernel32:KERNEL32.dll
 0002:000000a0       __imp_GetStringTypeW       000000018001e0a0     kernel32:KERNEL32.dll
 0002:000000a8       __imp_GetCPInfo            000000018001e0a8     kernel32:KERNEL32.dll
 0002:000000b0       __imp_CloseHandle          000000018001e0b0     kernel32:KERNEL32.dll
 0002:000000b8       __imp_SetEvent             000000018001e0b8     kernel32:KERNEL32.dll
 0002:000000c0       __imp_ResetEvent           000000018001e0c0     kernel32:KERNEL32.dll
 0002:000000c8       __imp_WaitForSingleObjectEx 000000018001e0c8     kernel32:KERNEL32.dll
 0002:000000d0       __imp_RtlCaptureContext    000000018001e0d0     kernel32:KERNEL32.dll
 0002:000000d8       __imp_RtlLookupFunctionEntry 000000018001e0d8     kernel32:KERNEL32.dll
 0002:000000e0       __imp_RtlVirtualUnwind     000000018001e0e0     kernel32:KERNEL32.dll
 0002:000000e8       __imp_UnhandledExceptionFilter 000000018001e0e8     kernel32:KERNEL32.dll
 0002:000000f0       __imp_SetUnhandledExceptionFilter 000000018001e0f0     kernel32:KERNEL32.dll
 0002:000000f8       __imp_GetCurrentProcess    000000018001e0f8     kernel32:KERNEL32.dll
 0002:00000100       __imp_TerminateProcess     000000018001e100     kernel32:KERNEL32.dll
 0002:00000108       __imp_IsProcessorFeaturePresent 000000018001e108     kernel32:KERNEL32.dll
 0002:00000110       __imp_IsDebuggerPresent    000000018001e110     kernel32:KERNEL32.dll
 0002:00000118       __imp_GetStartupInfoW      000000018001e118     kernel32:KERNEL32.dll
 0002:00000120       __imp_QueryPerformanceCounter 000000018001e120     kernel32:KERNEL32.dll
 0002:00000128       __imp_GetCurrentProcessId  000000018001e128     kernel32:KERNEL32.dll
 0002:00000130       __imp_GetCurrentThreadId   000000018001e130     kernel32:KERNEL32.dll
 0002:00000138       __imp_InitializeSListHead  000000018001e138     kernel32:KERNEL32.dll
 0002:00000140       __imp_RtlPcToFileHeader    000000018001e140     kernel32:KERNEL32.dll
 0002:00000148       __imp_RaiseException       000000018001e148     kernel32:KERNEL32.dll
 0002:00000150       __imp_RtlUnwindEx          000000018001e150     kernel32:KERNEL32.dll
 0002:00000158       __imp_GetLastError         000000018001e158     kernel32:KERNEL32.dll
 0002:00000160       __imp_FreeLibrary          000000018001e160     kernel32:KERNEL32.dll
 0002:00000168       __imp_LoadLibraryExW       000000018001e168     kernel32:KERNEL32.dll
 0002:00000170       __imp_InterlockedFlushSList 000000018001e170     kernel32:KERNEL32.dll
 0002:00000178       __imp_HeapAlloc            000000018001e178     kernel32:KERNEL32.dll
 0002:00000180       __imp_HeapFree             000000018001e180     kernel32:KERNEL32.dll
 0002:00000188       __imp_HeapReAlloc          000000018001e188     kernel32:KERNEL32.dll
 0002:00000190       __imp_ExitProcess          000000018001e190     kernel32:KERNEL32.dll
 0002:00000198       __imp_GetModuleHandleExW   000000018001e198     kernel32:KERNEL32.dll
 0002:000001a0       __imp_GetModuleFileNameA   000000018001e1a0     kernel32:KERNEL32.dll
 0002:000001a8       __imp_GetACP               000000018001e1a8     kernel32:KERNEL32.dll
 0002:000001b0       __imp_IsValidLocale        000000018001e1b0     kernel32:KERNEL32.dll
 0002:000001b8       __imp_GetUserDefaultLCID   000000018001e1b8     kernel32:KERNEL32.dll
 0002:000001c0       __imp_EnumSystemLocalesW   000000018001e1c0     kernel32:KERNEL32.dll
 0002:000001c8       __imp_GetStdHandle         000000018001e1c8     kernel32:KERNEL32.dll
 0002:000001d0       __imp_GetFileType          000000018001e1d0     kernel32:KERNEL32.dll
 0002:000001d8       __imp_FlushFileBuffers     000000018001e1d8     kernel32:KERNEL32.dll
 0002:000001e0       __imp_WriteFile            000000018001e1e0     kernel32:KERNEL32.dll
 0002:000001e8       __imp_GetConsoleCP         000000018001e1e8     kernel32:KERNEL32.dll
 0002:000001f0       __imp_GetConsoleMode       000000018001e1f0     kernel32:KERNEL32.dll
 0002:000001f8       __imp_ReadFile             000000018001e1f8     kernel32:KERNEL32.dll
 0002:00000200       __imp_SetFilePointerEx     000000018001e200     kernel32:KERNEL32.dll
 0002:00000208       __imp_GetProcessHeap       000000018001e208     kernel32:KERNEL32.dll
 0002:00000210       __imp_FindClose            000000018001e210     kernel32:KERNEL32.dll
 0002:00000218       __imp_FindFirstFileExA     000000018001e218     kernel32:KERNEL32.dll
 0002:00000220       __imp_FindNextFileA        000000018001e220     kernel32:KERNEL32.dll
 0002:00000228       __imp_IsValidCodePage      000000018001e228     kernel32:KERNEL32.dll
 0002:00000230       __imp_GetOEMCP             000000018001e230     kernel32:KERNEL32.dll
 0002:00000238       __imp_GetCommandLineA      000000018001e238     kernel32:KERNEL32.dll
 0002:00000240       __imp_GetCommandLineW      000000018001e240     kernel32:KERNEL32.dll
 0002:00000248       __imp_GetEnvironmentStringsW 000000018001e248     kernel32:KERNEL32.dll
 0002:00000250       __imp_FreeEnvironmentStringsW 000000018001e250     kernel32:KERNEL32.dll
 0002:00000258       __imp_SetStdHandle         000000018001e258     kernel32:KERNEL32.dll
 0002:00000260       __imp_WriteConsoleW        000000018001e260     kernel32:KERNEL32.dll
 0002:00000268       __imp_ReadConsoleW         000000018001e268     kernel32:KERNEL32.dll
 0002:00000270       __imp_HeapSize             000000018001e270     kernel32:KERNEL32.dll
 0002:00000278       __imp_CreateFileW          000000018001e278     kernel32:KERNEL32.dll
 0002:00000280       __imp_GetSystemInfo        000000018001e280     kernel32:KERNEL32.dll
 0002:00000288       __imp_VirtualProtect       000000018001e288     kernel32:KERNEL32.dll
 0002:00000290       __imp_VirtualQuery         000000018001e290     kernel32:KERNEL32.dll
 0002:00000298       __imp_LoadLibraryExA       000000018001e298     kernel32:KERNEL32.dll
 0002:000002a0       \177KERNEL32_NULL_THUNK_DATA 000000018001e2a0     kernel32:KERNEL32.dll
 0002:000002a8       __guard_check_icall_fptr   000000018001e2a8     LIBCMT:guard_support.obj
 0002:000002b0       __guard_dispatch_icall_fptr 000000018001e2b0     LIBCMT:guard_support.obj
 0002:000002b8       __xc_a                     000000018001e2b8     LIBCMT:initializers.obj
 0002:00000308       _register_demo1_           000000018001e308     web.obj
 0002:00000310       __xc_z                     000000018001e310     LIBCMT:initializers.obj
 0002:00000318       __xi_a                     000000018001e318     LIBCMT:initializers.obj
 0002:00000330       __acrt_stdio_initializer   000000018001e330     libucrt:stdio_initializer.obj
 0002:00000338       __acrt_tran_fma3_initializer 000000018001e338     libucrt:fma3_initializer.obj
 0002:00000340       __acrt_timeset_initializer 000000018001e340     libucrt:timeset_initializer.obj
 0002:00000348       __acrt_multibyte_initializer 000000018001e348     libucrt:multibyte_initializer.obj
 0002:00000350       __xi_z                     000000018001e350     LIBCMT:initializers.obj
 0002:00000358       __xl_a                     000000018001e358     LIBCMT:tlssup.obj
 0002:00000360       __xl_z                     000000018001e360     LIBCMT:tlssup.obj
 0002:00000368       __xp_a                     000000018001e368     LIBCMT:initializers.obj
 0002:00000370       __acrt_locale_terminator   000000018001e370     libucrt:locale_initializer.obj
[...]
 0004:000018e4       $pdata$strpbrk             00000001800368e4     libucrt:strpbrk.obj
 0004:000018f0       $pdata$_mbsdec_l           00000001800368f0     libucrt:mbsdec.obj
 0004:000018fc       $pdata$?initialize_multibyte@@YAHXZ 00000001800368fc     libucrt:multibyte_initializer.obj
 0004:00001908       $pdata$_msize              0000000180036908     libucrt:msize.obj
 0004:00001914       $pdata$??$common_xtox@K_W@@YAHKQEA_W_KI_N@Z 0000000180036914     libucrt:xtoa.obj
 0004:00001920       $pdata$??$common_xtox_s@K_W@@YAHKQEA_W_KI_N@Z 0000000180036920     libucrt:xtoa.obj
 0004:0000192c       $pdata$_itow_s             000000018003692c     libucrt:xtoa.obj
 0004:00001938       $pdata$_wcsnicmp           0000000180036938     libucrt:wcsnicmp.obj
 0004:00001944       $pdata$_wcsnicmp_l         0000000180036944     libucrt:wcsnicmp.obj
 0004:00001950       $pdata$__dcrt_lowio_initialize_console_output 0000000180036950     libucrt:initcon.obj
 0004:0000195c       $pdata$__dcrt_terminate_console_output 000000018003695c     libucrt:initcon.obj
 0004:00001974       $pdata$__acrt_LCMapStringW 0000000180036974     libucrt:lcmapstringw.obj
 0004:00001980       $pdata$_log10_special      0000000180036980     libucrt:log_special.obj
 0004:0000198c       $pdata$_log_special_common 000000018003698c     libucrt:log_special.obj
 0004:00001998       $pdata$?DloadAcquireSectionWriteAccess@@YAXXZ 0000000180036998     DelayImp:delayhlp.obj
 0004:000019a4       $pdata$?DloadGetSRWLockFunctionPointers@@YAEXZ 00000001800369a4     DelayImp:delayhlp.obj
 0004:000019b0       $pdata$?DloadMakePermanentImageCommit@@YAXPEAX_K@Z 00000001800369b0     DelayImp:delayhlp.obj
 0004:000019bc       $pdata$?DloadObtainSection@@YAPEAXPEAK0@Z 00000001800369bc     DelayImp:delayhlp.obj
 0004:000019c8       $pdata$?DloadProtectSection@@YAXKPEAK@Z 00000001800369c8     DelayImp:delayhlp.obj
 0004:000019d4       $pdata$?DloadReleaseSectionWriteAccess@@YAXXZ 00000001800369d4     DelayImp:delayhlp.obj
 0004:000019e0       $pdata$__delayLoadHelper2  00000001800369e0     DelayImp:delayhlp.obj
 0004:000019ec       $pdata$_IsNonwritableInCurrentImage 00000001800369ec     LIBCMT:pesect.obj
 0004:000019f8       $pdata$wcschr              00000001800369f8     libvcruntime:wcschr.obj
 0004:00001a10       $pdata$?dtor$0@?0???0?$basic_ostream@DU?$char_traits@D@std@@@std@@QEAA@PEAV?$basic_streambuf@DU?$char_traits@D@std@@@1@_N@Z@4HA 0000000180036a10     libcpmt:cout.obj
 0004:00001a1c       $pdata$?dtor$0@?0??_Getcat@?$codecvt@DDU_Mbstatet@@@std@@SA_KPEAPEBVfacet@locale@2@PEBV42@@Z@4HA 0000000180036a1c     libcpmt:cout.obj
 0004:00001a28       $pdata$?dtor$0@?0??_Getcat@?$ctype@D@std@@SA_KPEAPEBVfacet@locale@2@PEBV42@@Z@4HA 0000000180036a28     libcpmt:cout.obj
 0004:00001a34       $pdata$__scrt_is_nonwritable_in_current_image$filt$0 0000000180036a34     LIBCMT:utility.obj
 0004:00001a40       $pdata$?fin$0@?0??dllmain_crt_process_attach@@YAHQEAUHINSTANCE__@@QEAX@Z@4HA 0000000180036a40     LIBCMT:dll_dllmain.obj
 0004:00001a4c       $pdata$?fin$0@?0??dllmain_crt_process_detach@@YAH_N@Z@4HA 0000000180036a4c     LIBCMT:dll_dllmain.obj
 0004:00001a58       $pdata$?filt$0@?0??dllmain_dispatch@@YAHQEAUHINSTANCE__@@KQEAX@Z@4HA 0000000180036a58     LIBCMT:dll_dllmain.obj
 0004:00001a64       $pdata$__CxxCallCatchBlock$filt$0 0000000180036a64     libvcruntime:frame.obj
 0004:00001a70       $pdata$__CxxCallCatchBlock$fin$1 0000000180036a70     libvcruntime:frame.obj
 0004:00001a7c       $pdata$__DestructExceptionObject$filt$0 0000000180036a7c     libvcruntime:frame.obj
 0004:00001a88       $pdata$__FrameUnwindToState$filt$0 0000000180036a88     libvcruntime:frame.obj
 0004:00001a94       $pdata$__FrameUnwindToState$fin$1 0000000180036a94     libvcruntime:frame.obj
 0004:00001aa0       $pdata$_CallSETranslator$filt$0 0000000180036aa0     libvcruntime:trnsctrl.obj
 0004:00001aac       $pdata$common_flush_all$fin$0 0000000180036aac     libucrt:fflush.obj
 0004:00001ab8       $pdata$common_flush_all$fin$1 0000000180036ab8     libucrt:fflush.obj
 0004:00001ac4       $pdata$fclose$fin$0        0000000180036ac4     libucrt:fclose.obj
 0004:00001ac4       $pdata$fflush$fin$0        0000000180036ac4     libucrt:fflush.obj
 0004:00001ad0       $pdata$fgetc$fin$0         0000000180036ad0     libucrt:fgetc.obj
 0004:00001adc       $pdata$fputc$fin$0         0000000180036adc     libucrt:fputc.obj
 0004:00001ae8       $pdata$?fin$0@?0???$?RV<lambda_5d4c3fee44080f75d5d9762853974fe0>@@AEAV<lambda_532e024f4337e6fc7ad266c2bef9f4ed>@@V<lambda_c87bdc10097eb2402edb8ba9bdf0697b>@@@?$__crt_seh_guarded_call@_K@@QEAA_K$$QEAV<lambda_5d4c3fee44080f75d5d9762853974fe0>@@AEAV<lambda_532e024f4337e6fc7ad266c2bef9f4ed>@@$$QEAV<lambda_c87bdc10097eb2402edb8ba9bdf0697b>@@@Z@4HA 0000000180036ae8     libucrt:fwrite.obj
 0004:00001ae8       $pdata$?fin$0@?0???$?RV<lambda_7a5ef57ff966f610505f1d28a3d40618>@@AEAV<lambda_b721fa326cdb32351d23dfa67958c160>@@V<lambda_5e0fb27672408a07956fe59e48ccb2aa>@@@?$__crt_seh_guarded_call@H@@QEAAH$$QEAV<lambda_7a5ef57ff966f610505f1d28a3d40618>@@AEAV<lambda_b721fa326cdb32351d23dfa67958c160>@@$$QEAV<lambda_5e0fb27672408a07956fe59e48ccb2aa>@@@Z@4HA 0000000180036ae8     libucrt:setvbuf.obj
 0004:00001af4       $pdata$ungetc$fin$0        0000000180036af4     libucrt:ungetc.obj
 0004:00001b00       $pdata$setlocale$fin$0     0000000180036b00     libucrt:setlocale.obj
 0004:00001b0c       $pdata$_query_new_handler$fin$0 0000000180036b0c     libucrt:new_handler.obj
 0004:00001b18       $pdata$?filt$0@?0??common_exit@@YAXHW4_crt_exit_cleanup_mode@@W4_crt_exit_return_mode@@@Z@4HA 0000000180036b18     libucrt:exit.obj
 0004:00001b24       $pdata$?fin$1@?0??common_exit@@YAXHW4_crt_exit_cleanup_mode@@W4_crt_exit_return_mode@@@Z@4HA 0000000180036b24     libucrt:exit.obj
 0004:00001b30       $pdata$?fin$0@?0???$?RV<lambda_e24bbb7b643b32fcea6fa61b31d4c984>@@AEAV<lambda_275893d493268fdec8709772e3fcec0e>@@V<lambda_9d71df4d7cf3f480f8d633942495c3b0>@@@?$__crt_seh_guarded_call@H@@QEAAH$$QEAV<lambda_e24bbb7b643b32fcea6fa61b31d4c984>@@AEAV<lambda_275893d493268fdec8709772e3fcec0e>@@$$QEAV<lambda_9d71df4d7cf3f480f8d633942495c3b0>@@@Z@4HA 0000000180036b30     libucrt:onexit.obj
 0004:00001b3c       $pdata$?fin$0@?0???$?RV<lambda_72d1df2b273a38828b1ce30cbf4cdab5>@@AEAV<lambda_876a65b173b8412d3a47c70a915b0cf4>@@V<lambda_41932305e351933ebe8f8be3ed8bb5dc>@@@?$__crt_seh_guarded_call@X@@QEAAX$$QEAV<lambda_72d1df2b273a38828b1ce30cbf4cdab5>@@AEAV<lambda_876a65b173b8412d3a47c70a915b0cf4>@@$$QEAV<lambda_41932305e351933ebe8f8be3ed8bb5dc>@@@Z@4HA 0000000180036b3c     libucrt:per_thread_data.obj
 0004:00001b3c       $pdata$?fin$0@?0???$?RV<lambda_b8c45f8f788dd370798f47cfe8ac3a86>@@AEAV<lambda_4e60a939b0d047cfe11ddc22648dfba9>@@V<lambda_332c3edc96d0294ec56c57d38c1cdfd5>@@@?$__crt_seh_guarded_call@H@@QEAAH$$QEAV<lambda_b8c45f8f788dd370798f47cfe8ac3a86>@@AEAV<lambda_4e60a939b0d047cfe11ddc22648dfba9>@@$$QEAV<lambda_332c3edc96d0294ec56c57d38c1cdfd5>@@@Z@4HA 0000000180036b3c     libucrt:onexit.obj
 0004:00001b3c       $pdata$?fin$0@?0???$?RV<lambda_d67e8342c384adda8f857579ab50b2ae>@@AEAV<lambda_30712929f77e709619002f448b6a9510>@@V<lambda_4525336fd7e478d965fb7ca7a337cad8>@@@?$__crt_seh_guarded_call@X@@QEAAX$$QEAV<lambda_d67e8342c384adda8f857579ab50b2ae>@@AEAV<lambda_30712929f77e709619002f448b6a9510>@@$$QEAV<lambda_4525336fd7e478d965fb7ca7a337cad8>@@@Z@4HA 0000000180036b3c     libucrt:wsetlocale.obj
 0004:00001b3c       $pdata$?fin$0@?0???$?RV<lambda_fb3a7dec4e47f37f22dae91bb15c9095>@@AEAV<lambda_698284760c8add0bfb0756c19673e34b>@@V<lambda_dfb8eca1e75fef3034a8fb18dd509707>@@@?$__crt_seh_guarded_call@X@@QEAAX$$QEAV<lambda_fb3a7dec4e47f37f22dae91bb15c9095>@@AEAV<lambda_698284760c8add0bfb0756c19673e34b>@@$$QEAV<lambda_dfb8eca1e75fef3034a8fb18dd509707>@@@Z@4HA 0000000180036b3c     libucrt:per_thread_data.obj
 0004:00001b3c       $pdata$?fin$0@?0???$?RV<lambda_46352004c1216016012b18bd6f87e700>@@AEAV<lambda_3bd07e1a1191394380780325891bf33f>@@V<lambda_334532d3f185bcaa59b5be82d7d22bff>@@@?$__crt_seh_guarded_call@X@@QEAAX$$QEAV<lambda_46352004c1216016012b18bd6f87e700>@@AEAV<lambda_3bd07e1a1191394380780325891bf33f>@@$$QEAV<lambda_334532d3f185bcaa59b5be82d7d22bff>@@@Z@4HA 0000000180036b3c     libucrt:per_thread_data.obj
 0004:00001b3c       $pdata$?fin$0@?0???$?RV<lambda_5e887d1dcbef67a5eb4283622ba103bf>@@AEAV<lambda_4466841279450cc726390878d4a41900>@@V<lambda_341c25c0346d94847f1f3c463c57e077>@@@?$__crt_seh_guarded_call@X@@QEAAX$$QEAV<lambda_5e887d1dcbef67a5eb4283622ba103bf>@@AEAV<lambda_4466841279450cc726390878d4a41900>@@$$QEAV<lambda_341c25c0346d94847f1f3c463c57e077>@@@Z@4HA 0000000180036b3c     libucrt:per_thread_data.obj
 0004:00001b3c       $pdata$?fin$0@?0???$?RV<lambda_99476a1ad63dd22509b5d3e65b0ffc95>@@AEAV<lambda_ad1ced32f4ac17aa236e5ef05d6b3b7c>@@V<lambda_f7424dd8d45958661754dc4f2697e9c3>@@@?$__crt_seh_guarded_call@X@@QEAAX$$QEAV<lambda_99476a1ad63dd22509b5d3e65b0ffc95>@@AEAV<lambda_ad1ced32f4ac17aa236e5ef05d6b3b7c>@@$$QEAV<lambda_f7424dd8d45958661754dc4f2697e9c3>@@@Z@4HA 0000000180036b3c     libucrt:mbctype.obj
 0004:00001b3c       $pdata$?fin$0@?0???$?RV<lambda_c36588078e9f5dfd39652860aa6b3aaf>@@AEAV<lambda_ec61778202f4f5fc7e7711acc23c3bca>@@V<lambda_dc9d2797ccde5d239b4a0efae8ebd7db>@@@?$__crt_seh_guarded_call@P6AXH@Z@@QEAAP6AXH@Z$$QEAV<lambda_c36588078e9f5dfd39652860aa6b3aaf>@@AEAV<lambda_ec61778202f4f5fc7e7711acc23c3bca>@@$$QEAV<lambda_dc9d2797ccde5d239b4a0efae8ebd7db>@@@Z@4HA 0000000180036b3c     libucrt:signal.obj
 0004:00001b3c       $pdata$?fin$0@?0???$?RV<lambda_630b2aca97f6d20d5b5ea6529ea6b6af>@@AEAV<lambda_af91936f1d075d609f72d9d8cba980af>@@V<lambda_e82fa975f615b5c7c7b0e4d178fdae67>@@@?$__crt_seh_guarded_call@H@@QEAAH$$QEAV<lambda_630b2aca97f6d20d5b5ea6529ea6b6af>@@AEAV<lambda_af91936f1d075d609f72d9d8cba980af>@@$$QEAV<lambda_e82fa975f615b5c7c7b0e4d178fdae67>@@@Z@4HA 0000000180036b3c     libucrt:winapi_thunks.obj
 0004:00001b48       $pdata$?fin$0@?0???$?RV<lambda_5df02c53a8f32f81fd64e5bbb78039f1>@@AEAV<lambda_2af78c5f5901b1372d98f9ab3177dfa6>@@AEAV<lambda_f51fe5fd7c79a33db34fc9310f277369>@@@?$__crt_seh_guarded_call@X@@QEAAX$$QEAV<lambda_5df02c53a8f32f81fd64e5bbb78039f1>@@AEAV<lambda_2af78c5f5901b1372d98f9ab3177dfa6>@@AEAV<lambda_f51fe5fd7c79a33db34fc9310f277369>@@@Z@4HA 0000000180036b48     libucrt:wsetlocale.obj
 0004:00001b54       $pdata$__acrt_uninitialize_locale$fin$0 0000000180036b54     libucrt:wsetlocale.obj
 0004:00001b54       $pdata$__acrt_update_thread_locale_data$fin$0 0000000180036b54     libucrt:locale_refcounting.obj
 0004:00001b60       $pdata$_fcloseall$fin$0    0000000180036b60     libucrt:closeall.obj
 0004:00001b6c       $pdata$__acrt_initialize_lowio$fin$0 0000000180036b6c     libucrt:ioinit.obj
 0004:00001b6c       $pdata$__acrt_lowio_ensure_fh_exists$fin$0 0000000180036b6c     libucrt:osfinfo.obj
 0004:00001b78       $pdata$?fin$0@?0???$?RV<lambda_bfedae4ebbf01fab1bb6dcc6a9e276e0>@@AEAV<lambda_2fe9b910cf3cbf4a0ab98a02ba45b3ec>@@V<lambda_237c231691f317818eb88cc1d5d642d6>@@@?$__crt_seh_guarded_call@H@@QEAAH$$QEAV<lambda_bfedae4ebbf01fab1bb6dcc6a9e276e0>@@AEAV<lambda_2fe9b910cf3cbf4a0ab98a02ba45b3ec>@@$$QEAV<lambda_237c231691f317818eb88cc1d5d642d6>@@@Z@4HA 0000000180036b78     libucrt:close.obj
 0004:00001b78       $pdata$?fin$0@?0???$?RV<lambda_b521505b218e5242e90febf6bfebc422>@@AEAV<lambda_6978c1fb23f02e42e1d9e99668cc68aa>@@V<lambda_314360699dd331753a4119843814e9a7>@@@?$__crt_seh_guarded_call@H@@QEAAH$$QEAV<lambda_b521505b218e5242e90febf6bfebc422>@@AEAV<lambda_6978c1fb23f02e42e1d9e99668cc68aa>@@$$QEAV<lambda_314360699dd331753a4119843814e9a7>@@@Z@4HA 0000000180036b78     libucrt:commit.obj
 0004:00001b84       $pdata$_read$fin$0         0000000180036b84     libucrt:read.obj
 0004:00001b84       $pdata$_write$fin$0        0000000180036b84     libucrt:write.obj
 0004:00001b84       $pdata$?fin$0@?0???$common_lseek@_J@@YA_JH_JH@Z@4HA 0000000180036b84     libucrt:lseek.obj
 0004:00001b90       $pdata$?fin$0@?0??common_fseek@@YAHV__crt_stdio_stream@@_JH@Z@4HA 0000000180036b90     libucrt:fseek.obj
 0004:00001b90       $pdata$?fin$0@?0???$common_ftell@_J@@YA_JV__crt_stdio_stream@@@Z@4HA 0000000180036b90     libucrt:ftell.obj
 0004:00001b9c       $pdata$raise$fin$0         0000000180036b9c     libucrt:signal.obj
 0004:00001ba8       $pdata$_ctrlfp$filt$0      0000000180036ba8     libucrt:fpctrl.obj
 0004:00001bb4       $pdata$__acrt_update_thread_multibyte_data$fin$0 0000000180036bb4     libucrt:mbctype.obj
 0004:00001bc0       $pdata$_IsNonwritableInCurrentImage$filt$0 0000000180036bc0     LIBCMT:pesect.obj
 0004:00001bcc       $pdata$??__Fcout@std@@YAXXZ 0000000180036bcc     libcpmt:cout.obj
 0004:00001bd8       $pdata$??__F_Fac_tidy_reg@std@@YAXXZ 0000000180036bd8     libcpmt:locale0.obj
 0004:00001be4       $pdata$??__Fclassic_locale@std@@YAXXZ 0000000180036be4     libcpmt:locale0.obj
 0004:00001bf0       $pdata$??__Finit_atexit@@YAXXZ 0000000180036bf0     libcpmt:iosptrs.obj
 0005:00000000       __guard_fids__             0000000180037000     libucrt:initialization.obj
 0005:00000060       __guard_fids___acrt_initialize_ptd 0000000180037060     libucrt:per_thread_data.obj
 0005:00000064       __guard_fids__             0000000180037064     libucrt:wsetlocale.obj
 0005:0000007c       __guard_fids__             000000018003707c     libucrt:stdio_initializer.obj
 0005:00000080       __guard_fids__             0000000180037080     libucrt:stdio_initializer.obj
 0005:00000084       __guard_fids_??$?RV<lambda_630b2aca97f6d20d5b5ea6529ea6b6af>@@AEAV<lambda_af91936f1d075d609f72d9d8cba980af>@@V<lambda_e82fa975f615b5c7c7b0e4d178fdae67>@@@?$__crt_seh_guarded_call@H@@QEAAH$$QEAV<lambda_630b2aca97f6d20d5b5ea6529ea6b6af>@@AEAV<lambda_af91936f1d075d609f72d9d8cba980af>@@$$QEAV<lambda_e82fa975f615b5c7c7b0e4d178fdae67>@@@Z 0000000180037084     libucrt:winapi_thunks.obj
 0005:00000088       __guard_fids_??$expand_argument_wildcards@D@@YAHQEAD0AEAV?$argument_list@D@?A0xca0879c4@@@Z 0000000180037088     libucrt:argv_wildcards.obj
 0005:0000008c       __guard_fids__             000000018003708c     libucrt:locale_initializer.obj
 0005:00000090       __guard_fids_GetLocaleNameFromLangCountry 0000000180037090     libucrt:get_qualified_locale.obj
 0005:00000094       __guard_fids_GetLocaleNameFromLanguage 0000000180037094     libucrt:get_qualified_locale.obj
 0005:00000098       __guard_fids___acrt_get_qualified_locale_downlevel 0000000180037098     libucrt:getqloc_downlevel.obj
 0005:0000009c       __guard_fids_GetLcidFromLangCountry 000000018003709c     libucrt:getqloc_downlevel.obj
 0005:000000a0       __guard_fids_GetLcidFromLanguage 00000001800370a0     libucrt:getqloc_downlevel.obj
 0005:000000a4       __guard_fids__             00000001800370a4     libucrt:fma3_initializer.obj
 0005:000000a8       __guard_fids__             00000001800370a8     libucrt:timeset_initializer.obj
 0005:000000ac       __guard_fids__             00000001800370ac     libucrt:multibyte_initializer.obj
 0005:000000b0       __guard_fids__             00000001800370b0     libucrt:console_output_initializer.obj
 0005:000000b4       __guard_fids_??__Einitlocks@@YAXXZ 00000001800370b4     libcpmt:cout.obj
 0005:000000b8       __guard_fids_??__Efout@std@@YAXXZ 00000001800370b8     libcpmt:cout.obj
 0005:000000bc       __guard_fids_??__Ecout@std@@YAXXZ 00000001800370bc     libcpmt:cout.obj
 0005:000000c0       __guard_fids__             00000001800370c0     libcpmt:cout.obj
 0005:000000c8       __guard_fids__             00000001800370c8     libcpmt:cout.obj
 0005:000000d0       __guard_fids__             00000001800370d0     libcpmt:cout.obj
 0005:000000d8       __guard_fids__             00000001800370d8     libcpmt:cout.obj
 0005:000000e4       __guard_fids__             00000001800370e4     libcpmt:cout.obj
 0005:00000110       __guard_fids__             0000000180037110     libcpmt:cout.obj
 0005:00000128       __guard_fids__             0000000180037128     libcpmt:cout.obj
 0005:00000130       __guard_fids__             0000000180037130     libcpmt:cout.obj
 0005:00000148       __guard_fids__             0000000180037148     libcpmt:cout.obj
 0005:00000150       __guard_fids__             0000000180037150     libcpmt:cout.obj
 0005:00000154       __guard_fids__             0000000180037154     libcpmt:cout.obj
 0005:00000190       __guard_fids__             0000000180037190     libcpmt:cout.obj
 0005:000001cc       __guard_fids__             00000001800371cc     libcpmt:cout.obj
 0005:000001d0       __guard_fids__             00000001800371d0     libcpmt:cout.obj
 0005:000001d4       __guard_fids__             00000001800371d4     libcpmt:cout.obj
 0005:000001fc       __guard_fids__             00000001800371fc     libcpmt:cout.obj
 0005:00000200       __guard_fids__             0000000180037200     libcpmt:cout.obj
 0005:00000204       __guard_fids__             0000000180037204     libcpmt:cout.obj
 0005:00000208       __guard_fids__             0000000180037208     libcpmt:cout.obj
 0005:0000020c       __guard_fids__             000000018003720c     libcpmt:xthrow.obj
 0005:00000214       __guard_fids__             0000000180037214     libcpmt:xthrow.obj
 0005:0000021c       __guard_fids__             000000018003721c     libcpmt:xthrow.obj
 0005:00000224       __guard_fids__             0000000180037224     libcpmt:xthrow.obj
 0005:0000022c       __guard_fids_??__Einitlocks@std@@YAXXZ 000000018003722c     libcpmt:xlock.obj
 0005:00000230       __guard_fids__             0000000180037230     libcpmt:xlock.obj
 0005:00000234       __guard_fids_??__E_Fac_tidy_reg@std@@YAXXZ 0000000180037234     libcpmt:locale0.obj
 0005:00000238       __guard_fids_?_Setgloballocale@locale@std@@CAXPEAX@Z 0000000180037238     libcpmt:locale0.obj
 0005:0000023c       __guard_fids_??__Eclassic_locale@std@@YAXXZ 000000018003723c     libcpmt:locale0.obj
 0005:00000240       __guard_fids__             0000000180037240     libcpmt:locale0.obj
 0005:0000024c       __guard_fids__             000000018003724c     libcpmt:locale0.obj
 0005:00000250       __guard_fids__             0000000180037250     libcpmt:locale0.obj
 0005:00000254       __guard_fids_??__Einitlocks@std@@YAXXZ 0000000180037254     libcpmt:iosptrs.obj
 0005:00000258       __guard_fids_??__Einit_atexit@@YAXXZ 0000000180037258     libcpmt:iosptrs.obj
 0005:0000025c       __guard_fids__             000000018003725c     libcpmt:iosptrs.obj
 0005:00000260       __guard_fids__             0000000180037260     libcpmt:iosptrs.obj
 0005:00000264       __guard_fids__             0000000180037264     libcpmt:winapisupp.obj
 0005:00000268       __guard_fids__             0000000180037268     LIBCMT:thread_safe_statics.obj
 0005:0000026c       __guard_fids_?__scrt_initialize_thread_safe_statics@@YAHXZ 000000018003726c     LIBCMT:thread_safe_statics.obj
 0005:00000270       __guard_fids_?dllmain_crt_process_attach@@YAHQEAUHINSTANCE__@@QEAX@Z 0000000180037270     LIBCMT:dll_dllmain.obj
 0005:00000278       __guard_fids_?dllmain_dispatch@@YAHQEAUHINSTANCE__@@KQEAX@Z 0000000180037278     LIBCMT:dll_dllmain.obj
 0005:0000027c       __guard_fids__             000000018003727c     LIBCMT:std_type_info_static.obj
 0005:00000280       __guard_fids__             0000000180037280     LIBCMT:throw_bad_alloc.obj
 0005:00000288       __guard_fids__             0000000180037288     LIBCMT:guard_support.obj
 0005:0000028c       __guard_fids__             000000018003728c     libvcruntime:frame.obj
 0005:00000290       __guard_fids__             0000000180037290     libvcruntime:frame.obj
 0005:00000298       __guard_fids__UnwindNestedFrames 0000000180037298     libvcruntime:trnsctrl.obj
 0005:0000029c       __guard_fids___vcrt_initialize_ptd 000000018003729c     libvcruntime:per_thread_data.obj
 0007:00000060       $R000000                   0000000180039060     * linker generated manifest res *

 Exports

  ordinal    name

        1    _register_demo1_
